LOG STARTS : 430.160000000
Phase : 27 social average
434.380000000 : H 10.5073 6.901 1.52412
434.380000000 : LOG VEL_H 0.000000
434.380000000 : R 8.50148 8.2519 0.0129846
434.380000000 : LOG VEL_R 0.000000

434.440000000 : H 10.5073 6.901 1.52412
434.440000000 : LOG VEL_H 0.000000
434.440000000 : R 8.50148 8.2519 0.0129846
434.440000000 : LOG VEL_R 0.000000

434.480000000 : R 8.50148 8.2519 0.0129846
434.480000000 : LOG VEL_R 0.000000
434.480000000 : R 8.50148 8.2519 0.0129846
434.480000000 : LOG VEL_R 0.000000
434.480000000 : H 10.5073 6.901 1.52412
434.480000000 : LOG VEL_H 0.000000
434.480000000 : R 8.50148 8.2519 0.0129846
434.480000000 : LOG VEL_R 0.000000

434.500000000 : H 10.5073 6.901 1.52412
434.500000000 : LOG VEL_H 0.000000
434.500000000 : R 8.50148 8.2519 0.0129846
434.500000000 : LOG VEL_R 0.000000

434.560000000 : H 10.5073 6.901 1.52412
434.560000000 : LOG VEL_H 0.000000
434.560000000 : R 8.50148 8.2519 0.0129846
434.560000000 : LOG VEL_R 0.000000

434.580000000 : H 10.5073 6.901 1.52412
434.580000000 : LOG VEL_H 0.000000
434.580000000 : R 8.50148 8.2519 0.0129846
434.580000000 : LOG VEL_R 0.000000

434.580000000 : R 8.50148 8.2519 0.0129846
434.580000000 : LOG VEL_R 0.132827
434.640000000 : H 10.5073 6.901 1.52412
434.640000000 : LOG VEL_H 0.000000
434.640000000 : R 8.50148 8.2519 0.0129846
434.640000000 : LOG VEL_R 0.132827
434.640000 : HUMAN_MODEL C_DANGER -1.000000 
434.640000 : HUMAN_MODEL C_PASSBY -1.000000
434.680000000 : H 10.5073 6.901 1.52412
434.680000000 : LOG VEL_H 0.000000
434.680000000 : R 8.50148 8.2519 0.0129846
434.680000000 : LOG VEL_R 0.132827
434.680000 : HUMAN_MODEL C_DANGER -1.000000 
434.680000 : HUMAN_MODEL C_PASSBY -1.000000
434.720000000 : H 10.5073 6.901 1.52412
434.740000000 : LOG VEL_H 0.000000
434.740000000 : R 8.51472 8.2509 0.00637047
434.740000000 : LOG VEL_R 0.356108
434.740000 : HUMAN_MODEL C_DANGER -1.000000 
434.740000 : HUMAN_MODEL C_PASSBY 0.366217
434.780000000 : H 10.5073 6.901 1.42412
434.780000000 : LOG VEL_H 0.084211
434.780000000 : R 8.51472 8.2509 0.00637047
434.780000000 : LOG VEL_R 0.356108
434.780000 : HUMAN_MODEL C_DANGER -1.000000 
434.780000 : HUMAN_MODEL C_PASSBY 0.283791
434.780000000 : H 10.5073 6.901 1.42412
434.780000000 : LOG VEL_H 0.084211
434.780000000 : R 8.55033 8.25031 0.000447019
434.780000000 : LOG VEL_R 0.205050
434.780000 : HUMAN_MODEL C_DANGER -1.000000 
434.780000 : HUMAN_MODEL C_PASSBY -1.000000
434.800000000 : H 10.5089 6.90927 1.32412
434.800000000 : LOG VEL_H 0.084211
434.800000000 : R 8.55033 8.25031 0.000447019
434.800000000 : LOG VEL_R 0.205050
434.800000 : HUMAN_MODEL C_DANGER -1.000000 
434.800000 : HUMAN_MODEL C_PASSBY -1.000000
434.860000000 : H 10.5089 6.90927 1.32412
434.860000000 : LOG VEL_H 0.084211
434.860000000 : R 8.55033 8.25031 0.000447019
434.860000000 : LOG VEL_R 0.205050
434.860000 : HUMAN_MODEL C_DANGER -1.000000 
434.860000 : HUMAN_MODEL C_PASSBY -1.000000
434.880000000 : R 8.57082 8.24961 -0.00780266
434.880000000 : LOG VEL_R 0.276857
434.940000000 : H 10.5113 6.91735 1.22412
434.940000000 : LOG VEL_H 0.400000
434.940000000 : R 8.57082 8.24961 -0.00780266
434.940000000 : LOG VEL_R 0.276857
434.940000 : HUMAN_MODEL C_DANGER -1.000000 
434.940000 : HUMAN_MODEL C_PASSBY -1.000000
434.940000000 : R 8.57082 8.24961 -0.00780266
434.940000000 : LOG VEL_R 0.276857
434.980000000 : R 8.57082 8.24961 -0.00780266
434.980000000 : LOG VEL_R 0.276857
435.040000000 : H 10.5264 6.95438 1.12412
435.040000000 : LOG VEL_H 0.400000
435.040000000 : R 8.5985 8.24901 -0.0093271
435.040000000 : LOG VEL_R 0.276857
435.040000 : HUMAN_MODEL C_DANGER -1.000000 
435.040000 : HUMAN_MODEL C_PASSBY -1.000000
435.080000000 : R 8.5985 8.24901 -0.0093271
435.080000000 : LOG VEL_R 0.276857
435.080000000 : H 10.5264 6.95438 1.12412
435.080000000 : LOG VEL_H 0.400000
435.080000000 : R 8.62618 8.24837 -0.0108515
435.080000000 : LOG VEL_R 0.433296
435.080000 : HUMAN_MODEL C_DANGER -1.000000 
435.080000 : HUMAN_MODEL C_PASSBY -1.000000
435.100000000 : H 10.5451 6.98972 1.02412
435.100000000 : LOG VEL_H 0.294737
435.100000000 : R 8.62618 8.24837 -0.0108515
435.100000000 : LOG VEL_R 0.433296
435.100000 : HUMAN_MODEL C_DANGER -1.000000 
435.100000 : HUMAN_MODEL C_PASSBY -1.000000
435.160000000 : H 10.5451 6.98972 1.02412
435.160000000 : LOG VEL_H 0.294737
435.160000000 : R 8.62618 8.24837 -0.0108515
435.160000000 : LOG VEL_R 0.433296
435.160000 : HUMAN_MODEL C_DANGER -1.000000 
435.160000 : HUMAN_MODEL C_PASSBY -1.000000
435.180000000 : R 8.62618 8.24837 -0.0108515
435.180000000 : LOG VEL_R 0.433296
435.180000000 : H 10.5451 6.98972 1.02412
435.180000000 : LOG VEL_H 0.294737
435.180000000 : R 8.66951 8.24803 -0.0148048
435.180000000 : LOG VEL_R 0.583088
435.180000 : HUMAN_MODEL C_DANGER -1.000000 
435.180000 : HUMAN_MODEL C_PASSBY 0.315382
435.240000000 : H 10.5614 7.01426 0.924124
435.240000000 : LOG VEL_H 0.336842
435.240000000 : R 8.66951 8.24803 -0.0148048
435.240000000 : LOG VEL_R 0.583088
435.240000 : HUMAN_MODEL C_DANGER -1.000000 
435.240000 : HUMAN_MODEL C_PASSBY 0.274057
435.280000000 : R 8.66951 8.24803 -0.0148048
435.280000000 : LOG VEL_R 0.583088
435.320000000 : H 10.5827 7.0403 0.824124
435.320000000 : LOG VEL_H 0.378947
435.320000000 : R 8.72781 8.24802 -0.0129889
435.320000000 : LOG VEL_R 0.661279
435.320000 : HUMAN_MODEL C_DANGER -1.000000 
435.320000 : HUMAN_MODEL C_PASSBY 0.313062
435.380000000 : R 8.72781 8.24802 -0.0129889
435.380000000 : LOG VEL_R 0.661279
435.380000000 : R 8.72781 8.24802 -0.0129889
435.380000000 : LOG VEL_R 0.661279
435.420000000 : H 10.6095 7.06705 0.724124
435.420000000 : LOG VEL_H 0.357895
435.420000000 : R 8.79393 8.24917 -0.00144173
435.420000000 : LOG VEL_R 0.700169
435.420000 : HUMAN_MODEL C_DANGER -1.000000 
435.420000 : HUMAN_MODEL C_PASSBY 0.413584
435.420000000 : R 8.79393 8.24917 -0.00144173
435.420000000 : LOG VEL_R 0.700169
435.420000000 : R 8.79393 8.24917 -0.00144173
435.420000000 : LOG VEL_R 0.700169
435.440000000 : H 10.6095 7.06705 0.724124
435.440000000 : LOG VEL_H 0.357895
435.440000000 : R 8.79393 8.24917 -0.00144173
435.440000000 : LOG VEL_R 0.700169
435.440000 : HUMAN_MODEL C_DANGER -1.000000 
435.440000 : HUMAN_MODEL C_PASSBY 0.413584
435.480000000 : H 10.6095 7.06705 0.724124
435.480000000 : LOG VEL_H 0.357895
435.480000000 : R 8.79393 8.24917 -0.00144173
435.480000000 : LOG VEL_R 0.700169
435.480000 : HUMAN_MODEL C_DANGER -1.000000 
435.480000 : HUMAN_MODEL C_PASSBY 0.413584
435.540000000 : H 10.6095 7.06705 0.724124
435.540000000 : LOG VEL_H 0.357895
435.540000000 : R 8.86393 8.25091 0.00925137
435.540000000 : LOG VEL_R 0.700169
435.540000 : HUMAN_MODEL C_DANGER -1.000000 
435.540000 : HUMAN_MODEL C_PASSBY 0.425596
435.580000000 : H 10.6373 7.08966 0.624124
435.580000000 : LOG VEL_H 0.357895
435.580000000 : R 8.86393 8.25091 0.00925137
435.580000000 : LOG VEL_R 0.700169
435.580000 : HUMAN_MODEL C_DANGER -1.000000 
435.580000 : HUMAN_MODEL C_PASSBY 0.435639
435.580000000 : H 10.6373 7.08966 0.624124
435.580000000 : LOG VEL_H 0.357895
435.580000000 : R 8.9339 8.25339 0.0199445
435.580000000 : LOG VEL_R 0.700000
435.580000 : HUMAN_MODEL C_DANGER -1.000000 
435.580000 : HUMAN_MODEL C_PASSBY 0.505707
435.600000000 : H 10.6671 7.10939 0.524124
435.600000000 : LOG VEL_H 0.400000
435.600000000 : R 8.9339 8.25339 0.0199445
435.600000000 : LOG VEL_R 0.700000
435.600000 : HUMAN_MODEL C_DANGER -1.000000 
435.600000 : HUMAN_MODEL C_PASSBY 0.457149
435.660000000 : H 10.6671 7.10939 0.524124
435.660000000 : LOG VEL_H 0.400000
435.660000000 : R 8.9339 8.25339 0.0199445
435.660000000 : LOG VEL_R 0.700000
435.660000 : HUMAN_MODEL C_DANGER -1.000000 
435.660000 : HUMAN_MODEL C_PASSBY 0.457149
435.700000000 : R 9.00389 8.25474 0.0206109
435.700000000 : LOG VEL_R 0.700006
435.740000000 : H 10.7025 7.128 0.424124
435.740000000 : LOG VEL_H 0.378947
435.740000000 : R 9.00389 8.25474 0.0206109
435.740000000 : LOG VEL_R 0.700006
435.740000 : HUMAN_MODEL C_DANGER -1.000000 
435.740000 : HUMAN_MODEL C_PASSBY 0.497264
435.780000000 : R 9.00389 8.25474 0.0206109
435.780000000 : LOG VEL_R 0.700006
435.820000000 : H 10.7376 7.14219 0.324124
435.820000000 : LOG VEL_H 0.357895
435.820000000 : R 9.07386 8.25664 0.0267996
435.820000000 : LOG VEL_R 0.700029
435.820000 : HUMAN_MODEL C_DANGER -1.000000 
435.820000 : HUMAN_MODEL C_PASSBY 0.610410
435.820000000 : R 9.07386 8.25664 0.0267996
435.820000000 : LOG VEL_R 0.700029
435.880000000 : R 9.07386 8.25664 0.0267996
435.880000000 : LOG VEL_R 0.700029
435.880000000 : R 9.07386 8.25664 0.0267996
435.880000000 : LOG VEL_R 0.700029
435.880000000 : H 10.7376 7.14219 0.324124
435.880000000 : LOG VEL_H 0.357895
435.880000000 : R 9.14385 8.25782 0.0247996
435.880000000 : LOG VEL_R 0.700018
435.880000 : HUMAN_MODEL C_DANGER -1.000000 
435.880000 : HUMAN_MODEL C_PASSBY 0.557802
435.900000000 : H 10.7719 7.15237 0.234651
435.900000000 : LOG VEL_H 0.357895
435.900000000 : R 9.14385 8.25782 0.0247996
435.900000000 : LOG VEL_R 0.700018
435.900000 : HUMAN_MODEL C_DANGER -1.000000 
435.900000 : HUMAN_MODEL C_PASSBY 0.561873
435.960000000 : H 10.7719 7.15237 0.234651
435.960000000 : LOG VEL_H 0.357895
435.960000000 : R 9.14385 8.25782 0.0247996
435.960000000 : LOG VEL_R 0.700018
435.960000 : HUMAN_MODEL C_DANGER -1.000000 
435.960000 : HUMAN_MODEL C_PASSBY 0.561873
435.980000000 : H 10.7719 7.15237 0.234651
435.980000000 : LOG VEL_H 0.357895
435.980000000 : R 9.21382 8.26012 0.0267996
435.980000000 : LOG VEL_R 0.700018
435.980000 : HUMAN_MODEL C_DANGER -1.000000 
435.980000 : HUMAN_MODEL C_PASSBY 0.576939
436.040000000 : H 10.807 7.15929 0.134651
436.040000000 : LOG VEL_H 0.357895
436.040000000 : R 9.21382 8.26012 0.0267996
436.040000000 : LOG VEL_R 0.700018
436.040000 : HUMAN_MODEL C_DANGER -1.000000 
436.040000 : HUMAN_MODEL C_PASSBY 0.576858
436.080000000 : H 10.807 7.15929 0.134651
436.080000000 : LOG VEL_H 0.357895
436.080000000 : R 9.21382 8.26012 0.0267996
436.080000000 : LOG VEL_R 0.700018
436.080000 : HUMAN_MODEL C_DANGER -1.000000 
436.080000 : HUMAN_MODEL C_PASSBY 0.576858
436.120000000 : H 10.807 7.15929 0.134651
436.120000000 : LOG VEL_H 0.357895
436.120000000 : R 9.28378 8.26256 0.0287996
436.120000000 : LOG VEL_R 0.700015
436.120000 : HUMAN_MODEL C_DANGER -1.000000 
436.120000 : HUMAN_MODEL C_PASSBY 0.650878
436.180000000 : H 10.8426 7.16267 0.0346506
436.180000000 : LOG VEL_H 0.400000
436.180000000 : R 9.28378 8.26256 0.0287996
436.180000000 : LOG VEL_R 0.700015
436.180000 : HUMAN_MODEL C_DANGER -1.000000 
436.180000 : HUMAN_MODEL C_PASSBY -1.000000
436.180000000 : R 9.28378 8.26256 0.0287996
436.180000000 : LOG VEL_R 0.700015
436.180000000 : H 10.8426 7.16267 0.0346506
436.180000000 : LOG VEL_H 0.400000
436.180000000 : R 9.35376 8.26406 0.0267996
436.180000000 : LOG VEL_R 0.700015
436.180000 : HUMAN_MODEL C_DANGER -1.000000 
436.180000 : HUMAN_MODEL C_PASSBY -1.000000
436.200000000 : H 10.8826 7.16245 -0.0653494
436.200000000 : LOG VEL_H 0.400000
436.200000000 : R 9.35376 8.26406 0.0267996
436.200000000 : LOG VEL_R 0.700015
436.200000 : HUMAN_MODEL C_DANGER -1.000000 
436.200000 : HUMAN_MODEL C_PASSBY -1.000000
436.240000000 : H 10.8826 7.16245 -0.0653494
436.240000000 : LOG VEL_H 0.400000
436.240000000 : R 9.35376 8.26406 0.0267996
436.240000000 : LOG VEL_R 0.700015
436.240000 : HUMAN_MODEL C_DANGER -1.000000 
436.240000 : HUMAN_MODEL C_PASSBY -1.000000
436.280000000 : R 9.35376 8.26406 0.0267996
436.280000000 : LOG VEL_R 0.700015
436.340000000 : H 10.9224 7.15842 -0.154823
436.340000000 : LOG VEL_H 0.378947
436.340000000 : R 9.42375 8.26538 0.0235679
436.340000000 : LOG VEL_R 0.700001
436.340000 : HUMAN_MODEL C_DANGER -1.000000 
436.340000 : HUMAN_MODEL C_PASSBY 0.591943
436.380000000 : R 9.42375 8.26538 0.0235679
436.380000000 : LOG VEL_R 0.700001
436.380000000 : R 9.42375 8.26538 0.0235679
436.380000000 : LOG VEL_R 0.700001
436.380000000 : H 10.9224 7.15842 -0.154823
436.380000000 : LOG VEL_H 0.378947
436.380000000 : R 9.49374 8.26694 0.0255679
436.380000000 : LOG VEL_R 0.700061
436.380000 : HUMAN_MODEL C_DANGER -1.000000 
436.380000 : HUMAN_MODEL C_PASSBY -1.000000
436.400000000 : H 10.9596 7.15139 -0.23377
436.400000000 : LOG VEL_H 0.400000
436.400000000 : R 9.49374 8.26694 0.0255679
436.400000000 : LOG VEL_R 0.700061
436.400000 : HUMAN_MODEL C_DANGER -1.000000 
436.400000 : HUMAN_MODEL C_PASSBY -1.000000
436.460000000 : H 10.9596 7.15139 -0.23377
436.460000000 : LOG VEL_H 0.400000
436.460000000 : R 9.49374 8.26694 0.0255679
436.460000000 : LOG VEL_R 0.700061
436.460000 : HUMAN_MODEL C_DANGER -1.000000 
436.460000 : HUMAN_MODEL C_PASSBY -1.000000
436.480000000 : R 9.49374 8.26694 0.0255679
436.480000000 : LOG VEL_R 0.700061
436.480000000 : H 10.9596 7.15139 -0.23377
436.480000000 : LOG VEL_H 0.400000
436.480000000 : R 9.56374 8.26775 0.0235679
436.480000000 : LOG VEL_R 0.700061
436.480000 : HUMAN_MODEL C_DANGER -1.000000 
436.480000 : HUMAN_MODEL C_PASSBY -1.000000
436.540000000 : H 10.9982 7.14075 -0.323244
436.540000000 : LOG VEL_H 0.400000
436.540000000 : R 9.56374 8.26775 0.0235679
436.540000000 : LOG VEL_R 0.700061
436.540000 : HUMAN_MODEL C_DANGER -1.000000 
436.540000 : HUMAN_MODEL C_PASSBY -1.000000
436.580000000 : R 9.56374 8.26775 0.0235679
436.580000000 : LOG VEL_R 0.700061
436.620000000 : H 11.0356 7.12669 -0.412718
436.620000000 : LOG VEL_H 0.400000
436.620000000 : R 9.63374 8.26842 0.0215679
436.620000000 : LOG VEL_R 0.700001
436.620000 : HUMAN_MODEL C_DANGER -1.000000 
436.620000 : HUMAN_MODEL C_PASSBY 0.517175
436.680000000 : R 9.63374 8.26842 0.0215679
436.680000000 : LOG VEL_R 0.700001
436.720000000 : H 11.0718 7.10966 -0.481139
436.720000000 : LOG VEL_H 0.400000
436.720000000 : R 9.70372 8.27013 0.0235679
436.720000000 : LOG VEL_R 0.700000
436.720000 : HUMAN_MODEL C_DANGER -1.000000 
436.720000 : HUMAN_MODEL C_PASSBY 0.508975
436.720000000 : R 9.70372 8.27013 0.0235679
436.720000000 : LOG VEL_R 0.700000
436.740000000 : H 11.0718 7.10966 -0.481139
436.740000000 : LOG VEL_H 0.400000
436.740000000 : R 9.70372 8.27013 0.0235679
436.740000000 : LOG VEL_R 0.700000
436.740000 : HUMAN_MODEL C_DANGER -1.000000 
436.740000 : HUMAN_MODEL C_PASSBY 0.508975
436.780000000 : H 11.0718 7.10966 -0.481139
436.780000000 : LOG VEL_H 0.400000
436.780000000 : R 9.70372 8.27013 0.0235679
436.780000000 : LOG VEL_R 0.700000
436.780000 : HUMAN_MODEL C_DANGER -1.000000 
436.780000 : HUMAN_MODEL C_PASSBY 0.508975
436.840000000 : R 9.7737 8.27182 0.0240006
436.840000000 : LOG VEL_R 0.700018
436.880000000 : H 11.1066 7.09004 -0.560086
436.880000000 : LOG VEL_H 0.378947
436.880000000 : R 9.7737 8.27182 0.0240006
436.880000000 : LOG VEL_R 0.700018
436.880000 : HUMAN_MODEL C_DANGER -1.000000 
436.880000 : HUMAN_MODEL C_PASSBY 0.549244
436.880000000 : R 9.84369 8.27295 0.0220006
436.880000000 : LOG VEL_R 0.700008
436.900000000 : H 11.1381 7.06891 -0.639034
436.900000000 : LOG VEL_H 0.400000
436.900000000 : R 9.84369 8.27295 0.0220006
436.900000000 : LOG VEL_R 0.700008
436.900000 : HUMAN_MODEL C_DANGER -1.000000 
436.900000 : HUMAN_MODEL C_PASSBY 0.493124
436.940000000 : H 11.1381 7.06891 -0.639034
436.940000000 : LOG VEL_H 0.400000
436.940000000 : R 9.84369 8.27295 0.0220006
436.940000000 : LOG VEL_R 0.700008
436.940000 : HUMAN_MODEL C_DANGER -1.000000 
436.940000 : HUMAN_MODEL C_PASSBY 0.493124
436.980000000 : H 11.1381 7.06891 -0.639034
436.980000000 : LOG VEL_H 0.400000
436.980000000 : R 9.91368 8.27412 0.0208275
436.980000000 : LOG VEL_R 0.700008
436.980000 : HUMAN_MODEL C_DANGER -1.000000 
436.980000 : HUMAN_MODEL C_PASSBY 0.505822
437.040000000 : H 11.1698 7.04458 -0.675876
437.040000000 : LOG VEL_H 0.400000
437.040000000 : R 9.91368 8.27412 0.0208275
437.040000000 : LOG VEL_R 0.700008
437.040000 : HUMAN_MODEL C_DANGER -1.000000 
437.040000 : HUMAN_MODEL C_PASSBY 0.476574
437.080000000 : H 11.1698 7.04458 -0.675876
437.080000000 : LOG VEL_H 0.400000
437.080000000 : R 9.91368 8.27412 0.0208275
437.080000000 : LOG VEL_R 0.700008
437.080000 : HUMAN_MODEL C_DANGER -1.000000 
437.080000 : HUMAN_MODEL C_PASSBY 0.476574
437.120000000 : H 11.1698 7.04458 -0.675876
437.120000000 : LOG VEL_H 0.400000
437.120000000 : R 9.98367 8.2752 0.0196544
437.120000000 : LOG VEL_R 0.700109
437.120000 : HUMAN_MODEL C_DANGER -1.000000 
437.120000 : HUMAN_MODEL C_PASSBY 0.517584
437.160000000 : H 11.2007 7.01911 -0.712718
437.180000000 : LOG VEL_H 0.400000
437.180000000 : R 9.98367 8.2752 0.0196544
437.180000000 : LOG VEL_R 0.700109
437.180000 : HUMAN_MODEL C_DANGER -1.000000 
437.180000 : HUMAN_MODEL C_PASSBY 0.486801
437.180000000 : R 9.98367 8.2752 0.0196544
437.180000000 : LOG VEL_R 0.700109
437.220000000 : H 11.2303 6.99226 -0.770613
437.220000000 : LOG VEL_H 0.400000
437.220000000 : R 10.0537 8.27515 0.012741
437.220000000 : LOG VEL_R 0.700342
437.220000 : HUMAN_MODEL C_DANGER -1.000000 
437.220000 : HUMAN_MODEL C_PASSBY 0.498463
437.220000000 : R 10.0537 8.27515 0.012741
437.220000000 : LOG VEL_R 0.700342
437.220000000 : R 10.0537 8.27515 0.012741
437.220000000 : LOG VEL_R 0.700342
437.240000000 : R 10.0537 8.27515 0.012741
437.240000000 : LOG VEL_R 0.700342
437.280000000 : H 11.2303 6.99226 -0.770613
437.280000000 : LOG VEL_H 0.400000
437.280000000 : R 10.0537 8.27515 0.012741
437.280000000 : LOG VEL_R 0.700342
437.280000 : HUMAN_MODEL C_DANGER -1.000000 
437.280000 : HUMAN_MODEL C_PASSBY 0.498463
437.340000000 : H 11.2584 6.96374 -0.828507
437.340000000 : LOG VEL_H 0.400000
437.340000000 : R 10.1237 8.27361 0.00419583
437.340000000 : LOG VEL_R 0.700211
437.340000 : HUMAN_MODEL C_DANGER -1.000000 
437.340000 : HUMAN_MODEL C_PASSBY 0.465578
437.380000000 : H 11.2584 6.96374 -0.828507
437.380000000 : LOG VEL_H 0.400000
437.380000000 : R 10.1237 8.27361 0.00419583
437.380000000 : LOG VEL_R 0.700211
437.380000 : HUMAN_MODEL C_DANGER -1.000000 
437.380000 : HUMAN_MODEL C_PASSBY 0.465578
437.380000000 : R 10.1237 8.27361 0.00419583
437.380000000 : LOG VEL_R 0.700211
437.380000000 : R 10.1937 8.27193 -0.00516448
437.380000000 : LOG VEL_R 0.700400
437.400000000 : R 10.1937 8.27193 -0.00516448
437.400000000 : LOG VEL_R 0.700400
437.460000000 : H 11.2847 6.93365 -0.886402
437.460000000 : LOG VEL_H 0.400000
437.460000000 : R 10.1937 8.27193 -0.00516448
437.460000000 : LOG VEL_R 0.700400
437.460000 : HUMAN_MODEL C_DANGER -1.000000 
437.460000 : HUMAN_MODEL C_PASSBY 0.464577
437.480000000 : H 11.2847 6.93365 -0.886402
437.480000000 : LOG VEL_H 0.400000
437.480000000 : R 10.1937 8.27193 -0.00516448
437.480000000 : LOG VEL_R 0.700400
437.480000 : HUMAN_MODEL C_DANGER -1.000000 
437.480000 : HUMAN_MODEL C_PASSBY 0.464577
437.480000000 : R 10.2637 8.26871 -0.022715
437.480000000 : LOG VEL_R 0.700400
437.540000000 : H 11.3095 6.90229 -0.923244
437.540000000 : LOG VEL_H 0.400000
437.540000000 : R 10.2637 8.26871 -0.022715
437.540000000 : LOG VEL_R 0.700400
437.540000 : HUMAN_MODEL C_DANGER -1.000000 
437.540000 : HUMAN_MODEL C_PASSBY 0.447756
437.580000000 : H 11.3095 6.90229 -0.923244
437.580000000 : LOG VEL_H 0.400000
437.580000000 : R 10.2637 8.26871 -0.022715
437.580000000 : LOG VEL_R 0.700400
437.580000 : HUMAN_MODEL C_DANGER -1.000000 
437.580000 : HUMAN_MODEL C_PASSBY 0.447756
437.620000000 : H 11.3332 6.87004 -0.960086
437.620000000 : LOG VEL_H 0.400000
437.620000000 : R 10.3336 8.26426 -0.0402654
437.620000000 : LOG VEL_R 0.700010
437.640000 : HUMAN_MODEL C_DANGER -1.000000 
437.640000 : HUMAN_MODEL C_PASSBY 0.401532
437.640000000 : R 10.3336 8.26426 -0.0402654
437.640000000 : LOG VEL_R 0.700010
437.680000000 : H 11.3332 6.87004 -0.960086
437.680000000 : LOG VEL_H 0.400000
437.680000000 : R 10.3336 8.26426 -0.0402654
437.680000000 : LOG VEL_R 0.700010
437.680000 : HUMAN_MODEL C_DANGER -1.000000 
437.680000 : HUMAN_MODEL C_PASSBY 0.401532
437.680000000 : R 10.3336 8.26426 -0.0402654
437.680000000 : LOG VEL_R 0.700010
437.680000000 : H 11.3332 6.87004 -0.960086
437.680000000 : LOG VEL_H 0.400000
437.680000000 : R 10.4035 8.26086 -0.0478743
437.680000000 : LOG VEL_R 0.700145
437.680000 : HUMAN_MODEL C_DANGER -1.000000 
437.680000 : HUMAN_MODEL C_PASSBY 0.393830
437.700000000 : R 10.4035 8.26086 -0.0478743
437.700000000 : LOG VEL_R 0.700145
437.760000000 : H 11.3556 6.83694 -0.996928
437.760000000 : LOG VEL_H 0.400000
437.760000000 : R 10.4035 8.26086 -0.0478743
437.760000000 : LOG VEL_R 0.700145
437.760000 : HUMAN_MODEL C_DANGER -1.000000 
437.760000 : HUMAN_MODEL C_PASSBY 0.374245
437.780000000 : H 11.3556 6.83694 -0.996928
437.780000000 : LOG VEL_H 0.400000
437.780000000 : R 10.4735 8.25876 -0.0542725
437.780000000 : LOG VEL_R 0.700175
437.780000 : HUMAN_MODEL C_DANGER -1.000000 
437.780000 : HUMAN_MODEL C_PASSBY 0.383721
437.840000000 : H 11.3771 6.80321 -1.01272
437.840000000 : LOG VEL_H 0.400000
437.840000000 : R 10.4735 8.25876 -0.0542725
437.840000000 : LOG VEL_R 0.700175
437.840000 : HUMAN_MODEL C_DANGER -1.000000 
437.840000 : HUMAN_MODEL C_PASSBY 0.365132
437.880000000 : H 11.3771 6.80321 -1.01272
437.880000000 : LOG VEL_H 0.400000
437.880000000 : R 10.4735 8.25876 -0.0542725
437.880000000 : LOG VEL_R 0.700175
437.880000 : HUMAN_MODEL C_DANGER -1.000000 
437.880000 : HUMAN_MODEL C_PASSBY 0.365132
437.920000000 : H 11.3983 6.76928 -1.01272
437.920000000 : LOG VEL_H 0.400000
437.920000000 : R 10.5435 8.25662 -0.0507161
437.920000000 : LOG VEL_R 0.700367
437.920000 : HUMAN_MODEL C_DANGER -1.000000 
437.920000 : HUMAN_MODEL C_PASSBY 0.353598
437.960000000 : H 11.3983 6.76928 -1.01272
437.960000000 : LOG VEL_H 0.400000
437.960000000 : R 10.5435 8.25662 -0.0507161
437.960000000 : LOG VEL_R 0.700367
437.960000 : HUMAN_MODEL C_DANGER -1.000000 
437.960000 : HUMAN_MODEL C_PASSBY 0.353598
437.960000000 : R 10.5435 8.25662 -0.0507161
437.960000000 : LOG VEL_R 0.700367
438.020000000 : H 11.3983 6.76928 -1.01272
438.020000000 : LOG VEL_H 0.400000
438.020000000 : R 10.6135 8.25571 -0.037519
438.020000000 : LOG VEL_R 0.700367
438.020000 : HUMAN_MODEL C_DANGER -1.000000 
438.020000 : HUMAN_MODEL C_PASSBY 0.362358
438.020000000 : R 10.6135 8.25571 -0.037519
438.020000000 : LOG VEL_R 0.700367
438.040000000 : H 11.4191 6.73513 -1.03903
438.040000000 : LOG VEL_H 0.400000
438.040000000 : R 10.6135 8.25571 -0.037519
438.040000000 : LOG VEL_R 0.700367
438.040000 : HUMAN_MODEL C_DANGER -1.000000 
438.040000 : HUMAN_MODEL C_PASSBY 0.345944
438.080000000 : H 11.4191 6.73513 -1.03903
438.080000000 : LOG VEL_H 0.400000
438.080000000 : R 10.6135 8.25571 -0.037519
438.080000000 : LOG VEL_R 0.700367
438.080000 : HUMAN_MODEL C_DANGER -1.000000 
438.080000 : HUMAN_MODEL C_PASSBY 0.345944
438.140000000 : H 11.4391 6.70044 -1.06535
438.140000000 : LOG VEL_H 0.378947
438.140000000 : R 10.6835 8.25572 -0.024322
438.140000000 : LOG VEL_R 0.700095
438.140000 : HUMAN_MODEL C_DANGER -1.000000 
438.140000 : HUMAN_MODEL C_PASSBY 0.366635
438.140000000 : R 10.6835 8.25572 -0.024322
438.140000000 : LOG VEL_R 0.700095
438.180000000 : H 11.4391 6.70044 -1.06535
438.180000000 : LOG VEL_H 0.378947
438.180000000 : R 10.6835 8.25572 -0.024322
438.180000000 : LOG VEL_R 0.700095
438.180000 : HUMAN_MODEL C_DANGER -1.000000 
438.180000 : HUMAN_MODEL C_PASSBY 0.366635
438.180000000 : R 10.6835 8.25572 -0.024322
438.180000000 : LOG VEL_R 0.700095
438.180000000 : R 10.7535 8.25542 -0.0152776
438.180000000 : LOG VEL_R 0.700028
438.200000000 : H 11.4573 6.66724 -1.07061
438.200000000 : LOG VEL_H 0.400000
438.200000000 : R 10.7535 8.25542 -0.0152776
438.200000000 : LOG VEL_R 0.700028
438.200000 : HUMAN_MODEL C_DANGER -1.000000 
438.200000 : HUMAN_MODEL C_PASSBY 0.336552
438.260000000 : H 11.4573 6.66724 -1.07061
438.260000000 : LOG VEL_H 0.400000
438.260000000 : R 10.7535 8.25542 -0.0152776
438.260000000 : LOG VEL_R 0.700028
438.260000 : HUMAN_MODEL C_DANGER -1.000000 
438.260000 : HUMAN_MODEL C_PASSBY 0.336552
438.300000000 : H 11.4573 6.66724 -1.07061
438.300000000 : LOG VEL_H 0.400000
438.300000000 : R 10.8235 8.25515 -0.00889333
438.300000000 : LOG VEL_R 0.700091
438.300000 : HUMAN_MODEL C_DANGER -1.000000 
438.300000 : HUMAN_MODEL C_PASSBY 0.350524
438.340000000 : H 11.4762 6.63195 -1.09693
438.340000000 : LOG VEL_H 0.400000
438.340000000 : R 10.8235 8.25515 -0.00889333
438.340000000 : LOG VEL_R 0.700091
438.340000 : HUMAN_MODEL C_DANGER -1.000000 
438.340000 : HUMAN_MODEL C_PASSBY 0.335328
438.380000000 : H 11.4762 6.63195 -1.09693
438.380000000 : LOG VEL_H 0.400000
438.380000000 : R 10.8235 8.25515 -0.00889333
438.380000000 : LOG VEL_R 0.700091
438.380000 : HUMAN_MODEL C_DANGER -1.000000 
438.380000 : HUMAN_MODEL C_PASSBY 0.335328
438.420000000 : H 11.4944 6.59635 -1.09693
438.420000000 : LOG VEL_H 0.400000
438.420000000 : R 10.8935 8.25334 -0.0108933
438.420000000 : LOG VEL_R 0.700264
438.440000 : HUMAN_MODEL C_DANGER -1.000000 
438.440000 : HUMAN_MODEL C_PASSBY 0.329845
438.480000000 : H 11.4944 6.59635 -1.09693
438.480000000 : LOG VEL_H 0.400000
438.480000000 : R 10.8935 8.25334 -0.0108933
438.480000000 : LOG VEL_R 0.700264
438.480000 : HUMAN_MODEL C_DANGER -1.000000 
438.480000 : HUMAN_MODEL C_PASSBY 0.329845
438.480000000 : H 11.4944 6.59635 -1.09693
438.480000000 : LOG VEL_H 0.400000
438.480000000 : R 10.9635 8.25042 -0.0193559
438.480000000 : LOG VEL_R 0.700264
438.480000 : HUMAN_MODEL C_DANGER -1.000000 
438.480000 : HUMAN_MODEL C_PASSBY 0.334365
438.500000000 : R 10.9635 8.25042 -0.0193559
438.500000000 : LOG VEL_R 0.700264
438.560000000 : H 11.5121 6.5605 -1.13377
438.560000000 : LOG VEL_H 0.400000
438.560000000 : R 10.9635 8.25042 -0.0193559
438.560000000 : LOG VEL_R 0.700264
438.560000 : HUMAN_MODEL C_DANGER -1.000000 
438.560000 : HUMAN_MODEL C_PASSBY 0.320647
438.580000000 : H 11.5121 6.5605 -1.13377
438.580000000 : LOG VEL_H 0.400000
438.580000000 : R 10.9635 8.25042 -0.0193559
438.580000000 : LOG VEL_R 0.700264
438.580000 : HUMAN_MODEL C_DANGER -1.000000 
438.580000 : HUMAN_MODEL C_PASSBY 0.320647
438.580000000 : R 11.0334 8.24691 -0.0278184
438.580000000 : LOG VEL_R 0.700005
438.640000000 : H 11.5285 6.52401 -1.17061
438.640000000 : LOG VEL_H 0.400000
438.640000000 : R 11.0334 8.24691 -0.0278184
438.640000000 : LOG VEL_R 0.700005
438.640000 : HUMAN_MODEL C_DANGER -1.000000 
438.640000 : HUMAN_MODEL C_PASSBY 0.305169
438.680000000 : H 11.5285 6.52401 -1.17061
438.680000000 : LOG VEL_H 0.400000
438.680000000 : R 11.0334 8.24691 -0.0278184
438.680000000 : LOG VEL_R 0.700005
438.680000 : HUMAN_MODEL C_DANGER -1.000000 
438.680000 : HUMAN_MODEL C_PASSBY 0.305169
438.720000000 : H 11.5442 6.48721 -1.16535
438.720000000 : LOG VEL_H 0.400000
438.720000000 : R 11.1034 8.24519 -0.029077
438.720000000 : LOG VEL_R 0.700093
438.720000 : HUMAN_MODEL C_DANGER -1.000000 
438.720000 : HUMAN_MODEL C_PASSBY 0.295700
438.760000000 : H 11.5442 6.48721 -1.16535
438.760000000 : LOG VEL_H 0.400000
438.760000000 : R 11.1034 8.24519 -0.029077
438.760000000 : LOG VEL_R 0.700093
438.760000 : HUMAN_MODEL C_DANGER -1.000000 
438.760000 : HUMAN_MODEL C_PASSBY 0.295700
438.820000000 : H 11.5442 6.48721 -1.16535
438.820000000 : LOG VEL_H 0.400000
438.820000000 : R 11.1734 8.24435 -0.027077
438.820000000 : LOG VEL_R 0.700008
438.820000 : HUMAN_MODEL C_DANGER -1.000000 
438.820000 : HUMAN_MODEL C_PASSBY 0.299869
438.820000000 : R 11.1734 8.24435 -0.027077
438.820000000 : LOG VEL_R 0.700008
438.820000000 : R 11.1734 8.24435 -0.027077
438.820000000 : LOG VEL_R 0.700008
438.840000000 : H 11.56 6.45048 -1.16009
438.840000000 : LOG VEL_H 0.400000
438.840000000 : R 11.1734 8.24435 -0.027077
438.840000000 : LOG VEL_R 0.700008
438.840000 : HUMAN_MODEL C_DANGER -1.000000 
438.840000 : HUMAN_MODEL C_PASSBY 0.288749
438.880000000 : H 11.56 6.45048 -1.16009
438.880000000 : LOG VEL_H 0.400000
438.880000000 : R 11.1734 8.24435 -0.027077
438.880000000 : LOG VEL_R 0.700008
438.880000 : HUMAN_MODEL C_DANGER -1.000000 
438.880000 : HUMAN_MODEL C_PASSBY 0.288749
438.940000000 : H 11.576 6.41381 -1.16009
438.940000000 : LOG VEL_H 0.378947
438.940000000 : R 11.2434 8.2429 -0.023197
438.940000000 : LOG VEL_R 0.700000
438.940000 : HUMAN_MODEL C_DANGER -1.000000 
438.940000 : HUMAN_MODEL C_PASSBY 0.301167
438.940000000 : R 11.2434 8.2429 -0.023197
438.940000000 : LOG VEL_R 0.700000
438.980000000 : H 11.576 6.41381 -1.16009
438.980000000 : LOG VEL_H 0.378947
438.980000000 : R 11.2434 8.2429 -0.023197
438.980000000 : LOG VEL_R 0.700000
438.980000 : HUMAN_MODEL C_DANGER -1.000000 
438.980000 : HUMAN_MODEL C_PASSBY 0.301167
438.980000000 : H 11.576 6.41381 -1.16009
438.980000000 : LOG VEL_H 0.378947
438.980000000 : R 11.3134 8.24127 -0.0212719
438.980000000 : LOG VEL_R 0.700000
438.980000 : HUMAN_MODEL C_DANGER -1.000000 
438.980000 : HUMAN_MODEL C_PASSBY 0.303449
439.000000000 : H 11.5911 6.37907 -1.16009
439.000000000 : LOG VEL_H 0.378947
439.000000000 : R 11.3134 8.24127 -0.0212719
439.000000000 : LOG VEL_R 0.700000
439.000000 : HUMAN_MODEL C_DANGER -1.000000 
439.000000 : HUMAN_MODEL C_PASSBY 0.293478
439.040000000 : H 11.5911 6.37907 -1.16009
439.040000000 : LOG VEL_H 0.378947
439.040000000 : R 11.3134 8.24127 -0.0212719
439.040000000 : LOG VEL_R 0.700000
439.040000 : HUMAN_MODEL C_DANGER -1.000000 
439.060000 : HUMAN_MODEL C_PASSBY 0.293478
439.080000000 : H 11.5911 6.37907 -1.16009
439.080000000 : LOG VEL_H 0.378947
439.080000000 : R 11.3134 8.24127 -0.0212719
439.080000000 : LOG VEL_R 0.700000
439.080000 : HUMAN_MODEL C_DANGER -1.000000 
439.080000 : HUMAN_MODEL C_PASSBY 0.293478
439.080000000 : R 11.3834 8.23978 -0.0193467
439.080000000 : LOG VEL_R 0.700094
439.160000000 : H 11.6063 6.34432 -1.16009
439.160000000 : LOG VEL_H 0.400000
439.160000000 : R 11.3834 8.23978 -0.0193467
439.160000000 : LOG VEL_R 0.700094
439.160000 : HUMAN_MODEL C_DANGER -1.000000 
439.160000 : HUMAN_MODEL C_PASSBY 0.268290
439.180000000 : H 11.6063 6.34432 -1.16009
439.180000000 : LOG VEL_H 0.400000
439.180000000 : R 11.3834 8.23978 -0.0193467
439.180000000 : LOG VEL_R 0.700094
439.180000 : HUMAN_MODEL C_DANGER -1.000000 
439.180000 : HUMAN_MODEL C_PASSBY 0.268290
439.180000000 : R 11.4533 8.23722 -0.0213467
439.180000000 : LOG VEL_R 0.700119
439.200000000 : H 11.6222 6.30765 -1.16009
439.200000000 : LOG VEL_H 0.400000
439.200000000 : R 11.4533 8.23722 -0.0213467
439.200000000 : LOG VEL_R 0.700119
439.200000 : HUMAN_MODEL C_DANGER -1.000000 
439.200000 : HUMAN_MODEL C_PASSBY 0.261045
439.220000000 : H 11.6222 6.30765 -1.16009
439.220000000 : LOG VEL_H 0.400000
439.220000000 : R 11.4533 8.23722 -0.0213467
439.220000000 : LOG VEL_R 0.700119
439.220000 : HUMAN_MODEL C_DANGER -1.000000 
439.220000 : HUMAN_MODEL C_PASSBY 0.261045
439.280000000 : H 11.6222 6.30765 -1.16009
439.280000000 : LOG VEL_H 0.400000
439.280000000 : R 11.4533 8.23722 -0.0213467
439.280000000 : LOG VEL_R 0.700119
439.280000 : HUMAN_MODEL C_DANGER -1.000000 
439.280000 : HUMAN_MODEL C_PASSBY 0.261045
439.320000000 : H 11.6382 6.27098 -1.16009
439.320000000 : LOG VEL_H 0.400000
439.320000000 : R 11.5233 8.23417 -0.0309743
439.320000000 : LOG VEL_R 0.700039
439.320000 : HUMAN_MODEL C_DANGER -1.000000 
439.320000 : HUMAN_MODEL C_PASSBY 0.253489
439.360000000 : H 11.6382 6.27098 -1.16009
439.360000000 : LOG VEL_H 0.400000
439.360000000 : R 11.5233 8.23417 -0.0309743
439.360000000 : LOG VEL_R 0.700039
439.360000 : HUMAN_MODEL C_DANGER -1.000000 
439.360000 : HUMAN_MODEL C_PASSBY 0.253489
439.400000000 : H 11.6382 6.27098 -1.16009
439.400000000 : LOG VEL_H 0.400000
439.400000000 : R 11.5932 8.2311 -0.0368463
439.400000000 : LOG VEL_R 0.700000
439.400000 : HUMAN_MODEL C_DANGER -1.000000 
439.400000 : HUMAN_MODEL C_PASSBY 0.254147
439.440000000 : H 11.654 6.2342 -1.17588
439.440000000 : LOG VEL_H 0.400000
439.440000000 : R 11.5932 8.2311 -0.0368463
439.440000000 : LOG VEL_R 0.700000
439.440000 : HUMAN_MODEL C_DANGER -1.000000 
439.440000 : HUMAN_MODEL C_PASSBY 0.246418
439.440000000 : R 11.5932 8.2311 -0.0368463
439.440000000 : LOG VEL_R 0.700000
439.480000000 : H 11.654 6.2342 -1.17588
439.480000000 : LOG VEL_H 0.400000
439.480000000 : R 11.5932 8.2311 -0.0368463
439.480000000 : LOG VEL_R 0.700000
439.480000 : HUMAN_MODEL C_DANGER -1.000000 
439.480000 : HUMAN_MODEL C_PASSBY 0.246418
439.480000000 : R 11.6631 8.2285 -0.0368946
439.480000000 : LOG VEL_R 0.700000
439.500000000 : R 11.6631 8.2285 -0.0368946
439.500000000 : LOG VEL_R 0.700000
439.520000000 : H 11.6694 6.19731 -1.17061
439.520000000 : LOG VEL_H 0.400000
439.520000000 : R 11.6631 8.2285 -0.0368946
439.520000000 : LOG VEL_R 0.700000
439.520000 : HUMAN_MODEL C_DANGER -1.000000 
439.520000 : HUMAN_MODEL C_PASSBY 0.239772
439.580000000 : H 11.6694 6.19731 -1.17061
439.580000000 : LOG VEL_H 0.400000
439.580000000 : R 11.6631 8.2285 -0.0368946
439.580000000 : LOG VEL_R 0.700000
439.580000 : HUMAN_MODEL C_DANGER -1.000000 
439.580000 : HUMAN_MODEL C_PASSBY 0.239772
439.620000000 : H 11.6694 6.19731 -1.17061
439.620000000 : LOG VEL_H 0.400000
439.620000000 : R 11.7331 8.2259 -0.036943
439.620000000 : LOG VEL_R 0.693981
439.620000 : HUMAN_MODEL C_DANGER -1.000000 
439.620000 : HUMAN_MODEL C_PASSBY -1.000000
439.660000000 : H 11.6851 6.16051 -1.16535
439.660000000 : LOG VEL_H 0.400000
439.660000000 : R 11.7331 8.2259 -0.036943
439.660000000 : LOG VEL_R 0.693981
439.660000 : HUMAN_MODEL C_DANGER -1.000000 
439.660000 : HUMAN_MODEL C_PASSBY -1.000000
439.700000000 : H 11.7003 6.12352 -1.20219
439.700000000 : LOG VEL_H 0.400000
439.700000000 : R 11.7331 8.2259 -0.036943
439.700000000 : LOG VEL_R 0.693981
439.720000 : HUMAN_MODEL C_DANGER -1.000000 
439.720000 : HUMAN_MODEL C_PASSBY -1.000000
439.720000000 : R 11.8025 8.22426 -0.034943
439.720000000 : LOG VEL_R 0.700014
439.760000000 : H 11.7003 6.12352 -1.20219
439.760000000 : LOG VEL_H 0.400000
439.760000000 : R 11.8025 8.22426 -0.034943
439.760000000 : LOG VEL_R 0.700014
439.760000 : HUMAN_MODEL C_DANGER -1.000000 
439.760000 : HUMAN_MODEL C_PASSBY -1.000000
439.760000000 : R 11.8025 8.22426 -0.034943
439.760000000 : LOG VEL_R 0.700014
439.760000000 : R 11.8025 8.22426 -0.034943
439.760000000 : LOG VEL_R 0.700014
439.780000000 : R 11.8725 8.2224 -0.0301459
439.780000000 : LOG VEL_R 0.699666
439.840000000 : H 11.715 6.0863 -1.1864
439.840000000 : LOG VEL_H 0.400000
439.840000000 : R 11.8725 8.2224 -0.0301459
439.840000000 : LOG VEL_R 0.699666
439.840000 : HUMAN_MODEL C_DANGER -1.000000 
439.840000 : HUMAN_MODEL C_PASSBY -1.000000
439.880000000 : H 11.715 6.0863 -1.1864
439.880000000 : LOG VEL_H 0.400000
439.880000000 : R 11.8725 8.2224 -0.0301459
439.880000000 : LOG VEL_R 0.699666
439.880000 : HUMAN_MODEL C_DANGER -1.000000 
439.880000 : HUMAN_MODEL C_PASSBY -1.000000
439.920000000 : R 11.9424 8.22068 -0.0296298
439.920000000 : LOG VEL_R 0.700031
439.980000000 : H 11.7302 6.04932 -1.17061
439.980000000 : LOG VEL_H 0.400000
439.980000000 : R 11.9424 8.22068 -0.0296298
439.980000000 : LOG VEL_R 0.700031
439.980000 : HUMAN_MODEL C_DANGER -1.000000 
439.980000 : HUMAN_MODEL C_PASSBY -1.000000
440.020000000 : H 11.7302 6.04932 -1.17061
440.020000000 : LOG VEL_H 0.400000
440.020000000 : R 12.0123 8.21789 -0.0316298
440.020000000 : LOG VEL_R 0.700031
440.020000 : HUMAN_MODEL C_DANGER -1.000000 
440.020000 : HUMAN_MODEL C_PASSBY -1.000000
440.020000000 : R 12.0123 8.21789 -0.0316298
440.020000000 : LOG VEL_R 0.700031
440.020000000 : H 11.7458 6.01248 -1.17061
440.020000000 : LOG VEL_H 0.400000
440.020000000 : R 12.0123 8.21789 -0.0316298
440.020000000 : LOG VEL_R 0.700031
440.020000 : HUMAN_MODEL C_DANGER -1.000000 
440.020000 : HUMAN_MODEL C_PASSBY -1.000000
440.040000000 : H 11.7458 6.01248 -1.17061
440.040000000 : LOG VEL_H 0.400000
440.040000000 : R 12.0123 8.21789 -0.0316298
440.040000000 : LOG VEL_R 0.700031
440.040000 : HUMAN_MODEL C_DANGER -1.000000 
440.040000 : HUMAN_MODEL C_PASSBY -1.000000
440.080000000 : H 11.7458 6.01248 -1.17061
440.080000000 : LOG VEL_H 0.400000
440.080000000 : R 12.0123 8.21789 -0.0316298
440.080000000 : LOG VEL_R 0.700031
440.080000 : HUMAN_MODEL C_DANGER -1.000000 
440.080000 : HUMAN_MODEL C_PASSBY -1.000000
440.140000000 : R 12.0823 8.21496 -0.0336298
440.140000000 : LOG VEL_R 0.700004
440.140000000 : R 12.0823 8.21496 -0.0336298
440.140000000 : LOG VEL_R 0.700004
440.180000000 : H 11.7614 5.97564 -1.17061
440.180000000 : LOG VEL_H 0.400000
440.180000000 : R 12.0823 8.21496 -0.0336298
440.180000000 : LOG VEL_R 0.700004
440.180000 : HUMAN_MODEL C_DANGER -1.000000 
440.180000 : HUMAN_MODEL C_PASSBY -1.000000
440.180000000 : R 12.0823 8.21496 -0.0336298
440.180000000 : LOG VEL_R 0.700004
440.180000000 : H 11.7614 5.97564 -1.17061
440.180000000 : LOG VEL_H 0.400000
440.180000000 : R 12.1522 8.21242 -0.0316298
440.180000000 : LOG VEL_R 0.700008
440.180000 : HUMAN_MODEL C_DANGER -1.000000 
440.180000 : HUMAN_MODEL C_PASSBY -1.000000
440.200000000 : H 11.7767 5.9387 -1.1864
440.200000000 : LOG VEL_H 0.400000
440.200000000 : R 12.1522 8.21242 -0.0316298
440.200000000 : LOG VEL_R 0.700008
440.200000 : HUMAN_MODEL C_DANGER -1.000000 
440.200000 : HUMAN_MODEL C_PASSBY -1.000000
440.240000000 : H 11.7767 5.9387 -1.1864
440.240000000 : LOG VEL_H 0.400000
440.240000000 : R 12.1522 8.21242 -0.0316298
440.240000000 : LOG VEL_R 0.700008
440.240000 : HUMAN_MODEL C_DANGER -1.000000 
440.240000 : HUMAN_MODEL C_PASSBY -1.000000
440.280000000 : R 12.1522 8.21242 -0.0316298
440.280000000 : LOG VEL_R 0.700008
440.280000000 : H 11.7767 5.9387 -1.1864
440.280000000 : LOG VEL_H 0.400000
440.280000000 : R 12.2222 8.21047 -0.0336298
440.280000000 : LOG VEL_R 0.693784
440.280000 : HUMAN_MODEL C_DANGER -1.000000 
440.280000 : HUMAN_MODEL C_PASSBY -1.000000
440.340000000 : H 11.7917 5.90162 -1.1864
440.340000000 : LOG VEL_H 0.400000
440.340000000 : R 12.2222 8.21047 -0.0336298
440.340000000 : LOG VEL_R 0.693784
440.340000 : HUMAN_MODEL C_DANGER -1.000000 
440.340000 : HUMAN_MODEL C_PASSBY -1.000000
440.340000000 : R 12.2222 8.21047 -0.0336298
440.340000000 : LOG VEL_R 0.693784
440.380000000 : R 12.2222 8.21047 -0.0336298
440.380000000 : LOG VEL_R 0.693784
440.420000000 : H 11.8062 5.86432 -1.22324
440.420000000 : LOG VEL_H 0.400000
440.420000000 : R 12.2916 8.21056 -0.0316298
440.420000000 : LOG VEL_R 0.699019
440.420000 : HUMAN_MODEL C_DANGER -1.000000 
440.420000 : HUMAN_MODEL C_PASSBY -1.000000
440.480000000 : H 11.8062 5.86432 -1.22324
440.480000000 : LOG VEL_H 0.400000
440.480000000 : R 12.2916 8.21056 -0.0316298
440.480000000 : LOG VEL_R 0.699019
440.480000 : HUMAN_MODEL C_DANGER -1.000000 
440.480000 : HUMAN_MODEL C_PASSBY -1.000000
440.480000000 : R 12.2916 8.21056 -0.0316298
440.480000000 : LOG VEL_R 0.699019
440.480000000 : R 12.3614 8.20775 -0.0263519
440.480000000 : LOG VEL_R 0.699019
440.500000000 : H 11.8198 5.82672 -1.22324
440.500000000 : LOG VEL_H 0.400000
440.500000000 : R 12.3614 8.20775 -0.0263519
440.500000000 : LOG VEL_R 0.699019
440.500000 : HUMAN_MODEL C_DANGER -1.000000 
440.500000 : HUMAN_MODEL C_PASSBY -1.000000
440.540000000 : H 11.8198 5.82672 -1.22324
440.540000000 : LOG VEL_H 0.400000
440.540000000 : R 12.3614 8.20775 -0.0263519
440.540000000 : LOG VEL_R 0.699019
440.540000 : HUMAN_MODEL C_DANGER -1.000000 
440.540000 : HUMAN_MODEL C_PASSBY -1.000000
440.580000000 : H 11.8198 5.82672 -1.22324
440.580000000 : LOG VEL_H 0.400000
440.580000000 : R 12.3614 8.20775 -0.0263519
440.580000000 : LOG VEL_R 0.699019
440.580000 : HUMAN_MODEL C_DANGER -1.000000 
440.580000 : HUMAN_MODEL C_PASSBY -1.000000
440.580000000 : R 12.4313 8.20531 -0.021074
440.580000000 : LOG VEL_R 0.660991
440.640000000 : H 11.8334 5.78911 -1.22324
440.640000000 : LOG VEL_H 0.400000
440.640000000 : R 12.4313 8.20531 -0.021074
440.640000000 : LOG VEL_R 0.660991
440.640000 : HUMAN_MODEL C_DANGER -1.000000 
440.640000 : HUMAN_MODEL C_PASSBY -1.000000
440.680000000 : H 11.8334 5.78911 -1.22324
440.680000000 : LOG VEL_H 0.400000
440.680000000 : R 12.4313 8.20531 -0.021074
440.680000000 : LOG VEL_R 0.660991
440.680000 : HUMAN_MODEL C_DANGER -1.000000 
440.680000 : HUMAN_MODEL C_PASSBY -1.000000
440.720000000 : H 11.8466 5.75136 -1.24956
440.720000000 : LOG VEL_H 0.378947
440.720000000 : R 12.4973 8.20267 -0.00971933
440.720000000 : LOG VEL_R 0.000000

440.780000000 : H 11.8466 5.75136 -1.24956
440.780000000 : LOG VEL_H 0.378947
440.780000000 : R 12.4973 8.20267 -0.00971933
440.780000000 : LOG VEL_R 0.000000

440.820000000 : H 11.8585 5.71538 -1.25482
440.820000000 : LOG VEL_H 0.378947
440.820000000 : R 12.4973 8.20267 -0.00971933
440.820000000 : LOG VEL_R 0.000000

440.820000000 : R 12.4973 8.20267 -0.00971933
440.820000000 : LOG VEL_R 0.000000
440.820000000 : R 12.4973 8.20267 -0.00971933
440.820000000 : LOG VEL_R 0.000000
440.840000000 : H 11.8585 5.71538 -1.25482
440.840000000 : LOG VEL_H 0.378947
440.840000000 : R 12.4973 8.20267 -0.00971933
440.840000000 : LOG VEL_R 0.000000

440.880000000 : H 11.8585 5.71538 -1.25482
440.880000000 : LOG VEL_H 0.378947
440.880000000 : R 12.4973 8.20267 -0.00971933
440.880000000 : LOG VEL_R 0.000000

440.940000000 : H 11.8705 5.67943 -1.23903
440.940000000 : LOG VEL_H 0.400000
440.940000000 : R 12.4973 8.20267 -0.00971933
440.940000000 : LOG VEL_R 0.000000

440.940000000 : R 12.4973 8.20267 -0.00971933
440.940000000 : LOG VEL_R 0.000000
440.980000000 : H 11.8705 5.67943 -1.23903
440.980000000 : LOG VEL_H 0.400000
440.980000000 : R 12.4973 8.20267 -0.00971933
440.980000000 : LOG VEL_R 0.000000

440.980000000 : R 12.4973 8.20267 -0.00971933
440.980000000 : LOG VEL_R 0.000000
440.980000000 : R 12.4973 8.20267 -0.00971933
440.980000000 : LOG VEL_R 0.000000
441.000000000 : H 11.8836 5.64162 -1.23903
441.000000000 : LOG VEL_H 0.400000
441.000000000 : R 12.4973 8.20267 -0.00971933
441.000000000 : LOG VEL_R 0.000000

441.040000000 : H 11.8836 5.64162 -1.23903
441.060000000 : LOG VEL_H 0.400000
441.060000000 : R 12.4973 8.20267 -0.00971933
441.060000000 : LOG VEL_R 0.000000

441.080000000 : R 12.4973 8.20267 -0.00971933
441.080000000 : LOG VEL_R 0.000000
441.080000000 : H 11.8836 5.64162 -1.23903
441.080000000 : LOG VEL_H 0.400000
441.080000000 : R 12.4973 8.20267 -0.00971933
441.080000000 : LOG VEL_R 0.000000

441.140000000 : H 11.8966 5.6038 -1.23903
441.140000000 : LOG VEL_H 0.400000
441.140000000 : R 12.4973 8.20267 -0.00971933
441.140000000 : LOG VEL_R 0.000000

441.180000000 : R 12.4973 8.20267 -0.00971933
441.180000000 : LOG VEL_R 0.000000
441.220000000 : H 11.8966 5.6038 -1.23903
441.220000000 : LOG VEL_H 0.400000
441.220000000 : R 12.4973 8.20267 -0.00971933
441.220000000 : LOG VEL_R 0.000000

441.260000000 : H 11.9091 5.56579 -1.27588
441.260000000 : LOG VEL_H 0.400000
441.260000000 : R 12.4973 8.20267 -0.00971933
441.260000000 : LOG VEL_R 0.000000

441.320000000 : H 11.9091 5.56579 -1.27588
441.320000000 : LOG VEL_H 0.400000
441.320000000 : R 12.4973 8.20267 -0.00971933
441.320000000 : LOG VEL_R 0.000000

441.320000000 : H 11.9207 5.52752 -1.27588
441.320000000 : LOG VEL_H 0.400000
441.320000000 : R 12.4973 8.20267 -0.00971933
441.320000000 : LOG VEL_R 0.000000

441.340000000 : H 11.9207 5.52752 -1.27588
441.340000000 : LOG VEL_H 0.400000
441.340000000 : R 12.4973 8.20267 -0.00971933
441.340000000 : LOG VEL_R 0.000000

Phase : 28 technical reliable
442.380000000 : R 12.4973 8.20267 -0.00971933
442.380000000 : LOG VEL_R 0.000000
442.400000000 : R 12.4973 8.20267 -0.00971933
442.400000000 : LOG VEL_R 0.000000
442.460000000 : R 12.4973 8.20267 -0.00971933
442.460000000 : LOG VEL_R 0.000000
442.480000000 : R 12.4973 8.20267 -0.00971933
442.480000000 : LOG VEL_R 0.000000
442.540000000 : R 12.4973 8.20267 -0.00971933
442.540000000 : LOG VEL_R 0.000000
442.580000000 : R 12.4973 8.20267 -0.00971933
442.580000000 : LOG VEL_R 0.000000
442.620000000 : R 12.4973 8.20267 -0.00971933
442.620000000 : LOG VEL_R 0.123164
442.660000000 : R 12.4973 8.20267 -0.00971933
442.660000000 : LOG VEL_R 0.123164
442.660000000 : R 12.4973 8.20267 -0.00971933
442.660000000 : LOG VEL_R 0.123164
442.720000000 : R 12.5093 8.2056 -0.00433125
442.720000000 : LOG VEL_R 0.194497
442.720000000 : R 12.5093 8.2056 -0.00433125
442.720000000 : LOG VEL_R 0.194497
442.720000000 : R 12.5093 8.2056 -0.00433125
442.720000000 : LOG VEL_R 0.194497
442.740000000 : R 12.5093 8.2056 -0.00433125
442.740000000 : LOG VEL_R 0.194497
442.780000000 : R 12.5093 8.2056 -0.00433125
442.780000000 : LOG VEL_R 0.194497
442.840000000 : R 12.5283 8.20978 0.00538848
442.840000000 : LOG VEL_R 0.368010
442.880000000 : R 12.5283 8.20978 0.00538848
442.880000000 : LOG VEL_R 0.368010
442.880000000 : R 12.5649 8.214 0.00770216
442.880000000 : LOG VEL_R 0.479943
442.900000000 : R 12.5649 8.214 0.00770216
442.900000000 : LOG VEL_R 0.479943
442.960000000 : R 12.5649 8.214 0.00770216
442.960000000 : LOG VEL_R 0.479943
442.980000000 : R 12.5649 8.214 0.00770216
442.980000000 : LOG VEL_R 0.479943
442.980000000 : R 12.6127 8.21845 0.0152859
442.980000000 : LOG VEL_R 0.479943
443.040000000 : R 12.6127 8.21845 0.0152859
443.040000000 : LOG VEL_R 0.479943
443.040000000 : R 12.6127 8.21845 0.0152859
443.040000000 : LOG VEL_R 0.479943
443.080000000 : R 12.6127 8.21845 0.0152859
443.080000000 : LOG VEL_R 0.479943
443.120000000 : R 12.6604 8.22327 0.0228695
443.120000000 : LOG VEL_R 0.599585
443.120000000 : R 12.6604 8.22327 0.0228695
443.120000000 : LOG VEL_R 0.599585
443.180000000 : R 12.6604 8.22327 0.0228695
443.180000000 : LOG VEL_R 0.599585
443.180000000 : R 12.7204 8.22348 0.019617
443.180000000 : LOG VEL_R 0.697694
443.200000000 : R 12.7204 8.22348 0.019617
443.200000000 : LOG VEL_R 0.697694
443.240000000 : R 12.7204 8.22348 0.019617
443.240000000 : LOG VEL_R 0.697694
443.280000000 : R 12.7901 8.22244 0.0108368
443.280000000 : LOG VEL_R 0.700272
443.340000000 : R 12.7901 8.22244 0.0108368
443.340000000 : LOG VEL_R 0.700272
443.380000000 : R 12.7901 8.22244 0.0108368
443.380000000 : LOG VEL_R 0.700272
443.420000000 : R 12.8601 8.22092 -0.000696309
443.420000000 : LOG VEL_R 0.700086
443.420000000 : R 12.8601 8.22092 -0.000696309
443.420000000 : LOG VEL_R 0.700086
443.480000000 : R 12.8601 8.22092 -0.000696309
443.480000000 : LOG VEL_R 0.700086
443.480000000 : R 12.9301 8.21956 -0.00838581
443.480000000 : LOG VEL_R 0.700086
443.500000000 : R 12.9301 8.21956 -0.00838581
443.500000000 : LOG VEL_R 0.700086
443.560000000 : R 12.9301 8.21956 -0.00838581
443.560000000 : LOG VEL_R 0.700086
443.580000000 : R 13.0001 8.21766 -0.0160753
443.580000000 : LOG VEL_R 0.700070
443.640000000 : R 13.0001 8.21766 -0.0160753
443.640000000 : LOG VEL_R 0.700070
443.680000000 : R 13.0001 8.21766 -0.0160753
443.680000000 : LOG VEL_R 0.700070
443.720000000 : R 13.0701 8.21542 -0.0205898
443.720000000 : LOG VEL_R 0.700118
443.780000000 : R 13.0701 8.21542 -0.0205898
443.780000000 : LOG VEL_R 0.700118
443.780000000 : R 13.1401 8.21532 -0.0185898
443.780000000 : LOG VEL_R 0.700274
443.800000000 : R 13.1401 8.21532 -0.0185898
443.800000000 : LOG VEL_R 0.700274
443.840000000 : R 13.1401 8.21532 -0.0185898
443.840000000 : LOG VEL_R 0.700274
443.880000000 : R 13.2101 8.21627 -0.00795129
443.880000000 : LOG VEL_R 0.700033
443.940000000 : R 13.2101 8.21627 -0.00795129
443.940000000 : LOG VEL_R 0.700033
443.980000000 : R 13.2101 8.21627 -0.00795129
443.980000000 : LOG VEL_R 0.700033
444.040000000 : R 13.2801 8.2165 -0.00426223
444.040000000 : LOG VEL_R 0.700033
444.040000000 : R 13.2801 8.2165 -0.00426223
444.040000000 : LOG VEL_R 0.700033
444.080000000 : R 13.2801 8.2165 -0.00426223
444.080000000 : LOG VEL_R 0.700033
444.080000000 : R 13.2801 8.2165 -0.00426223
444.080000000 : LOG VEL_R 0.700033
444.080000000 : R 13.3501 8.21698 -0.000573179
444.080000000 : LOG VEL_R 0.700039
444.100000000 : R 13.3501 8.21698 -0.000573179
444.100000000 : LOG VEL_R 0.700039
444.160000000 : R 13.3501 8.21698 -0.000573179
444.160000000 : LOG VEL_R 0.700039
444.180000000 : R 13.4201 8.21786 0.00559402
444.180000000 : LOG VEL_R 0.700062
444.240000000 : R 13.4201 8.21786 0.00559402
444.240000000 : LOG VEL_R 0.700062
444.280000000 : R 13.4201 8.21786 0.00559402
444.280000000 : LOG VEL_R 0.700062
444.320000000 : R 13.4901 8.21949 0.0166477
444.320000000 : LOG VEL_R 0.700048
444.380000000 : R 13.4901 8.21949 0.0166477
444.380000000 : LOG VEL_R 0.700048
444.380000000 : R 13.4901 8.21949 0.0166477
444.380000000 : LOG VEL_R 0.700048
444.380000000 : R 13.5601 8.2199 0.0190645
444.380000000 : LOG VEL_R 0.700095
444.400000000 : R 13.5601 8.2199 0.0190645
444.400000000 : LOG VEL_R 0.700095
444.440000000 : R 13.5601 8.2199 0.0190645
444.440000000 : LOG VEL_R 0.700095
444.480000000 : R 13.6301 8.22003 0.0170645
444.480000000 : LOG VEL_R 0.700095
444.540000000 : R 13.6301 8.22003 0.0170645
444.540000000 : LOG VEL_R 0.700095
444.580000000 : R 13.6301 8.22003 0.0170645
444.580000000 : LOG VEL_R 0.700095
444.620000000 : R 13.7001 8.22002 0.0150645
444.620000000 : LOG VEL_R 0.700078
444.660000000 : R 13.7001 8.22002 0.0150645
444.660000000 : LOG VEL_R 0.700078
444.720000000 : R 13.7701 8.22195 0.00908117
444.720000000 : LOG VEL_R 0.700207
444.720000000 : R 13.7701 8.22195 0.00908117
444.720000000 : LOG VEL_R 0.700207
444.720000000 : R 13.7701 8.22195 0.00908117
444.720000000 : LOG VEL_R 0.700207
444.740000000 : R 13.7701 8.22195 0.00908117
444.740000000 : LOG VEL_R 0.700207
444.780000000 : R 13.8401 8.22059 -0.0014415
444.780000000 : LOG VEL_R 0.700043
444.840000000 : R 13.8401 8.22059 -0.0014415
444.840000000 : LOG VEL_R 0.700043
444.880000000 : R 13.8401 8.22059 -0.0014415
444.880000000 : LOG VEL_R 0.700043
444.920000000 : R 13.9101 8.21964 -0.00404575
444.920000000 : LOG VEL_R 0.700015
444.980000000 : R 13.9101 8.21964 -0.00404575
444.980000000 : LOG VEL_R 0.700015
445.020000000 : R 13.9801 8.21987 -0.00204575
445.020000000 : LOG VEL_R 0.700015
445.020000000 : R 13.9801 8.21987 -0.00204575
445.020000000 : LOG VEL_R 0.700015
445.040000000 : R 13.9801 8.21987 -0.00204575
445.040000000 : LOG VEL_R 0.700015
445.080000000 : R 13.9801 8.21987 -0.00204575
445.080000000 : LOG VEL_R 0.700015
445.140000000 : R 14.0501 8.22023 -4.57526e-05
445.140000000 : LOG VEL_R 0.700044
445.180000000 : R 14.0501 8.22023 -4.57526e-05
445.180000000 : LOG VEL_R 0.700044
445.180000000 : R 14.0501 8.22023 -4.57526e-05
445.180000000 : LOG VEL_R 0.700044
445.180000000 : R 14.1201 8.22104 0.000528895
445.180000000 : LOG VEL_R 0.700002
445.200000000 : R 14.1201 8.22104 0.000528895
445.200000000 : LOG VEL_R 0.700002
445.260000000 : R 14.1201 8.22104 0.000528895
445.260000000 : LOG VEL_R 0.700002
445.300000000 : R 14.1901 8.22125 0.000701977
445.300000000 : LOG VEL_R 0.700049
445.340000000 : R 14.1901 8.22125 0.000701977
445.340000000 : LOG VEL_R 0.700049
445.380000000 : R 14.1901 8.22125 0.000701977
445.380000000 : LOG VEL_R 0.700049
445.440000000 : R 14.2601 8.22224 0.0048846
445.440000000 : LOG VEL_R 0.700049
445.440000000 : R 14.2601 8.22224 0.0048846
445.440000000 : LOG VEL_R 0.700049
445.480000000 : R 14.2601 8.22224 0.0048846
445.480000000 : LOG VEL_R 0.700049
445.480000000 : R 14.3301 8.2234 0.00490243
445.480000000 : LOG VEL_R 0.700049
445.500000000 : R 14.3301 8.2234 0.00490243
445.500000000 : LOG VEL_R 0.700049
445.540000000 : R 14.3301 8.2234 0.00490243
445.540000000 : LOG VEL_R 0.700049
445.580000000 : R 14.4001 8.22457 0.00492026
445.580000000 : LOG VEL_R 0.700001
445.640000000 : R 14.4001 8.22457 0.00492026
445.640000000 : LOG VEL_R 0.700001
445.680000000 : R 14.4001 8.22457 0.00492026
445.680000000 : LOG VEL_R 0.700001
445.720000000 : R 14.4701 8.22508 0.00561108
445.720000000 : LOG VEL_R 0.700036
445.780000000 : R 14.4701 8.22508 0.00561108
445.780000000 : LOG VEL_R 0.700036
445.780000000 : R 14.4701 8.22508 0.00561108
445.780000000 : LOG VEL_R 0.700036
445.820000000 : R 14.5401 8.22643 0.0144143
445.820000000 : LOG VEL_R 0.700000
445.820000000 : R 14.5401 8.22643 0.0144143
445.820000000 : LOG VEL_R 0.700000
445.820000000 : R 14.5401 8.22643 0.0144143
445.820000000 : LOG VEL_R 0.700000
445.840000000 : R 14.5401 8.22643 0.0144143
445.840000000 : LOG VEL_R 0.700000
445.880000000 : R 14.5401 8.22643 0.0144143
445.880000000 : LOG VEL_R 0.700000
445.940000000 : R 14.6101 8.22751 0.0189435
445.940000000 : LOG VEL_R 0.700074
445.980000000 : R 14.6101 8.22751 0.0189435
445.980000000 : LOG VEL_R 0.700074
445.980000000 : R 14.6101 8.22751 0.0189435
445.980000000 : LOG VEL_R 0.700074
445.980000000 : R 14.6801 8.22769 0.0143289
445.980000000 : LOG VEL_R 0.700074
446.000000000 : R 14.6801 8.22769 0.0143289
446.000000000 : LOG VEL_R 0.700074
446.040000000 : R 14.6801 8.22769 0.0143289
446.040000000 : LOG VEL_R 0.700074
446.080000000 : R 14.6801 8.22769 0.0143289
446.080000000 : LOG VEL_R 0.700074
446.080000000 : R 14.7501 8.22754 0.00971432
446.080000000 : LOG VEL_R 0.700008
446.140000000 : R 14.7501 8.22754 0.00971432
446.140000000 : LOG VEL_R 0.700008
446.180000000 : R 14.7501 8.22754 0.00971432
446.180000000 : LOG VEL_R 0.700008
446.240000000 : R 14.8201 8.22794 0.0117143
446.240000000 : LOG VEL_R 0.700000
446.240000000 : R 14.8201 8.22794 0.0117143
446.240000000 : LOG VEL_R 0.700000
446.280000000 : R 14.8201 8.22794 0.0117143
446.280000000 : LOG VEL_R 0.700000
446.280000000 : R 14.8201 8.22794 0.0117143
446.280000000 : LOG VEL_R 0.700000
446.280000000 : R 14.8901 8.2288 0.0153675
446.280000000 : LOG VEL_R 0.700001
446.300000000 : R 14.8901 8.2288 0.0153675
446.300000000 : LOG VEL_R 0.700001
446.340000000 : R 14.8901 8.2288 0.0153675
446.340000000 : LOG VEL_R 0.700001
446.380000000 : R 14.9601 8.23008 0.0277945
446.380000000 : LOG VEL_R 0.700204
446.440000000 : R 14.9601 8.23008 0.0277945
446.440000000 : LOG VEL_R 0.700204
446.480000000 : R 14.9601 8.23008 0.0277945
446.480000000 : LOG VEL_R 0.700204
446.520000000 : R 15.03 8.23431 0.0487789
446.520000000 : LOG VEL_R 0.700204
446.580000000 : R 15.03 8.23431 0.0487789
446.580000000 : LOG VEL_R 0.700204
446.580000000 : R 15.0998 8.23999 0.0697634
446.580000000 : LOG VEL_R 0.700006
446.600000000 : R 15.0998 8.23999 0.0697634
446.600000000 : LOG VEL_R 0.700006
446.660000000 : R 15.0998 8.23999 0.0697634
446.660000000 : LOG VEL_R 0.700006
446.680000000 : R 15.1696 8.24489 0.0805056
446.680000000 : LOG VEL_R 0.700659
446.740000000 : R 15.1696 8.24489 0.0805056
446.740000000 : LOG VEL_R 0.700659
446.780000000 : R 15.1696 8.24489 0.0805056
446.780000000 : LOG VEL_R 0.700659
446.820000000 : R 15.2396 8.24758 0.0837613
446.820000000 : LOG VEL_R 0.700255
446.860000000 : R 15.2396 8.24758 0.0837613
446.860000000 : LOG VEL_R 0.700255
446.920000000 : R 15.3095 8.25191 0.0963437
446.920000000 : LOG VEL_R 0.700185
446.920000000 : R 15.3095 8.25191 0.0963437
446.920000000 : LOG VEL_R 0.700185
446.920000000 : R 15.3095 8.25191 0.0963437
446.920000000 : LOG VEL_R 0.700185
446.940000000 : R 15.3095 8.25191 0.0963437
446.940000000 : LOG VEL_R 0.700185
446.980000000 : R 15.3095 8.25191 0.0963437
446.980000000 : LOG VEL_R 0.700185
447.040000000 : R 15.3793 8.25711 0.099013
447.040000000 : LOG VEL_R 0.700185
447.080000000 : R 15.3793 8.25711 0.099013
447.080000000 : LOG VEL_R 0.700185
447.080000000 : R 15.4491 8.2625 0.101682
447.080000000 : LOG VEL_R 0.700612
447.100000000 : R 15.4491 8.2625 0.101682
447.100000000 : LOG VEL_R 0.700612
447.160000000 : R 15.4491 8.2625 0.101682
447.160000000 : LOG VEL_R 0.700612
447.200000000 : R 15.519 8.26703 0.113759
447.200000000 : LOG VEL_R 0.700005
447.240000000 : R 15.519 8.26703 0.113759
447.240000000 : LOG VEL_R 0.700005
447.280000000 : R 15.519 8.26703 0.113759
447.280000000 : LOG VEL_R 0.700005
447.340000000 : R 15.5885 8.27532 0.134895
447.340000000 : LOG VEL_R 0.700668
447.380000000 : R 15.5885 8.27532 0.134895
447.380000000 : LOG VEL_R 0.700668
447.380000000 : R 15.6583 8.28235 0.158098
447.380000000 : LOG VEL_R 0.700575
447.400000000 : R 15.6583 8.28235 0.158098
447.400000000 : LOG VEL_R 0.700575
447.460000000 : R 15.6583 8.28235 0.158098
447.460000000 : LOG VEL_R 0.700575
447.500000000 : R 15.7278 8.29111 0.177646
447.500000000 : LOG VEL_R 0.700575
447.540000000 : R 15.7278 8.29111 0.177646
447.540000000 : LOG VEL_R 0.700575
447.580000000 : R 15.7278 8.29111 0.177646
447.580000000 : LOG VEL_R 0.700575
447.640000000 : R 15.7971 8.30123 0.197194
447.640000000 : LOG VEL_R 0.701256
447.640000000 : R 15.7971 8.30123 0.197194
447.640000000 : LOG VEL_R 0.701256
447.680000000 : R 15.7971 8.30123 0.197194
447.680000000 : LOG VEL_R 0.701256
447.680000000 : R 15.8665 8.31126 0.21267
447.680000000 : LOG VEL_R 0.642283
447.700000000 : R 15.8665 8.31126 0.21267
447.700000000 : LOG VEL_R 0.642283
447.760000000 : R 15.8665 8.31126 0.21267
447.760000000 : LOG VEL_R 0.642283
447.780000000 : R 15.9304 8.31739 0.219621
447.780000000 : LOG VEL_R 0.708201
447.840000000 : R 15.9304 8.31739 0.219621
447.840000000 : LOG VEL_R 0.708201
447.840000000 : R 15.9304 8.31739 0.219621
447.840000000 : LOG VEL_R 0.708201
447.880000000 : R 15.9304 8.31739 0.219621
447.880000000 : LOG VEL_R 0.708201
447.920000000 : R 16.0011 8.32242 0.22907
447.920000000 : LOG VEL_R 0.703148
447.980000000 : R 16.0011 8.32242 0.22907
447.980000000 : LOG VEL_R 0.703148
447.980000000 : R 16.0011 8.32242 0.22907
447.980000000 : LOG VEL_R 0.703148
448.020000000 : R 16.0707 8.33188 0.230453
448.020000000 : LOG VEL_R 0.703148
448.020000000 : R 16.0707 8.33188 0.230453
448.020000000 : LOG VEL_R 0.703148
448.020000000 : R 16.0707 8.33188 0.230453
448.020000000 : LOG VEL_R 0.703148
448.040000000 : R 16.0707 8.33188 0.230453
448.040000000 : LOG VEL_R 0.703148
448.080000000 : R 16.0707 8.33188 0.230453
448.080000000 : LOG VEL_R 0.703148
448.140000000 : R 16.1404 8.34144 0.231835
448.140000000 : LOG VEL_R 0.703518
448.180000000 : R 16.1404 8.34144 0.231835
448.180000000 : LOG VEL_R 0.703518
448.180000000 : R 16.1404 8.34144 0.231835
448.180000000 : LOG VEL_R 0.703518
448.180000000 : R 16.2102 8.35041 0.221888
448.180000000 : LOG VEL_R 0.703582
448.200000000 : R 16.2102 8.35041 0.221888
448.200000000 : LOG VEL_R 0.703582
448.240000000 : R 16.2102 8.35041 0.221888
448.240000000 : LOG VEL_R 0.703582
448.280000000 : R 16.2801 8.35854 0.209133
448.280000000 : LOG VEL_R 0.703134
448.340000000 : R 16.2801 8.35854 0.209133
448.340000000 : LOG VEL_R 0.703134
448.380000000 : R 16.2801 8.35854 0.209133
448.380000000 : LOG VEL_R 0.703134
448.420000000 : R 16.35 8.36594 0.186116
448.420000000 : LOG VEL_R 0.706305
448.480000000 : R 16.35 8.36594 0.186116
448.480000000 : LOG VEL_R 0.706305
448.520000000 : R 16.4205 8.36916 0.168983
448.520000000 : LOG VEL_R 0.706305
448.520000000 : R 16.4205 8.36916 0.168983
448.520000000 : LOG VEL_R 0.706305
448.540000000 : R 16.4205 8.36916 0.168983
448.540000000 : LOG VEL_R 0.706305
448.580000000 : R 16.4205 8.36916 0.168983
448.580000000 : LOG VEL_R 0.706305
448.640000000 : R 16.4911 8.37116 0.151851
448.640000000 : LOG VEL_R 0.700623
448.640000000 : R 16.4911 8.37116 0.151851
448.640000000 : LOG VEL_R 0.700623
448.680000000 : R 16.4911 8.37116 0.151851
448.680000000 : LOG VEL_R 0.700623
448.680000000 : R 16.5609 8.37796 0.120407
448.680000000 : LOG VEL_R 0.700571
448.700000000 : R 16.5609 8.37796 0.120407
448.700000000 : LOG VEL_R 0.700571
448.740000000 : R 16.5609 8.37796 0.120407
448.740000000 : LOG VEL_R 0.700571
448.780000000 : R 16.6308 8.38271 0.0902261
448.780000000 : LOG VEL_R 0.700688
448.840000000 : R 16.6308 8.38271 0.0902261
448.840000000 : LOG VEL_R 0.700688
448.880000000 : R 16.6308 8.38271 0.0902261
448.880000000 : LOG VEL_R 0.700688
448.940000000 : R 16.7008 8.38469 0.0460108
448.940000000 : LOG VEL_R 0.700368
448.940000000 : R 16.7008 8.38469 0.0460108
448.940000000 : LOG VEL_R 0.700368
448.980000000 : R 16.7008 8.38469 0.0460108
448.980000000 : LOG VEL_R 0.700368
448.980000000 : R 16.7707 8.38867 -0.00775336
448.980000000 : LOG VEL_R 0.700368
449.000000000 : R 16.7707 8.38867 -0.00775336
449.000000000 : LOG VEL_R 0.700368
449.040000000 : R 16.7707 8.38867 -0.00775336
449.040000000 : LOG VEL_R 0.700368
449.080000000 : R 16.8407 8.38889 -0.0615175
449.080000000 : LOG VEL_R 0.707043
449.140000000 : R 16.8407 8.38889 -0.0615175
449.140000000 : LOG VEL_R 0.707043
449.180000000 : R 16.8407 8.38889 -0.0615175
449.180000000 : LOG VEL_R 0.707043
449.220000000 : R 16.9113 8.39272 -0.125526
449.220000000 : LOG VEL_R 0.706148
449.260000000 : R 16.9113 8.39272 -0.125526
449.260000000 : LOG VEL_R 0.706148
449.260000000 : R 16.9113 8.39272 -0.125526
449.260000000 : LOG VEL_R 0.706148
449.320000000 : R 16.9819 8.39088 -0.206928
449.320000000 : LOG VEL_R 0.720862
449.320000000 : R 16.9819 8.39088 -0.206928
449.320000000 : LOG VEL_R 0.720862
449.320000000 : R 16.9819 8.39088 -0.206928
449.320000000 : LOG VEL_R 0.720862
449.340000000 : R 16.9819 8.39088 -0.206928
449.340000000 : LOG VEL_R 0.720862
449.380000000 : R 16.9819 8.39088 -0.206928
449.380000000 : LOG VEL_R 0.720862
449.440000000 : R 17.054 8.39123 -0.280486
449.440000000 : LOG VEL_R 0.734551
449.440000000 : R 17.054 8.39123 -0.280486
449.440000000 : LOG VEL_R 0.734551
449.480000000 : R 17.054 8.39123 -0.280486
449.480000000 : LOG VEL_R 0.734551
449.480000000 : R 17.054 8.39123 -0.280486
449.480000000 : LOG VEL_R 0.734551
449.480000000 : R 17.1274 8.39108 -0.354357
449.480000000 : LOG VEL_R 0.734551
449.500000000 : R 17.1274 8.39108 -0.354357
449.500000000 : LOG VEL_R 0.734551
449.540000000 : R 17.1274 8.39108 -0.354357
449.560000000 : LOG VEL_R 0.734551
449.600000000 : R 17.2006 8.3855 -0.428228
449.600000000 : LOG VEL_R 0.744430
449.640000000 : R 17.2006 8.3855 -0.428228
449.640000000 : LOG VEL_R 0.744430
449.680000000 : R 17.2006 8.3855 -0.428228
449.680000000 : LOG VEL_R 0.744430
449.720000000 : R 17.2746 8.37741 -0.498215
449.720000000 : LOG VEL_R 0.734248
449.780000000 : R 17.2746 8.37741 -0.498215
449.780000000 : LOG VEL_R 0.734248
449.780000000 : R 17.2746 8.37741 -0.498215
449.780000000 : LOG VEL_R 0.734248
449.780000000 : R 17.3474 8.36736 -0.570869
449.780000000 : LOG VEL_R 0.723209
449.800000000 : R 17.3474 8.36736 -0.570869
449.800000000 : LOG VEL_R 0.723209
449.840000000 : R 17.3474 8.36736 -0.570869
449.860000000 : LOG VEL_R 0.723209
449.880000000 : R 17.4186 8.35488 -0.646393
449.880000000 : LOG VEL_R 0.705726
449.940000000 : R 17.4186 8.35488 -0.646393
449.940000000 : LOG VEL_R 0.705726
449.980000000 : R 17.4186 8.35488 -0.646393
449.980000000 : LOG VEL_R 0.705726
449.980000000 : R 17.4186 8.35488 -0.646393
449.980000000 : LOG VEL_R 0.705726
450.020000000 : R 17.4879 8.34192 -0.726649
450.020000000 : LOG VEL_R 0.705726
450.060000000 : R 17.4879 8.34192 -0.726649
450.080000000 : LOG VEL_R 0.705726
450.080000000 : R 17.4879 8.34192 -0.726649
450.080000000 : LOG VEL_R 0.705726
450.120000000 : R 17.556 8.32344 -0.806904
450.120000000 : LOG VEL_R 0.683329
450.120000000 : R 17.556 8.32344 -0.806904
450.120000000 : LOG VEL_R 0.683329
450.120000000 : R 17.556 8.32344 -0.806904
450.120000000 : LOG VEL_R 0.683329
450.140000000 : R 17.556 8.32344 -0.806904
450.140000000 : LOG VEL_R 0.683329
450.180000000 : R 17.556 8.32344 -0.806904
450.180000000 : LOG VEL_R 0.683329
450.240000000 : R 17.6221 8.30628 -0.894169
450.240000000 : LOG VEL_R 0.613738
450.280000000 : R 17.6221 8.30628 -0.894169
450.280000000 : LOG VEL_R 0.613738
450.280000000 : R 17.6808 8.28834 -0.976506
450.280000000 : LOG VEL_R 0.603256
450.300000000 : R 17.6808 8.28834 -0.976506
450.300000000 : LOG VEL_R 0.603256
450.340000000 : R 17.6808 8.28834 -0.976506
450.340000000 : LOG VEL_R 0.603256
450.380000000 : R 17.739 8.27251 -1.06551
450.380000000 : LOG VEL_R 0.589911
450.440000000 : R 17.739 8.27251 -1.06551
450.440000000 : LOG VEL_R 0.589911
450.480000000 : R 17.739 8.27251 -1.06551
450.480000000 : LOG VEL_R 0.589911
450.520000000 : R 17.7961 8.25782 -1.16159
450.520000000 : LOG VEL_R 0.589911
450.560000000 : R 17.7961 8.25782 -1.16159
450.560000000 : LOG VEL_R 0.589911
450.620000000 : R 17.8516 8.23773 -1.25767
450.620000000 : LOG VEL_R 0.565834
450.620000000 : R 17.8516 8.23773 -1.25767
450.620000000 : LOG VEL_R 0.565834
450.620000000 : R 17.8516 8.23773 -1.25767
450.620000000 : LOG VEL_R 0.565834
450.640000000 : R 17.8516 8.23773 -1.25767
450.640000000 : LOG VEL_R 0.565834
450.680000000 : R 17.8516 8.23773 -1.25767
450.680000000 : LOG VEL_R 0.565834
450.740000000 : R 17.9057 8.22128 -1.35811
450.740000000 : LOG VEL_R 0.577320
450.780000000 : R 17.9057 8.22128 -1.35811
450.780000000 : LOG VEL_R 0.577320
450.780000000 : R 17.9057 8.22128 -1.35811
450.780000000 : LOG VEL_R 0.577320
450.780000000 : R 17.9609 8.20453 -1.46393
450.780000000 : LOG VEL_R 0.232174
450.800000000 : R 17.9609 8.20453 -1.46393
450.800000000 : LOG VEL_R 0.232174
450.860000000 : R 17.9609 8.20453 -1.46393
450.860000000 : LOG VEL_R 0.232174
450.880000000 : R 17.9609 8.20453 -1.46393
450.880000000 : LOG VEL_R 0.232174
450.880000000 : R 17.9825 8.19596 -1.50671
450.880000000 : LOG VEL_R 0.000000
450.940000000 : R 17.9825 8.19596 -1.50671
450.940000000 : LOG VEL_R 0.000000
450.980000000 : R 17.9825 8.19596 -1.50671
450.980000000 : LOG VEL_R 0.000000
451.040000000 : R 17.9825 8.19596 -1.50671
451.040000000 : LOG VEL_R 0.000000
451.040000000 : R 17.9825 8.19596 -1.50671
451.040000000 : LOG VEL_R 0.000000
451.080000000 : R 17.9825 8.19596 -1.50671
451.080000000 : LOG VEL_R 0.000000
451.080000000 : R 17.9825 8.19596 -1.50671
451.080000000 : LOG VEL_R 0.000000
451.080000000 : R 17.9825 8.19596 -1.50671
451.080000000 : LOG VEL_R 0.000000
451.100000000 : R 17.9825 8.19596 -1.50671
451.100000000 : LOG VEL_R 0.000000
451.160000000 : R 17.9825 8.19596 -1.50671
451.160000000 : LOG VEL_R 0.000000
451.180000000 : R 17.9825 8.19596 -1.50671
451.180000000 : LOG VEL_R 0.000000
451.240000000 : R 17.9825 8.19596 -1.50671
451.240000000 : LOG VEL_R 0.000000
451.280000000 : R 17.9825 8.19596 -1.50671
451.280000000 : LOG VEL_R 0.000000
451.340000000 : R 17.9825 8.19596 -1.50671
451.340000000 : LOG VEL_R 0.000000
451.380000000 : R 17.9825 8.19596 -1.50671
451.380000000 : LOG VEL_R 0.000000
451.380000000 : R 17.9825 8.19596 -1.50671
451.380000000 : LOG VEL_R 0.000000
451.380000000 : R 17.9825 8.19596 -1.50671
451.380000000 : LOG VEL_R 0.000000
451.400000000 : R 17.9825 8.19596 -1.50671
451.400000000 : LOG VEL_R 0.000000
451.460000000 : R 17.9825 8.19596 -1.50671
451.460000000 : LOG VEL_R 0.000000
451.480000000 : R 17.9825 8.19596 -1.50671
451.480000000 : LOG VEL_R 0.000000
451.540000000 : R 17.9825 8.19596 -1.50671
451.540000000 : LOG VEL_R 0.000000
451.580000000 : R 17.9825 8.19596 -1.50671
451.580000000 : LOG VEL_R 0.000000
451.620000000 : R 17.9825 8.19596 -1.50671
451.620000000 : LOG VEL_R 0.000000
451.680000000 : R 17.9825 8.19596 -1.50671
451.680000000 : LOG VEL_R 0.000000
451.720000000 : R 17.9825 8.19596 -1.50671
451.720000000 : LOG VEL_R 0.000000
451.720000000 : R 17.9825 8.19596 -1.50671
451.720000000 : LOG VEL_R 0.000000
451.740000000 : R 17.9825 8.19596 -1.50671
451.740000000 : LOG VEL_R 0.000000
Phase : 29 interaction reliable
452.440000000 : R 17.9825 8.19596 -1.50671
452.440000000 : LOG VEL_R 0.000000
452.480000000 : R 17.9825 8.19596 -1.50671
452.480000000 : LOG VEL_R 0.000000
452.480000000 : R 17.9825 8.19596 -1.50671
452.480000000 : LOG VEL_R 0.000000
452.500000000 : R 17.9825 8.19596 -1.50671
452.500000000 : LOG VEL_R 0.000000
452.560000000 : R 17.9825 8.19596 -1.50671
452.560000000 : LOG VEL_R 0.000000
452.580000000 : R 17.9825 8.19596 -1.50671
452.580000000 : LOG VEL_R 0.114606
452.640000000 : R 17.9825 8.19596 -1.50671
452.640000000 : LOG VEL_R 0.114606
452.680000000 : R 17.9825 8.19596 -1.50671
452.680000000 : LOG VEL_R 0.114606
452.720000000 : R 17.981 8.18459 -1.51285
452.720000000 : LOG VEL_R 0.212501
452.780000000 : R 17.981 8.18459 -1.51285
452.780000000 : LOG VEL_R 0.212501
452.820000000 : R 17.9797 8.16339 -1.52372
452.820000000 : LOG VEL_R 0.212501
452.820000000 : R 17.9797 8.16339 -1.52372
452.820000000 : LOG VEL_R 0.212501
452.840000000 : R 17.9797 8.16339 -1.52372
452.840000000 : LOG VEL_R 0.212501
452.880000000 : R 17.9797 8.16339 -1.52372
452.880000000 : LOG VEL_R 0.212501
452.940000000 : R 17.9781 8.14219 -1.5346
452.940000000 : LOG VEL_R 0.399511
452.980000000 : R 17.9781 8.14219 -1.5346
452.980000000 : LOG VEL_R 0.399511
452.980000000 : R 17.9781 8.14219 -1.5346
452.980000000 : LOG VEL_R 0.399511
452.980000000 : R 17.9772 8.10225 -1.54783
452.980000000 : LOG VEL_R 0.397629
453.000000000 : R 17.9772 8.10225 -1.54783
453.000000000 : LOG VEL_R 0.397629
453.060000000 : R 17.9772 8.10225 -1.54783
453.060000000 : LOG VEL_R 0.397629
453.080000000 : R 17.9768 8.06249 -1.55548
453.080000000 : LOG VEL_R 0.547029
453.140000000 : R 17.9768 8.06249 -1.55548
453.140000000 : LOG VEL_R 0.547029
453.180000000 : R 17.9768 8.06249 -1.55548
453.180000000 : LOG VEL_R 0.547029
453.220000000 : R 17.9757 8.0078 -1.56698
453.240000000 : LOG VEL_R 0.656991
453.240000000 : R 17.9757 8.0078 -1.56698
453.240000000 : LOG VEL_R 0.656991
453.280000000 : R 17.9757 8.0078 -1.56698
453.280000000 : LOG VEL_R 0.656991
453.280000000 : R 17.9757 8.0078 -1.56698
453.280000000 : LOG VEL_R 0.656991
453.280000000 : R 17.9751 7.9421 -1.57046
453.280000000 : LOG VEL_R 0.656991
453.300000000 : R 17.9751 7.9421 -1.57046
453.300000000 : LOG VEL_R 0.656991
453.340000000 : R 17.9751 7.9421 -1.57046
453.340000000 : LOG VEL_R 0.656991
453.380000000 : R 17.9743 7.87641 -1.57393
453.380000000 : LOG VEL_R 0.700007
453.440000000 : R 17.9743 7.87641 -1.57393
453.440000000 : LOG VEL_R 0.700007
453.480000000 : R 17.9743 7.87641 -1.57393
453.480000000 : LOG VEL_R 0.700007
453.540000000 : R 17.9745 7.80641 -1.57002
453.540000000 : LOG VEL_R 0.700017
453.580000000 : R 17.9745 7.80641 -1.57002
453.580000000 : LOG VEL_R 0.700017
453.580000000 : R 17.9752 7.73641 -1.56529
453.580000000 : LOG VEL_R 0.700003
453.600000000 : R 17.9752 7.73641 -1.56529
453.600000000 : LOG VEL_R 0.700003
453.660000000 : R 17.9752 7.73641 -1.56529
453.660000000 : LOG VEL_R 0.700003
453.680000000 : R 17.9753 7.66641 -1.56729
453.680000000 : LOG VEL_R 0.700001
453.740000000 : R 17.9753 7.66641 -1.56729
453.740000000 : LOG VEL_R 0.700001
453.780000000 : R 17.9753 7.66641 -1.56729
453.780000000 : LOG VEL_R 0.700001
453.820000000 : R 17.9757 7.59641 -1.56529
453.820000000 : LOG VEL_R 0.700001
453.880000000 : R 17.9757 7.59641 -1.56529
453.880000000 : LOG VEL_R 0.700001
453.880000000 : R 17.9757 7.59641 -1.56529
453.880000000 : LOG VEL_R 0.700001
453.920000000 : R 17.9763 7.52641 -1.56329
453.920000000 : LOG VEL_R 0.700024
453.920000000 : R 17.9763 7.52641 -1.56329
453.920000000 : LOG VEL_R 0.700024
453.920000000 : R 17.9763 7.52641 -1.56329
453.920000000 : LOG VEL_R 0.700024
453.940000000 : R 17.9763 7.52641 -1.56329
453.940000000 : LOG VEL_R 0.700024
453.980000000 : R 17.9763 7.52641 -1.56329
453.980000000 : LOG VEL_R 0.700024
454.040000000 : R 17.9762 7.45641 -1.56529
454.040000000 : LOG VEL_R 0.700095
454.080000000 : R 17.9762 7.45641 -1.56529
454.080000000 : LOG VEL_R 0.700095
454.080000000 : R 17.9752 7.38641 -1.57295
454.080000000 : LOG VEL_R 0.700000
454.100000000 : R 17.9752 7.38641 -1.57295
454.100000000 : LOG VEL_R 0.700000
454.160000000 : R 17.9752 7.38641 -1.57295
454.160000000 : LOG VEL_R 0.700000
454.200000000 : R 17.9751 7.31641 -1.57095
454.200000000 : LOG VEL_R 0.700004
454.240000000 : R 17.9751 7.31641 -1.57095
454.240000000 : LOG VEL_R 0.700004
454.280000000 : R 17.9751 7.31641 -1.57095
454.280000000 : LOG VEL_R 0.700004
454.340000000 : R 17.9754 7.24641 -1.56782
454.340000000 : LOG VEL_R 0.700000
454.340000000 : R 17.9754 7.24641 -1.56782
454.340000000 : LOG VEL_R 0.700000
454.380000000 : R 17.9754 7.24641 -1.56782
454.380000000 : LOG VEL_R 0.700000
454.380000000 : R 17.9754 7.24641 -1.56782
454.380000000 : LOG VEL_R 0.700000
454.380000000 : R 17.9757 7.17641 -1.56541
454.380000000 : LOG VEL_R 0.700000
454.400000000 : R 17.9757 7.17641 -1.56541
454.400000000 : LOG VEL_R 0.700000
454.460000000 : R 17.9757 7.17641 -1.56541
454.460000000 : LOG VEL_R 0.700000
454.480000000 : R 17.9761 7.10641 -1.56299
454.480000000 : LOG VEL_R 0.700001
454.540000000 : R 17.9761 7.10641 -1.56299
454.540000000 : LOG VEL_R 0.700001
454.580000000 : R 17.9761 7.10641 -1.56299
454.580000000 : LOG VEL_R 0.700001
454.620000000 : R 17.9766 7.03641 -1.5603
454.620000000 : LOG VEL_R 0.700003
454.620000000 : R 17.9766 7.03641 -1.5603
454.620000000 : LOG VEL_R 0.700003
454.680000000 : R 17.9766 7.03641 -1.5603
454.680000000 : LOG VEL_R 0.700003
454.680000000 : R 17.9772 6.96642 -1.55751
454.680000000 : LOG VEL_R 0.700066
454.700000000 : R 17.9772 6.96642 -1.55751
454.700000000 : LOG VEL_R 0.700066
454.760000000 : R 17.9772 6.96642 -1.55751
454.760000000 : LOG VEL_R 0.700066
454.780000000 : R 17.9772 6.96642 -1.55751
454.780000000 : LOG VEL_R 0.700066
454.780000000 : R 17.9771 6.89641 -1.55951
454.780000000 : LOG VEL_R 0.700075
454.840000000 : R 17.9771 6.89641 -1.55951
454.840000000 : LOG VEL_R 0.700075
454.880000000 : R 17.9771 6.89641 -1.55951
454.880000000 : LOG VEL_R 0.700075
454.940000000 : R 17.9767 6.8264 -1.56795
454.940000000 : LOG VEL_R 0.700075
454.940000000 : R 17.9767 6.8264 -1.56795
454.940000000 : LOG VEL_R 0.700075
454.980000000 : R 17.9767 6.8264 -1.56795
454.980000000 : LOG VEL_R 0.700075
454.980000000 : R 17.9767 6.8264 -1.56795
454.980000000 : LOG VEL_R 0.700075
454.980000000 : R 17.9756 6.7564 -1.5764
454.980000000 : LOG VEL_R 0.700028
455.000000000 : R 17.9756 6.7564 -1.5764
455.000000000 : LOG VEL_R 0.700028
455.060000000 : R 17.9756 6.7564 -1.5764
455.060000000 : LOG VEL_R 0.700028
455.100000000 : R 17.9759 6.6864 -1.5744
455.100000000 : LOG VEL_R 0.700043
455.140000000 : R 17.9759 6.6864 -1.5744
455.140000000 : LOG VEL_R 0.700043
455.180000000 : R 17.9759 6.6864 -1.5744
455.180000000 : LOG VEL_R 0.700043
455.240000000 : R 17.9766 6.6164 -1.56756
455.240000000 : LOG VEL_R 0.700002
455.240000000 : R 17.9766 6.6164 -1.56756
455.240000000 : LOG VEL_R 0.700002
455.280000000 : R 17.9766 6.6164 -1.56756
455.280000000 : LOG VEL_R 0.700002
455.280000000 : R 17.9766 6.5464 -1.56956
455.280000000 : LOG VEL_R 0.700002
455.300000000 : R 17.9766 6.5464 -1.56956
455.300000000 : LOG VEL_R 0.700002
455.360000000 : R 17.9766 6.5464 -1.56956
455.360000000 : LOG VEL_R 0.700002
455.380000000 : R 17.9769 6.4764 -1.56756
455.380000000 : LOG VEL_R 0.700002
455.440000000 : R 17.9769 6.4764 -1.56756
455.440000000 : LOG VEL_R 0.700002
455.480000000 : R 17.9769 6.4764 -1.56756
455.480000000 : LOG VEL_R 0.700002
455.520000000 : R 17.9774 6.4064 -1.56556
455.520000000 : LOG VEL_R 0.700013
455.560000000 : R 17.9774 6.4064 -1.56556
455.560000000 : LOG VEL_R 0.700013
455.620000000 : R 17.9784 6.33641 -1.55853
455.620000000 : LOG VEL_R 0.700008
455.620000000 : R 17.9784 6.33641 -1.55853
455.620000000 : LOG VEL_R 0.700008
455.640000000 : R 17.9784 6.33641 -1.55853
455.640000000 : LOG VEL_R 0.700008
455.680000000 : R 17.9784 6.33641 -1.55853
455.680000000 : LOG VEL_R 0.700008
455.740000000 : R 17.9788 6.26641 -1.56053
455.740000000 : LOG VEL_R 0.700107
455.740000000 : R 17.9788 6.26641 -1.56053
455.740000000 : LOG VEL_R 0.700107
455.780000000 : R 17.9788 6.26641 -1.56053
455.780000000 : LOG VEL_R 0.700107
455.780000000 : R 17.9788 6.26641 -1.56053
455.780000000 : LOG VEL_R 0.700107
455.780000000 : R 17.978 6.1964 -1.57111
455.780000000 : LOG VEL_R 0.700008
455.800000000 : R 17.978 6.1964 -1.57111
455.800000000 : LOG VEL_R 0.700008
455.860000000 : R 17.978 6.1964 -1.57111
455.860000000 : LOG VEL_R 0.700008
455.900000000 : R 17.9776 6.1264 -1.57523
455.900000000 : LOG VEL_R 0.700008
455.940000000 : R 17.9776 6.1264 -1.57523
455.940000000 : LOG VEL_R 0.700008
455.980000000 : R 17.9776 6.1264 -1.57523
455.980000000 : LOG VEL_R 0.700008
456.020000000 : R 17.9768 6.05641 -1.57936
456.020000000 : LOG VEL_R 0.700065
456.080000000 : R 17.9768 6.05641 -1.57936
456.080000000 : LOG VEL_R 0.700065
456.080000000 : R 17.9768 6.05641 -1.57936
456.080000000 : LOG VEL_R 0.700065
456.080000000 : R 17.9772 5.9864 -1.57736
456.080000000 : LOG VEL_R 0.700128
456.100000000 : R 17.9772 5.9864 -1.57736
456.100000000 : LOG VEL_R 0.700128
456.140000000 : R 17.9772 5.9864 -1.57736
456.160000000 : LOG VEL_R 0.700128
456.180000000 : R 17.9783 5.9164 -1.57024
456.180000000 : LOG VEL_R 0.700033
456.240000000 : R 17.9783 5.9164 -1.57024
456.240000000 : LOG VEL_R 0.700033
456.280000000 : R 17.9783 5.9164 -1.57024
456.280000000 : LOG VEL_R 0.700033
456.340000000 : R 17.9791 5.8464 -1.56642
456.340000000 : LOG VEL_R 0.700012
456.340000000 : R 17.9791 5.8464 -1.56642
456.340000000 : LOG VEL_R 0.700012
456.380000000 : R 17.9791 5.8464 -1.56642
456.380000000 : LOG VEL_R 0.700012
456.380000000 : R 17.9791 5.8464 -1.56642
456.380000000 : LOG VEL_R 0.700012
456.380000000 : R 17.98 5.7764 -1.56133
456.380000000 : LOG VEL_R 0.700012
456.400000000 : R 17.98 5.7764 -1.56133
456.400000000 : LOG VEL_R 0.700012
456.440000000 : R 17.98 5.7764 -1.56133
456.440000000 : LOG VEL_R 0.700012
456.480000000 : R 17.9812 5.70641 -1.55625
456.480000000 : LOG VEL_R 0.700028
456.540000000 : R 17.9812 5.70641 -1.55625
456.540000000 : LOG VEL_R 0.700028
456.580000000 : R 17.9812 5.70641 -1.55625
456.580000000 : LOG VEL_R 0.700028
456.640000000 : R 17.9815 5.63641 -1.55825
456.640000000 : LOG VEL_R 0.700084
456.640000000 : R 17.9815 5.63641 -1.55825
456.640000000 : LOG VEL_R 0.700084
456.680000000 : R 17.9815 5.63641 -1.55825
456.680000000 : LOG VEL_R 0.700084
456.680000000 : R 17.9811 5.5664 -1.56767
456.680000000 : LOG VEL_R 0.700008
456.700000000 : R 17.9811 5.5664 -1.56767
456.700000000 : LOG VEL_R 0.700008
456.740000000 : R 17.9811 5.5664 -1.56767
456.740000000 : LOG VEL_R 0.700008
456.780000000 : R 17.9809 5.4964 -1.56963
456.780000000 : LOG VEL_R 0.700016
456.840000000 : R 17.9809 5.4964 -1.56963
456.840000000 : LOG VEL_R 0.700016
456.880000000 : R 17.9809 5.4964 -1.56963
456.880000000 : LOG VEL_R 0.700016
456.920000000 : R 17.9815 5.42641 -1.56763
456.920000000 : LOG VEL_R 0.700016
456.960000000 : R 17.9815 5.42641 -1.56763
456.960000000 : LOG VEL_R 0.700016
457.020000000 : R 17.9823 5.35641 -1.56563
457.020000000 : LOG VEL_R 0.700004
457.020000000 : R 17.9823 5.35641 -1.56563
457.020000000 : LOG VEL_R 0.700004
457.040000000 : R 17.9823 5.35641 -1.56563
457.040000000 : LOG VEL_R 0.700004
457.080000000 : R 17.9823 5.35641 -1.56563
457.080000000 : LOG VEL_R 0.700004
457.140000000 : R 17.9823 5.28641 -1.56763
457.140000000 : LOG VEL_R 0.700003
457.180000000 : R 17.9823 5.28641 -1.56763
457.180000000 : LOG VEL_R 0.700003
457.180000000 : R 17.9828 5.21641 -1.56563
457.180000000 : LOG VEL_R 0.700017
457.200000000 : R 17.9828 5.21641 -1.56563
457.200000000 : LOG VEL_R 0.700017
457.240000000 : R 17.9828 5.21641 -1.56563
457.240000000 : LOG VEL_R 0.700017
457.280000000 : R 17.9827 5.14641 -1.56763
457.280000000 : LOG VEL_R 0.700021
457.340000000 : R 17.9827 5.14641 -1.56763
457.340000000 : LOG VEL_R 0.700021
457.380000000 : R 17.9827 5.14641 -1.56763
457.380000000 : LOG VEL_R 0.700021
457.420000000 : R 17.9835 5.07641 -1.56563
457.420000000 : LOG VEL_R 0.700021
457.480000000 : R 17.9835 5.07641 -1.56563
457.480000000 : LOG VEL_R 0.700021
457.480000000 : R 17.9835 5.07641 -1.56563
457.480000000 : LOG VEL_R 0.700021
457.520000000 : R 17.9844 5.00641 -1.56363
457.520000000 : LOG VEL_R 0.700016
457.520000000 : R 17.9844 5.00641 -1.56363
457.520000000 : LOG VEL_R 0.700016
457.520000000 : R 17.9844 5.00641 -1.56363
457.520000000 : LOG VEL_R 0.700016
457.540000000 : R 17.9844 5.00641 -1.56363
457.540000000 : LOG VEL_R 0.700016
457.580000000 : R 17.9844 5.00641 -1.56363
457.580000000 : LOG VEL_R 0.700016
457.640000000 : R 17.9844 4.93641 -1.56563
457.640000000 : LOG VEL_R 0.700009
457.680000000 : R 17.9844 4.93641 -1.56563
457.680000000 : LOG VEL_R 0.700009
457.680000000 : R 17.9852 4.86642 -1.56363
457.680000000 : LOG VEL_R 0.700004
457.700000000 : R 17.9852 4.86642 -1.56363
457.700000000 : LOG VEL_R 0.700004
457.760000000 : R 17.9852 4.86642 -1.56363
457.760000000 : LOG VEL_R 0.700004
457.780000000 : R 17.9852 4.86642 -1.56363
457.780000000 : LOG VEL_R 0.700004
457.780000000 : R 17.9854 4.79642 -1.56563
457.780000000 : LOG VEL_R 0.700005
457.840000000 : R 17.9854 4.79642 -1.56563
457.840000000 : LOG VEL_R 0.700005
457.880000000 : R 17.9854 4.79642 -1.56563
457.880000000 : LOG VEL_R 0.700005
457.940000000 : R 17.986 4.72642 -1.56363
457.940000000 : LOG VEL_R 0.700005
457.940000000 : R 17.986 4.72642 -1.56363
457.940000000 : LOG VEL_R 0.700005
457.980000000 : R 17.986 4.72642 -1.56363
457.980000000 : LOG VEL_R 0.700005
457.980000000 : R 17.9869 4.65642 -1.56163
457.980000000 : LOG VEL_R 0.700008
458.000000000 : R 17.9869 4.65642 -1.56163
458.000000000 : LOG VEL_R 0.700008
458.040000000 : R 17.9869 4.65642 -1.56163
458.060000000 : LOG VEL_R 0.700008
458.080000000 : R 17.9871 4.58642 -1.56363
458.080000000 : LOG VEL_R 0.700001
458.140000000 : R 17.9871 4.58642 -1.56363
458.140000000 : LOG VEL_R 0.700001
458.180000000 : R 17.9871 4.58642 -1.56363
458.180000000 : LOG VEL_R 0.700001
458.220000000 : R 17.9874 4.51642 -1.56618
458.220000000 : LOG VEL_R 0.700014
458.280000000 : R 17.9874 4.51642 -1.56618
458.280000000 : LOG VEL_R 0.700014
458.320000000 : R 17.9882 4.44643 -1.56418
458.320000000 : LOG VEL_R 0.700001
458.320000000 : R 17.9882 4.44643 -1.56418
458.320000000 : LOG VEL_R 0.700001
458.320000000 : R 17.9882 4.44643 -1.56418
458.320000000 : LOG VEL_R 0.700001
458.340000000 : R 17.9882 4.44643 -1.56418
458.340000000 : LOG VEL_R 0.700001
458.380000000 : R 17.9882 4.44643 -1.56418
458.380000000 : LOG VEL_R 0.700001
458.440000000 : R 17.9887 4.37643 -1.56618
458.440000000 : LOG VEL_R 0.700001
458.480000000 : R 17.9887 4.37643 -1.56618
458.480000000 : LOG VEL_R 0.700001
458.480000000 : R 17.9891 4.30643 -1.56818
458.480000000 : LOG VEL_R 0.693896
458.500000000 : R 17.9891 4.30643 -1.56818
458.500000000 : LOG VEL_R 0.693896
458.540000000 : R 17.9891 4.30643 -1.56818
458.540000000 : LOG VEL_R 0.693896
458.580000000 : R 17.9899 4.23704 -1.56618
458.580000000 : LOG VEL_R 0.693628
458.640000000 : R 17.9899 4.23704 -1.56618
458.640000000 : LOG VEL_R 0.693628
458.680000000 : R 17.9899 4.23704 -1.56618
458.680000000 : LOG VEL_R 0.693628
458.720000000 : R 17.9908 4.16769 -1.56142
458.720000000 : LOG VEL_R 0.700008
458.760000000 : R 17.9908 4.16769 -1.56142
458.760000000 : LOG VEL_R 0.700008
458.760000000 : R 17.9908 4.16769 -1.56142
458.760000000 : LOG VEL_R 0.700008
458.820000000 : R 17.9919 4.0977 -1.55875
458.820000000 : LOG VEL_R 0.700001
458.820000000 : R 17.9919 4.0977 -1.55875
458.820000000 : LOG VEL_R 0.700001
458.820000000 : R 17.9919 4.0977 -1.55875
458.820000000 : LOG VEL_R 0.700001
458.840000000 : R 17.9919 4.0977 -1.55875
458.840000000 : LOG VEL_R 0.700001
458.880000000 : R 17.9919 4.0977 -1.55875
458.880000000 : LOG VEL_R 0.700001
458.940000000 : R 17.9926 4.0277 -1.56075
458.940000000 : LOG VEL_R 0.700001
458.980000000 : R 17.9926 4.0277 -1.56075
458.980000000 : LOG VEL_R 0.700001
458.980000000 : R 17.9926 4.0277 -1.56075
458.980000000 : LOG VEL_R 0.700001
458.980000000 : R 17.9931 3.9577 -1.56275
458.980000000 : LOG VEL_R 0.700004
459.000000000 : R 17.9931 3.9577 -1.56275
459.000000000 : LOG VEL_R 0.700004
459.060000000 : R 17.9931 3.9577 -1.56275
459.060000000 : LOG VEL_R 0.700004
459.080000000 : R 17.9939 3.88771 -1.56075
459.080000000 : LOG VEL_R 0.700022
459.140000000 : R 17.9939 3.88771 -1.56075
459.140000000 : LOG VEL_R 0.700022
459.180000000 : R 17.9939 3.88771 -1.56075
459.180000000 : LOG VEL_R 0.700022
459.240000000 : R 17.9952 3.81772 -1.55842
459.240000000 : LOG VEL_R 0.700000
459.280000000 : R 17.9952 3.81772 -1.55842
459.280000000 : LOG VEL_R 0.700000
459.280000000 : R 17.9952 3.81772 -1.55842
459.280000000 : LOG VEL_R 0.700000
459.280000000 : R 17.996 3.74772 -1.56042
459.280000000 : LOG VEL_R 0.700000
459.300000000 : R 17.996 3.74772 -1.56042
459.300000000 : LOG VEL_R 0.700000
459.340000000 : R 17.996 3.74772 -1.56042
459.340000000 : LOG VEL_R 0.700000
459.380000000 : R 17.996 3.74772 -1.56042
459.380000000 : LOG VEL_R 0.700000
459.380000000 : R 17.9968 3.67772 -1.55842
459.380000000 : LOG VEL_R 0.700000
459.440000000 : R 17.9968 3.67772 -1.55842
459.440000000 : LOG VEL_R 0.700000
459.480000000 : R 17.9968 3.67772 -1.55842
459.480000000 : LOG VEL_R 0.700000
459.540000000 : R 17.9978 3.60773 -1.55642
459.540000000 : LOG VEL_R 0.650585
459.580000000 : R 17.9978 3.60773 -1.55642
459.580000000 : LOG VEL_R 0.650585
459.580000000 : R 17.9992 3.54269 -1.54668
459.580000000 : LOG VEL_R 0.000000
459.600000000 : R 17.9992 3.54269 -1.54668
459.600000000 : LOG VEL_R 0.000000
459.640000000 : R 17.9992 3.54269 -1.54668
459.640000000 : LOG VEL_R 0.000000
459.680000000 : R 17.9992 3.54269 -1.54668
459.680000000 : LOG VEL_R 0.000000
459.740000000 : R 17.9992 3.54269 -1.54668
459.740000000 : LOG VEL_R 0.000000
459.780000000 : R 17.9992 3.54269 -1.54668
459.780000000 : LOG VEL_R 0.000000
459.820000000 : R 17.9992 3.54269 -1.54668
459.820000000 : LOG VEL_R 0.000000
459.820000000 : R 17.9992 3.54269 -1.54668
459.820000000 : LOG VEL_R 0.000000
459.880000000 : R 17.9992 3.54269 -1.54668
459.880000000 : LOG VEL_R 0.000000
459.920000000 : R 17.9992 3.54269 -1.54668
459.920000000 : LOG VEL_R 0.000000
459.920000000 : R 17.9992 3.54269 -1.54668
459.920000000 : LOG VEL_R 0.000000
459.920000000 : R 17.9992 3.54269 -1.54668
459.920000000 : LOG VEL_R 0.000000
459.940000000 : R 17.9992 3.54269 -1.54668
459.940000000 : LOG VEL_R 0.000000
459.980000000 : R 17.9992 3.54269 -1.54668
459.980000000 : LOG VEL_R 0.000000
460.040000000 : R 17.9992 3.54269 -1.54668
460.040000000 : LOG VEL_R 0.000000
460.080000000 : R 17.9992 3.54269 -1.54668
460.080000000 : LOG VEL_R 0.000000
460.080000000 : R 17.9992 3.54269 -1.54668
460.080000000 : LOG VEL_R 0.000000
460.120000000 : R 17.9992 3.54269 -1.54668
460.120000000 : LOG VEL_R 0.000000
460.180000000 : R 17.9992 3.54269 -1.54668
460.180000000 : LOG VEL_R 0.000000
460.220000000 : R 17.9992 3.54269 -1.54668
460.220000000 : LOG VEL_R 0.000000
460.220000000 : R 17.9992 3.54269 -1.54668
460.220000000 : LOG VEL_R 0.000000
460.220000000 : R 17.9992 3.54269 -1.54668
460.220000000 : LOG VEL_R 0.000000
460.240000000 : R 17.9992 3.54269 -1.54668
460.240000000 : LOG VEL_R 0.000000
460.280000000 : R 17.9992 3.54269 -1.54668
460.280000000 : LOG VEL_R 0.000000
460.340000000 : R 17.9992 3.54269 -1.54668
460.340000000 : LOG VEL_R 0.000000
460.380000000 : R 17.9992 3.54269 -1.54668
460.380000000 : LOG VEL_R 0.000000
460.380000000 : R 17.9992 3.54269 -1.54668
460.380000000 : LOG VEL_R 0.000000
460.400000000 : R 17.9992 3.54269 -1.54668
460.400000000 : LOG VEL_R 0.000000
460.440000000 : R 17.9992 3.54269 -1.54668
460.440000000 : LOG VEL_R 0.000000
460.480000000 : R 17.9992 3.54269 -1.54668
460.480000000 : LOG VEL_R 0.000000
460.540000000 : R 17.9992 3.54269 -1.54668
460.540000000 : LOG VEL_R 0.000000
460.580000000 : R 17.9992 3.54269 -1.54668
460.580000000 : LOG VEL_R 0.000000
460.640000000 : R 17.9992 3.54269 -1.54668
460.640000000 : LOG VEL_R 0.000000
460.640000000 : R 17.9992 3.54269 -1.54668
460.640000000 : LOG VEL_R 0.000000
Phase : 30 technical reliable
461.440000000 : R 17.9992 3.54269 -1.54668
461.440000000 : LOG VEL_R 0.000000
461.480000000 : R 17.9992 3.54269 -1.54668
461.480000000 : LOG VEL_R 0.000000
461.540000000 : R 17.9992 3.54269 -1.54668
461.540000000 : LOG VEL_R 0.000000
461.580000000 : R 17.9992 3.54269 -1.54668
461.580000000 : LOG VEL_R 0.000000
461.580000000 : R 17.9992 3.54269 -1.54668
461.580000000 : LOG VEL_R 0.098250
461.600000000 : R 17.9992 3.54269 -1.54668
461.600000000 : LOG VEL_R 0.098250
461.660000000 : R 17.9992 3.54269 -1.54668
461.660000000 : LOG VEL_R 0.098250
461.680000000 : R 17.9992 3.54269 -1.54668
461.680000000 : LOG VEL_R 0.098250
461.680000000 : R 17.9927 3.55003 -1.56402
461.680000000 : LOG VEL_R 0.098250
461.740000000 : R 17.9927 3.55003 -1.56402
461.740000000 : LOG VEL_R 0.098250
461.780000000 : R 17.9927 3.55003 -1.56402
461.780000000 : LOG VEL_R 0.098250
461.840000000 : R 17.9863 3.55748 -1.58136
461.840000000 : LOG VEL_R 0.152981
461.840000000 : R 17.9863 3.55748 -1.58136
461.840000000 : LOG VEL_R 0.152981
461.880000000 : R 17.9863 3.55748 -1.58136
461.880000000 : LOG VEL_R 0.152981
461.880000000 : R 17.9863 3.55748 -1.58136
461.880000000 : LOG VEL_R 0.152981
461.880000000 : R 17.9779 3.57031 -1.61047
461.880000000 : LOG VEL_R 0.123903
461.900000000 : R 17.9779 3.57031 -1.61047
461.900000000 : LOG VEL_R 0.123903
461.940000000 : R 17.9779 3.57031 -1.61047
461.940000000 : LOG VEL_R 0.123903
461.980000000 : R 17.9779 3.57031 -1.61047
461.980000000 : LOG VEL_R 0.123903
461.980000000 : R 17.9704 3.58018 -1.6411
461.980000000 : LOG VEL_R 0.129490
462.040000000 : R 17.9704 3.58018 -1.6411
462.040000000 : LOG VEL_R 0.129490
462.080000000 : R 17.9704 3.58018 -1.6411
462.080000000 : LOG VEL_R 0.129490
462.120000000 : R 17.9614 3.5894 -1.6825
462.120000000 : LOG VEL_R 0.110508
462.120000000 : R 17.9614 3.5894 -1.6825
462.120000000 : LOG VEL_R 0.110508
462.180000000 : R 17.9614 3.5894 -1.6825
462.180000000 : LOG VEL_R 0.110508
462.180000000 : R 17.9614 3.5894 -1.6825
462.180000000 : LOG VEL_R 0.110508
462.180000000 : R 17.952 3.59533 -1.7346
462.180000000 : LOG VEL_R 0.110508
462.200000000 : R 17.952 3.59533 -1.7346
462.200000000 : LOG VEL_R 0.110508
462.240000000 : R 17.952 3.59533 -1.7346
462.260000000 : LOG VEL_R 0.110508
462.280000000 : R 17.952 3.59533 -1.7346
462.280000000 : LOG VEL_R 0.110508
462.280000000 : R 17.943 3.60174 -1.78669
462.280000000 : LOG VEL_R 0.191312
462.340000000 : R 17.943 3.60174 -1.78669
462.340000000 : LOG VEL_R 0.191312
462.380000000 : R 17.943 3.60174 -1.78669
462.380000000 : LOG VEL_R 0.191312
462.420000000 : R 17.9261 3.61068 -1.85128
462.420000000 : LOG VEL_R 0.286844
462.460000000 : R 17.9261 3.61068 -1.85128
462.460000000 : LOG VEL_R 0.286844
462.520000000 : R 17.8976 3.61396 -1.9354
462.520000000 : LOG VEL_R 0.274384
462.520000000 : R 17.8976 3.61396 -1.9354
462.520000000 : LOG VEL_R 0.274384
462.520000000 : R 17.8976 3.61396 -1.9354
462.520000000 : LOG VEL_R 0.274384
462.540000000 : R 17.8976 3.61396 -1.9354
462.540000000 : LOG VEL_R 0.274384
462.580000000 : R 17.8976 3.61396 -1.9354
462.580000000 : LOG VEL_R 0.274384
462.640000000 : R 17.8708 3.61984 -2.01153
462.640000000 : LOG VEL_R 0.377226
462.680000000 : R 17.8708 3.61984 -2.01153
462.680000000 : LOG VEL_R 0.377226
462.680000000 : R 17.8333 3.6238 -2.09953
462.680000000 : LOG VEL_R 0.377226
462.700000000 : R 17.8333 3.6238 -2.09953
462.700000000 : LOG VEL_R 0.377226
462.760000000 : R 17.8333 3.6238 -2.09953
462.760000000 : LOG VEL_R 0.377226
462.780000000 : R 17.8333 3.6238 -2.09953
462.780000000 : LOG VEL_R 0.377226
462.780000000 : R 17.7963 3.63105 -2.18754
462.780000000 : LOG VEL_R 0.489470
462.840000000 : R 17.7963 3.63105 -2.18754
462.840000000 : LOG VEL_R 0.489470
462.880000000 : R 17.7963 3.63105 -2.18754
462.880000000 : LOG VEL_R 0.489470
462.920000000 : R 17.7479 3.6378 -2.28972
462.920000000 : LOG VEL_R 0.528242
462.960000000 : R 17.7479 3.6378 -2.28972
462.960000000 : LOG VEL_R 0.528242
463.020000000 : R 17.6953 3.64313 -2.40273
463.020000000 : LOG VEL_R 0.597257
463.020000000 : R 17.6953 3.64313 -2.40273
463.020000000 : LOG VEL_R 0.597257
463.020000000 : R 17.6953 3.64313 -2.40273
463.020000000 : LOG VEL_R 0.597257
463.040000000 : R 17.6953 3.64313 -2.40273
463.040000000 : LOG VEL_R 0.597257
463.080000000 : R 17.638 3.65971 -2.51564
463.080000000 : LOG VEL_R 0.689156
463.140000000 : R 17.638 3.65971 -2.51564
463.140000000 : LOG VEL_R 0.689156
463.180000000 : R 17.638 3.65971 -2.51564
463.180000000 : LOG VEL_R 0.689156
463.220000000 : R 17.5729 3.68221 -2.62547
463.220000000 : LOG VEL_R 0.689156
463.280000000 : R 17.5729 3.68221 -2.62547
463.280000000 : LOG VEL_R 0.689156
463.280000000 : R 17.5729 3.68221 -2.62547
463.280000000 : LOG VEL_R 0.689156
463.320000000 : R 17.5107 3.71171 -2.7353
463.320000000 : LOG VEL_R 0.762273
463.320000000 : R 17.5107 3.71171 -2.7353
463.320000000 : LOG VEL_R 0.762273
463.320000000 : R 17.5107 3.71171 -2.7353
463.320000000 : LOG VEL_R 0.762273
463.340000000 : R 17.5107 3.71171 -2.7353
463.340000000 : LOG VEL_R 0.762273
463.380000000 : R 17.5107 3.71171 -2.7353
463.380000000 : LOG VEL_R 0.762273
463.440000000 : R 17.4439 3.74843 -2.84269
463.440000000 : LOG VEL_R 0.706073
463.480000000 : R 17.4439 3.74843 -2.84269
463.480000000 : LOG VEL_R 0.706073
463.480000000 : R 17.4439 3.74843 -2.84269
463.480000000 : LOG VEL_R 0.706073
463.480000000 : R 17.3824 3.78301 -2.94172
463.480000000 : LOG VEL_R 0.762626
463.500000000 : R 17.3824 3.78301 -2.94172
463.500000000 : LOG VEL_R 0.762626
463.560000000 : R 17.3824 3.78301 -2.94172
463.560000000 : LOG VEL_R 0.762626
463.600000000 : R 17.3169 3.82212 -3.03572
463.600000000 : LOG VEL_R 0.806510
463.640000000 : R 17.3169 3.82212 -3.03572
463.640000000 : LOG VEL_R 0.806510
463.680000000 : R 17.3169 3.82212 -3.03572
463.680000000 : LOG VEL_R 0.806510
463.720000000 : R 17.2488 3.86521 -3.12438
463.720000000 : LOG VEL_R 0.806510
463.720000000 : R 17.2488 3.86521 -3.12438
463.720000000 : LOG VEL_R 0.806510
463.780000000 : R 17.2488 3.86521 -3.12438
463.780000000 : LOG VEL_R 0.806510
463.780000000 : R 17.2488 3.86521 -3.12438
463.780000000 : LOG VEL_R 0.806510
463.780000000 : R 17.1847 3.91417 3.07014
463.780000000 : LOG VEL_R 0.818525
463.800000000 : R 17.1847 3.91417 3.07014
463.800000000 : LOG VEL_R 0.818525
463.860000000 : R 17.1847 3.91417 3.07014
463.860000000 : LOG VEL_R 0.818525
463.880000000 : R 17.1847 3.91417 3.07014
463.880000000 : LOG VEL_R 0.818525
463.880000000 : R 17.1196 3.96369 2.98586
463.880000000 : LOG VEL_R 0.787164
463.940000000 : R 17.1196 3.96369 2.98586
463.940000000 : LOG VEL_R 0.787164
463.980000000 : R 17.1196 3.96369 2.98586
463.980000000 : LOG VEL_R 0.787164
464.020000000 : R 17.0576 4.01213 2.90513
464.020000000 : LOG VEL_R 0.790387
464.060000000 : R 17.0576 4.01213 2.90513
464.080000000 : LOG VEL_R 0.790387
464.080000000 : R 17.0576 4.01213 2.90513
464.080000000 : LOG VEL_R 0.790387
464.120000000 : R 16.9997 4.06596 2.83012
464.120000000 : LOG VEL_R 0.761599
464.120000000 : R 16.9997 4.06596 2.83012
464.120000000 : LOG VEL_R 0.761599
464.120000000 : R 16.9997 4.06596 2.83012
464.120000000 : LOG VEL_R 0.761599
464.140000000 : R 16.9997 4.06596 2.83012
464.140000000 : LOG VEL_R 0.761599
464.180000000 : R 16.9997 4.06596 2.83012
464.180000000 : LOG VEL_R 0.761599
464.240000000 : R 16.9436 4.11744 2.76526
464.240000000 : LOG VEL_R 0.761599
464.240000000 : R 16.9436 4.11744 2.76526
464.240000000 : LOG VEL_R 0.761599
464.280000000 : R 16.9436 4.11744 2.76526
464.280000000 : LOG VEL_R 0.761599
464.280000000 : R 16.9436 4.11744 2.76526
464.280000000 : LOG VEL_R 0.761599
464.280000000 : R 16.8909 4.17244 2.70041
464.280000000 : LOG VEL_R 0.738727
464.300000000 : R 16.8909 4.17244 2.70041
464.300000000 : LOG VEL_R 0.738727
464.340000000 : R 16.8909 4.17244 2.70041
464.340000000 : LOG VEL_R 0.738727
464.400000000 : R 16.8389 4.22484 2.64511
464.400000000 : LOG VEL_R 0.740604
464.440000000 : R 16.8389 4.22484 2.64511
464.440000000 : LOG VEL_R 0.740604
464.480000000 : R 16.8389 4.22484 2.64511
464.480000000 : LOG VEL_R 0.740604
464.540000000 : R 16.7901 4.28056 2.5882
464.540000000 : LOG VEL_R 0.716758
464.540000000 : R 16.7901 4.28056 2.5882
464.540000000 : LOG VEL_R 0.716758
464.580000000 : R 16.7901 4.28056 2.5882
464.580000000 : LOG VEL_R 0.716758
464.580000000 : R 16.7901 4.28056 2.5882
464.580000000 : LOG VEL_R 0.716758
464.580000000 : R 16.7395 4.33136 2.54418
464.580000000 : LOG VEL_R 0.709304
464.600000000 : R 16.7395 4.33136 2.54418
464.600000000 : LOG VEL_R 0.709304
464.660000000 : R 16.7395 4.33136 2.54418
464.660000000 : LOG VEL_R 0.709304
464.680000000 : R 16.7395 4.33136 2.54418
464.680000000 : LOG VEL_R 0.709304
464.680000000 : R 16.6888 4.38093 2.50831
464.680000000 : LOG VEL_R 0.709304
464.740000000 : R 16.6888 4.38093 2.50831
464.740000000 : LOG VEL_R 0.709304
464.780000000 : R 16.6888 4.38093 2.50831
464.780000000 : LOG VEL_R 0.709304
464.820000000 : R 16.6399 4.43229 2.47243
464.820000000 : LOG VEL_R 0.706592
464.880000000 : R 16.6399 4.43229 2.47243
464.880000000 : LOG VEL_R 0.706592
464.920000000 : R 16.5917 4.48394 2.43764
464.920000000 : LOG VEL_R 0.702387
464.920000000 : R 16.5917 4.48394 2.43764
464.920000000 : LOG VEL_R 0.702387
464.920000000 : R 16.5917 4.48394 2.43764
464.920000000 : LOG VEL_R 0.702387
464.940000000 : R 16.5917 4.48394 2.43764
464.940000000 : LOG VEL_R 0.702387
464.980000000 : R 16.5426 4.53415 2.41261
464.980000000 : LOG VEL_R 0.700734
465.040000000 : R 16.5426 4.53415 2.41261
465.040000000 : LOG VEL_R 0.700734
465.080000000 : R 16.5426 4.53415 2.41261
465.080000000 : LOG VEL_R 0.700734
465.080000000 : R 16.5426 4.53415 2.41261
465.080000000 : LOG VEL_R 0.700734
465.140000000 : R 16.493 4.58364 2.38871
465.140000000 : LOG VEL_R 0.700497
465.180000000 : R 16.493 4.58364 2.38871
465.180000000 : LOG VEL_R 0.700497
465.180000000 : R 16.444 4.63374 2.37302
465.180000000 : LOG VEL_R 0.700497
465.200000000 : R 16.444 4.63374 2.37302
465.200000000 : LOG VEL_R 0.700497
465.260000000 : R 16.444 4.63374 2.37302
465.260000000 : LOG VEL_R 0.700497
465.280000000 : R 16.3958 4.6846 2.35733
465.280000000 : LOG VEL_R 0.700347
465.340000000 : R 16.3958 4.6846 2.35733
465.340000000 : LOG VEL_R 0.700347
465.380000000 : R 16.3958 4.6846 2.35733
465.380000000 : LOG VEL_R 0.700347
465.420000000 : R 16.3481 4.73588 2.34253
465.420000000 : LOG VEL_R 0.700018
465.420000000 : R 16.3481 4.73588 2.34253
465.420000000 : LOG VEL_R 0.700018
465.480000000 : R 16.3481 4.73588 2.34253
465.480000000 : LOG VEL_R 0.700018
465.480000000 : R 16.3481 4.73588 2.34253
465.480000000 : LOG VEL_R 0.700018
465.480000000 : R 16.2991 4.78578 2.33826
465.480000000 : LOG VEL_R 0.700210
465.500000000 : R 16.2991 4.78578 2.33826
465.500000000 : LOG VEL_R 0.700210
465.560000000 : R 16.2991 4.78578 2.33826
465.560000000 : LOG VEL_R 0.700210
465.580000000 : R 16.2493 4.83504 2.33436
465.580000000 : LOG VEL_R 0.700468
465.640000000 : R 16.2493 4.83504 2.33436
465.640000000 : LOG VEL_R 0.700468
465.680000000 : R 16.2493 4.83504 2.33436
465.680000000 : LOG VEL_R 0.700468
465.720000000 : R 16.1989 4.88373 2.33979
465.720000000 : LOG VEL_R 0.700742
465.720000000 : R 16.1989 4.88373 2.33979
465.720000000 : LOG VEL_R 0.700742
465.760000000 : R 16.1989 4.88373 2.33979
465.780000000 : LOG VEL_R 0.700742
465.780000000 : R 16.1989 4.88373 2.33979
465.780000000 : LOG VEL_R 0.700742
465.820000000 : R 16.1476 4.93146 2.35587
465.820000000 : LOG VEL_R 0.700742
465.820000000 : R 16.1476 4.93146 2.35587
465.820000000 : LOG VEL_R 0.700742
465.820000000 : R 16.1476 4.93146 2.35587
465.820000000 : LOG VEL_R 0.700742
465.840000000 : R 16.1476 4.93146 2.35587
465.840000000 : LOG VEL_R 0.700742
465.880000000 : R 16.0956 4.97836 2.37195
465.880000000 : LOG VEL_R 0.700009
465.940000000 : R 16.0956 4.97836 2.37195
465.940000000 : LOG VEL_R 0.700009
465.980000000 : R 16.0956 4.97836 2.37195
465.980000000 : LOG VEL_R 0.700009
466.020000000 : R 16.0449 5.02672 2.37712
466.020000000 : LOG VEL_R 0.700057
466.080000000 : R 16.0449 5.02672 2.37712
466.080000000 : LOG VEL_R 0.700057
466.120000000 : R 15.9951 5.07585 2.37512
466.120000000 : LOG VEL_R 0.700080
466.120000000 : R 15.9951 5.07585 2.37512
466.120000000 : LOG VEL_R 0.700080
466.120000000 : R 15.9951 5.07585 2.37512
466.120000000 : LOG VEL_R 0.700080
466.140000000 : R 15.9951 5.07585 2.37512
466.140000000 : LOG VEL_R 0.700080
466.180000000 : R 15.9951 5.07585 2.37512
466.180000000 : LOG VEL_R 0.700080
466.240000000 : R 15.9455 5.12531 2.36766
466.240000000 : LOG VEL_R 0.700080
466.280000000 : R 15.9455 5.12531 2.36766
466.280000000 : LOG VEL_R 0.700080
466.280000000 : R 15.8964 5.17514 2.3602
466.280000000 : LOG VEL_R 0.700006
466.300000000 : R 15.8964 5.17514 2.3602
466.300000000 : LOG VEL_R 0.700006
466.340000000 : R 15.8964 5.17514 2.3602
466.340000000 : LOG VEL_R 0.700006
466.340000000 : R 15.8964 5.17514 2.3602
466.340000000 : LOG VEL_R 0.700006
466.380000000 : R 15.8468 5.2246 2.3622
466.380000000 : LOG VEL_R 0.700026
466.440000000 : R 15.8468 5.2246 2.3622
466.440000000 : LOG VEL_R 0.700026
466.440000000 : R 15.8468 5.2246 2.3622
466.440000000 : LOG VEL_R 0.700026
466.480000000 : R 15.8468 5.2246 2.3622
466.480000000 : LOG VEL_R 0.700026
466.540000000 : R 15.7964 5.2732 2.37068
466.540000000 : LOG VEL_R 0.700320
466.540000000 : R 15.7964 5.2732 2.37068
466.540000000 : LOG VEL_R 0.700320
466.580000000 : R 15.7964 5.2732 2.37068
466.580000000 : LOG VEL_R 0.700320
466.580000000 : R 15.7445 5.32013 2.38649
466.580000000 : LOG VEL_R 0.700003
466.600000000 : R 15.7445 5.32013 2.38649
466.600000000 : LOG VEL_R 0.700003
466.660000000 : R 15.7445 5.32013 2.38649
466.660000000 : LOG VEL_R 0.700003
466.700000000 : R 15.6932 5.36784 2.39154
466.700000000 : LOG VEL_R 0.700226
466.740000000 : R 15.6932 5.36784 2.39154
466.740000000 : LOG VEL_R 0.700226
466.780000000 : R 15.6932 5.36784 2.39154
466.780000000 : LOG VEL_R 0.700226
466.820000000 : R 15.6433 5.4169 2.38954
466.820000000 : LOG VEL_R 0.700226
466.880000000 : R 15.6433 5.4169 2.38954
466.880000000 : LOG VEL_R 0.700226
466.880000000 : R 15.6433 5.4169 2.38954
466.880000000 : LOG VEL_R 0.700226
466.880000000 : R 15.5934 5.46606 2.38754
466.880000000 : LOG VEL_R 0.700215
466.900000000 : R 15.5934 5.46606 2.38754
466.900000000 : LOG VEL_R 0.700215
466.940000000 : R 15.5934 5.46606 2.38754
466.940000000 : LOG VEL_R 0.700215
467.000000000 : R 15.5438 5.51545 2.37726
467.000000000 : LOG VEL_R 0.700300
467.040000000 : R 15.5438 5.51545 2.37726
467.040000000 : LOG VEL_R 0.700300
467.080000000 : R 15.4949 5.56563 2.36427
467.080000000 : LOG VEL_R 0.700000
467.140000000 : R 15.4949 5.56563 2.36427
467.140000000 : LOG VEL_R 0.700000
467.140000000 : R 15.4949 5.56563 2.36427
467.140000000 : LOG VEL_R 0.700000
467.140000000 : R 15.4949 5.56563 2.36427
467.140000000 : LOG VEL_R 0.700000
467.160000000 : R 15.4949 5.56563 2.36427
467.160000000 : LOG VEL_R 0.700000
467.200000000 : R 15.4451 5.61482 2.36243
467.200000000 : LOG VEL_R 0.700004
467.260000000 : R 15.4451 5.61482 2.36243
467.260000000 : LOG VEL_R 0.700004
467.300000000 : R 15.3951 5.66381 2.36443
467.300000000 : LOG VEL_R 0.700004
467.340000000 : R 15.3951 5.66381 2.36443
467.340000000 : LOG VEL_R 0.700004
467.340000000 : R 15.3951 5.66381 2.36443
467.340000000 : LOG VEL_R 0.700004
467.380000000 : R 15.3951 5.66381 2.36443
467.380000000 : LOG VEL_R 0.700004
467.440000000 : R 15.345 5.7127 2.36643
467.440000000 : LOG VEL_R 0.700005
467.440000000 : R 15.345 5.7127 2.36643
467.440000000 : LOG VEL_R 0.700005
467.480000000 : R 15.345 5.7127 2.36643
467.480000000 : LOG VEL_R 0.700005
467.480000000 : R 15.2947 5.76133 2.37466
467.480000000 : LOG VEL_R 0.700090
467.500000000 : R 15.2947 5.76133 2.37466
467.500000000 : LOG VEL_R 0.700090
467.560000000 : R 15.2947 5.76133 2.37466
467.560000000 : LOG VEL_R 0.700090
467.600000000 : R 15.2433 5.80889 2.38448
467.600000000 : LOG VEL_R 0.700000
467.640000000 : R 15.2433 5.80889 2.38448
467.640000000 : LOG VEL_R 0.700000
467.680000000 : R 15.2433 5.80889 2.38448
467.680000000 : LOG VEL_R 0.700000
467.740000000 : R 15.1924 5.85698 2.38601
467.740000000 : LOG VEL_R 0.700053
467.740000000 : R 15.1924 5.85698 2.38601
467.740000000 : LOG VEL_R 0.700053
467.780000000 : R 15.1924 5.85698 2.38601
467.780000000 : LOG VEL_R 0.700053
467.780000000 : R 15.1421 5.90565 2.38401
467.780000000 : LOG VEL_R 0.700053
467.800000000 : R 15.1421 5.90565 2.38401
467.800000000 : LOG VEL_R 0.700053
467.860000000 : R 15.1421 5.90565 2.38401
467.860000000 : LOG VEL_R 0.700053
467.880000000 : R 15.0919 5.95442 2.38201
467.880000000 : LOG VEL_R 0.700139
467.940000000 : R 15.0919 5.95442 2.38201
467.940000000 : LOG VEL_R 0.700139
467.980000000 : R 15.0919 5.95442 2.38201
467.980000000 : LOG VEL_R 0.700139
468.020000000 : R 15.0421 6.00359 2.38401
468.020000000 : LOG VEL_R 0.700037
468.060000000 : R 15.0421 6.00359 2.38401
468.060000000 : LOG VEL_R 0.700037
468.060000000 : R 15.0421 6.00359 2.38401
468.060000000 : LOG VEL_R 0.700037
468.120000000 : R 14.9915 6.05206 2.39191
468.120000000 : LOG VEL_R 0.700071
468.120000000 : R 14.9915 6.05206 2.39191
468.120000000 : LOG VEL_R 0.700071
468.120000000 : R 14.9915 6.05206 2.39191
468.120000000 : LOG VEL_R 0.700071
468.140000000 : R 14.9915 6.05206 2.39191
468.140000000 : LOG VEL_R 0.700071
468.180000000 : R 14.9915 6.05206 2.39191
468.180000000 : LOG VEL_R 0.700071
468.240000000 : R 14.941 6.10053 2.38991
468.240000000 : LOG VEL_R 0.700037
468.240000000 : R 14.941 6.10053 2.38991
468.240000000 : LOG VEL_R 0.700037
468.280000000 : R 14.941 6.10053 2.38991
468.280000000 : LOG VEL_R 0.700037
468.280000000 : R 14.8903 6.14881 2.39191
468.280000000 : LOG VEL_R 0.700037
468.300000000 : R 14.8903 6.14881 2.39191
468.300000000 : LOG VEL_R 0.700037
468.360000000 : R 14.8903 6.14881 2.39191
468.360000000 : LOG VEL_R 0.700037
468.380000000 : R 14.8396 6.19699 2.39391
468.380000000 : LOG VEL_R 0.700048
468.440000000 : R 14.8396 6.19699 2.39391
468.440000000 : LOG VEL_R 0.700048
468.480000000 : R 14.8396 6.19699 2.39391
468.480000000 : LOG VEL_R 0.700048
468.540000000 : R 14.7888 6.24523 2.39191
468.540000000 : LOG VEL_R 0.700297
468.580000000 : R 14.7888 6.24523 2.39191
468.580000000 : LOG VEL_R 0.700297
468.580000000 : R 14.7888 6.24523 2.39191
468.580000000 : LOG VEL_R 0.700297
468.580000000 : R 14.7392 6.29468 2.37927
468.580000000 : LOG VEL_R 0.700169
468.600000000 : R 14.7392 6.29468 2.37927
468.600000000 : LOG VEL_R 0.700169
468.640000000 : R 14.7392 6.29468 2.37927
468.640000000 : LOG VEL_R 0.700169
468.680000000 : R 14.6898 6.34425 2.37327
468.680000000 : LOG VEL_R 0.700018
468.740000000 : R 14.6898 6.34425 2.37327
468.740000000 : LOG VEL_R 0.700018
468.780000000 : R 14.6898 6.34425 2.37327
468.780000000 : LOG VEL_R 0.700018
468.820000000 : R 14.6398 6.39321 2.37527
468.840000000 : LOG VEL_R 0.700018
468.880000000 : R 14.6398 6.39321 2.37527
468.880000000 : LOG VEL_R 0.700018
468.880000000 : R 14.5896 6.44207 2.37727
468.880000000 : LOG VEL_R 0.700151
468.900000000 : R 14.5896 6.44207 2.37727
468.900000000 : LOG VEL_R 0.700151
468.940000000 : R 14.5896 6.44207 2.37727
468.940000000 : LOG VEL_R 0.700151
468.980000000 : R 14.5401 6.49161 2.37527
468.980000000 : LOG VEL_R 0.700345
469.040000000 : R 14.5401 6.49161 2.37527
469.040000000 : LOG VEL_R 0.700345
469.080000000 : R 14.5401 6.49161 2.37527
469.080000000 : LOG VEL_R 0.700345
469.120000000 : R 14.4913 6.54182 2.37103
469.120000000 : LOG VEL_R 0.700260
469.160000000 : R 14.4913 6.54182 2.37103
469.180000000 : LOG VEL_R 0.700260
469.180000000 : R 14.4913 6.54182 2.37103
469.180000000 : LOG VEL_R 0.700260
469.220000000 : R 14.4425 6.59203 2.36633
469.220000000 : LOG VEL_R 0.700006
469.220000000 : R 14.4425 6.59203 2.36633
469.220000000 : LOG VEL_R 0.700006
469.220000000 : R 14.4425 6.59203 2.36633
469.220000000 : LOG VEL_R 0.700006
469.240000000 : R 14.4425 6.59203 2.36633
469.240000000 : LOG VEL_R 0.700006
469.280000000 : R 14.4425 6.59203 2.36633
469.280000000 : LOG VEL_R 0.700006
469.340000000 : R 14.3929 6.6414 2.35858
469.340000000 : LOG VEL_R 0.700006
469.380000000 : R 14.3929 6.6414 2.35858
469.380000000 : LOG VEL_R 0.700006
469.380000000 : R 14.3929 6.6414 2.35858
469.380000000 : LOG VEL_R 0.700006
469.380000000 : R 14.3436 6.69114 2.35083
469.380000000 : LOG VEL_R 0.700080
469.400000000 : R 14.3436 6.69114 2.35083
469.400000000 : LOG VEL_R 0.700080
469.440000000 : R 14.3436 6.69114 2.35083
469.440000000 : LOG VEL_R 0.700080
469.480000000 : R 14.3436 6.69114 2.35083
469.480000000 : LOG VEL_R 0.700080
469.480000000 : R 14.2953 6.7418 2.34274
469.500000000 : LOG VEL_R 0.700015
469.540000000 : R 14.2953 6.7418 2.34274
469.540000000 : LOG VEL_R 0.700015
469.580000000 : R 14.2953 6.7418 2.34274
469.580000000 : LOG VEL_R 0.700015
469.620000000 : R 14.2471 6.79253 2.32993
469.620000000 : LOG VEL_R 0.700000
469.660000000 : R 14.2471 6.79253 2.32993
469.660000000 : LOG VEL_R 0.700000
469.660000000 : R 14.2471 6.79253 2.32993
469.660000000 : LOG VEL_R 0.700000
469.720000000 : R 14.1989 6.84331 2.32739
469.720000000 : LOG VEL_R 0.700020
469.720000000 : R 14.1989 6.84331 2.32739
469.720000000 : LOG VEL_R 0.700020
469.720000000 : R 14.1989 6.84331 2.32739
469.720000000 : LOG VEL_R 0.700020
469.740000000 : R 14.1989 6.84331 2.32739
469.740000000 : LOG VEL_R 0.700020
469.780000000 : R 14.1989 6.84331 2.32739
469.780000000 : LOG VEL_R 0.700020
469.840000000 : R 14.1504 6.89381 2.32939
469.840000000 : LOG VEL_R 0.700020
469.840000000 : R 14.1504 6.89381 2.32939
469.840000000 : LOG VEL_R 0.700020
469.880000000 : R 14.1504 6.89381 2.32939
469.880000000 : LOG VEL_R 0.700020
469.880000000 : R 14.1504 6.89381 2.32939
469.880000000 : LOG VEL_R 0.700020
469.880000000 : R 14.1018 6.94421 2.33139
469.880000000 : LOG VEL_R 0.700025
469.900000000 : R 14.1018 6.94421 2.33139
469.900000000 : LOG VEL_R 0.700025
469.960000000 : R 14.1018 6.94421 2.33139
469.960000000 : LOG VEL_R 0.700025
470.000000000 : R 14.0532 6.99455 2.32939
470.000000000 : LOG VEL_R 0.700066
470.040000000 : R 14.0532 6.99455 2.32939
470.040000000 : LOG VEL_R 0.700066
470.080000000 : R 14.0532 6.99455 2.32939
470.080000000 : LOG VEL_R 0.700066
470.120000000 : R 14.0043 7.04465 2.33139
470.120000000 : LOG VEL_R 0.700005
470.120000000 : R 14.0043 7.04465 2.33139
470.120000000 : LOG VEL_R 0.700005
470.180000000 : R 14.0043 7.04465 2.33139
470.180000000 : LOG VEL_R 0.700005
470.180000000 : R 13.9559 7.09521 2.32939
470.180000000 : LOG VEL_R 0.700003
470.200000000 : R 13.9559 7.09521 2.32939
470.200000000 : LOG VEL_R 0.700003
470.240000000 : R 13.9559 7.09521 2.32939
470.240000000 : LOG VEL_R 0.700003
470.280000000 : R 13.9079 7.1462 2.32807
470.280000000 : LOG VEL_R 0.700003
470.340000000 : R 13.9079 7.1462 2.32807
470.340000000 : LOG VEL_R 0.700003
470.380000000 : R 13.9079 7.1462 2.32807
470.380000000 : LOG VEL_R 0.700003
470.420000000 : R 13.86 7.19724 2.32675
470.420000000 : LOG VEL_R 0.700349
470.460000000 : R 13.86 7.19724 2.32675
470.460000000 : LOG VEL_R 0.700349
470.460000000 : R 13.86 7.19724 2.32675
470.460000000 : LOG VEL_R 0.700349
470.520000000 : R 13.8138 7.24982 2.31967
470.520000000 : LOG VEL_R 0.700033
470.520000000 : R 13.8138 7.24982 2.31967
470.520000000 : LOG VEL_R 0.700033
470.520000000 : R 13.8138 7.24982 2.31967
470.520000000 : LOG VEL_R 0.700033
470.540000000 : R 13.8138 7.24982 2.31967
470.540000000 : LOG VEL_R 0.700033
470.580000000 : R 13.8138 7.24982 2.31967
470.580000000 : LOG VEL_R 0.700033
470.640000000 : R 13.7656 7.3006 2.32167
470.640000000 : LOG VEL_R 0.700260
470.680000000 : R 13.7656 7.3006 2.32167
470.680000000 : LOG VEL_R 0.700260
470.680000000 : R 13.7164 7.35041 2.32502
470.680000000 : LOG VEL_R 0.700013
470.700000000 : R 13.7164 7.35041 2.32502
470.700000000 : LOG VEL_R 0.700013
470.740000000 : R 13.7164 7.35041 2.32502
470.740000000 : LOG VEL_R 0.700013
470.780000000 : R 13.668 7.40106 2.32853
470.780000000 : LOG VEL_R 0.700013
470.840000000 : R 13.668 7.40106 2.32853
470.840000000 : LOG VEL_R 0.700013
470.880000000 : R 13.668 7.40106 2.32853
470.880000000 : LOG VEL_R 0.700013
470.920000000 : R 13.6195 7.45154 2.33204
470.920000000 : LOG VEL_R 0.700269
470.920000000 : R 13.6195 7.45154 2.33204
470.920000000 : LOG VEL_R 0.700269
470.980000000 : R 13.6195 7.45154 2.33204
470.980000000 : LOG VEL_R 0.700269
470.980000000 : R 13.6195 7.45154 2.33204
470.980000000 : LOG VEL_R 0.700269
470.980000000 : R 13.5697 7.5007 2.34114
470.980000000 : LOG VEL_R 0.700459
471.000000000 : R 13.5697 7.5007 2.34114
471.000000000 : LOG VEL_R 0.700459
471.040000000 : R 13.5697 7.5007 2.34114
471.040000000 : LOG VEL_R 0.700459
471.080000000 : R 13.5697 7.5007 2.34114
471.080000000 : LOG VEL_R 0.700459
471.080000000 : R 13.5225 7.55252 2.35081
471.080000000 : LOG VEL_R 0.701442
471.140000000 : R 13.5225 7.55252 2.35081
471.140000000 : LOG VEL_R 0.701442
471.180000000 : R 13.5225 7.55252 2.35081
471.180000000 : LOG VEL_R 0.701442
471.220000000 : R 13.4697 7.59866 2.37286
471.220000000 : LOG VEL_R 0.700827
471.260000000 : R 13.4697 7.59866 2.37286
471.260000000 : LOG VEL_R 0.700827
471.320000000 : R 13.4166 7.64439 2.39572
471.320000000 : LOG VEL_R 0.700827
471.320000000 : R 13.4166 7.64439 2.39572
471.320000000 : LOG VEL_R 0.700827
471.340000000 : R 13.4166 7.64439 2.39572
471.340000000 : LOG VEL_R 0.700827
471.380000000 : R 13.4166 7.64439 2.39572
471.380000000 : LOG VEL_R 0.700827
471.440000000 : R 13.3625 7.6889 2.41859
471.440000000 : LOG VEL_R 0.700026
471.480000000 : R 13.3625 7.6889 2.41859
471.480000000 : LOG VEL_R 0.700026
471.480000000 : R 13.3099 7.73511 2.44501
471.480000000 : LOG VEL_R 0.700006
471.500000000 : R 13.3099 7.73511 2.44501
471.500000000 : LOG VEL_R 0.700006
471.540000000 : R 13.3099 7.73511 2.44501
471.540000000 : LOG VEL_R 0.700006
471.580000000 : R 13.2559 7.77964 2.47281
471.580000000 : LOG VEL_R 0.699668
471.640000000 : R 13.2559 7.77964 2.47281
471.640000000 : LOG VEL_R 0.699668
471.680000000 : R 13.2559 7.77964 2.47281
471.680000000 : LOG VEL_R 0.699668
471.720000000 : R 13.2005 7.82233 2.50439
471.720000000 : LOG VEL_R 0.694934
471.760000000 : R 13.2005 7.82233 2.50439
471.780000000 : LOG VEL_R 0.694934
471.820000000 : R 13.1454 7.86476 2.5388
471.820000000 : LOG VEL_R 0.694934
471.820000000 : R 13.1454 7.86476 2.5388
471.820000000 : LOG VEL_R 0.694934
471.840000000 : R 13.1454 7.86476 2.5388
471.840000000 : LOG VEL_R 0.694934
471.880000000 : R 13.1454 7.86476 2.5388
471.880000000 : LOG VEL_R 0.694934
471.940000000 : R 13.089 7.90527 2.57322
471.940000000 : LOG VEL_R 0.656725
471.980000000 : R 13.089 7.90527 2.57322
471.980000000 : LOG VEL_R 0.656725
471.980000000 : R 13.0368 7.94512 2.61375
471.980000000 : LOG VEL_R 0.645088
472.000000000 : R 13.0368 7.94512 2.61375
472.000000000 : LOG VEL_R 0.645088
472.060000000 : R 13.0368 7.94512 2.61375
472.060000000 : LOG VEL_R 0.645088
472.080000000 : R 13.0368 7.94512 2.61375
472.080000000 : LOG VEL_R 0.645088
472.080000000 : R 12.9846 7.9831 2.65613
472.080000000 : LOG VEL_R 0.701384
472.140000000 : R 12.9846 7.9831 2.65613
472.140000000 : LOG VEL_R 0.701384
472.180000000 : R 12.9846 7.9831 2.65613
472.180000000 : LOG VEL_R 0.701384
472.220000000 : R 12.9248 8.01963 2.70664
472.220000000 : LOG VEL_R 0.700574
472.280000000 : R 12.9248 8.01963 2.70664
472.280000000 : LOG VEL_R 0.700574
472.320000000 : R 12.8618 8.05027 2.76311
472.320000000 : LOG VEL_R 0.700574
472.320000000 : R 12.8618 8.05027 2.76311
472.320000000 : LOG VEL_R 0.700574
472.320000000 : R 12.8618 8.05027 2.76311
472.320000000 : LOG VEL_R 0.700574
472.340000000 : R 12.8618 8.05027 2.76311
472.340000000 : LOG VEL_R 0.700574
472.380000000 : R 12.8618 8.05027 2.76311
472.380000000 : LOG VEL_R 0.700574
472.440000000 : R 12.7972 8.07732 2.81957
472.440000000 : LOG VEL_R 0.698703
472.480000000 : R 12.7972 8.07732 2.81957
472.480000000 : LOG VEL_R 0.698703
472.480000000 : R 12.7328 8.10447 2.88096
472.480000000 : LOG VEL_R 0.660403
472.500000000 : R 12.7328 8.10447 2.88096
472.500000000 : LOG VEL_R 0.660403
472.540000000 : R 12.7328 8.10447 2.88096
472.560000000 : LOG VEL_R 0.660403
472.580000000 : R 12.6711 8.12807 2.94139
472.580000000 : LOG VEL_R 0.678899
472.640000000 : R 12.6711 8.12807 2.94139
472.640000000 : LOG VEL_R 0.678899
472.680000000 : R 12.6711 8.12807 2.94139
472.680000000 : LOG VEL_R 0.678899
472.720000000 : R 12.6071 8.15072 3.00547
472.720000000 : LOG VEL_R 0.648628
472.780000000 : R 12.6071 8.15072 3.00547
472.780000000 : LOG VEL_R 0.648628
472.780000000 : R 12.5467 8.17427 3.07421
472.780000000 : LOG VEL_R 0.648628
472.800000000 : R 12.5467 8.17427 3.07421
472.800000000 : LOG VEL_R 0.648628
472.840000000 : R 12.5467 8.17427 3.07421
472.840000000 : LOG VEL_R 0.648628
472.880000000 : R 12.4848 8.19361 -3.14024
472.880000000 : LOG VEL_R 0.000000
472.940000000 : R 12.4848 8.19361 -3.14024
472.940000000 : LOG VEL_R 0.000000
472.980000000 : R 12.4848 8.19361 -3.14024
472.980000000 : LOG VEL_R 0.000000
473.040000000 : R 12.4848 8.19361 -3.14024
473.040000000 : LOG VEL_R 0.000000
473.040000000 : R 12.4848 8.19361 -3.14024
473.040000000 : LOG VEL_R 0.000000
473.080000000 : R 12.4848 8.19361 -3.14024
473.080000000 : LOG VEL_R 0.000000
473.080000000 : R 12.4848 8.19361 -3.14024
473.080000000 : LOG VEL_R 0.000000
473.080000000 : R 12.4848 8.19361 -3.14024
473.080000000 : LOG VEL_R 0.000000
473.100000000 : R 12.4848 8.19361 -3.14024
473.100000000 : LOG VEL_R 0.000000
473.160000000 : R 12.4848 8.19361 -3.14024
473.160000000 : LOG VEL_R 0.000000
Phase : 31 technical reliable
474.920000000 : H 12.3005 4.00472 0.979996
474.920000000 : LOG VEL_H 0.000000
474.920000000 : R 12.4848 8.19361 -3.14024
474.920000000 : LOG VEL_R 0.000000

474.980000000 : R 12.4848 8.19361 -3.14024
474.980000000 : LOG VEL_R 0.000000
475.020000000 : H 12.3005 4.00472 0.879996
475.020000000 : LOG VEL_H 0.000000
475.020000000 : R 12.4848 8.19361 -3.14024
475.020000000 : LOG VEL_R 0.000000

475.020000000 : R 12.4848 8.19361 -3.14024
475.020000000 : LOG VEL_R 0.000000
475.020000000 : R 12.4848 8.19361 -3.14024
475.020000000 : LOG VEL_R 0.000000
475.040000000 : H 12.3005 4.00472 0.879996
475.040000000 : LOG VEL_H 0.000000
475.040000000 : R 12.4848 8.19361 -3.14024
475.040000000 : LOG VEL_R 0.000000

475.080000000 : H 12.3005 4.00472 0.879996
475.080000000 : LOG VEL_H 0.000000
475.080000000 : R 12.4848 8.19361 -3.14024
475.080000000 : LOG VEL_R 0.000000

475.140000000 : R 12.4848 8.19361 -3.14024
475.140000000 : LOG VEL_R 0.114638
475.180000000 : H 12.3005 4.00472 0.779996
475.180000000 : LOG VEL_H 0.000000
475.180000000 : R 12.4848 8.19361 -3.14024
475.180000000 : LOG VEL_R 0.114638
475.180000 : HUMAN_MODEL C_DANGER -1.000000 
475.180000 : HUMAN_MODEL C_PASSBY 0.033591
475.180000000 : R 12.4734 8.19433 3.1385
475.180000000 : LOG VEL_R 0.114638
475.200000000 : H 12.3005 4.00472 0.679996
475.200000000 : LOG VEL_H 0.147368
475.200000000 : R 12.4734 8.19433 3.1385
475.200000000 : LOG VEL_R 0.114638
475.200000 : HUMAN_MODEL C_DANGER -1.000000 
475.200000 : HUMAN_MODEL C_PASSBY 0.009953
475.260000000 : H 12.3005 4.00472 0.679996
475.260000000 : LOG VEL_H 0.147368
475.260000000 : R 12.4734 8.19433 3.1385
475.260000000 : LOG VEL_R 0.114638
475.260000 : HUMAN_MODEL C_DANGER -1.000000 
475.260000 : HUMAN_MODEL C_PASSBY 0.009953
475.300000000 : H 12.3117 4.01439 0.76947
475.300000000 : LOG VEL_H 0.147368
475.300000000 : R 12.4619 8.19509 3.13405
475.300000000 : LOG VEL_R 0.226732
475.300000 : HUMAN_MODEL C_DANGER -1.000000 
475.300000 : HUMAN_MODEL C_PASSBY 0.028974
475.340000000 : R 12.4619 8.19509 3.13405
475.340000000 : LOG VEL_R 0.226732
475.380000000 : H 12.3117 4.01439 0.76947
475.380000000 : LOG VEL_H 0.147368
475.380000000 : R 12.4619 8.19509 3.13405
475.380000000 : LOG VEL_R 0.226732
475.380000 : HUMAN_MODEL C_DANGER -1.000000 
475.380000 : HUMAN_MODEL C_PASSBY 0.028974
475.440000000 : R 12.4401 8.20127 3.12186
475.440000000 : LOG VEL_R 0.212536
475.480000000 : H 12.322 4.02492 0.837891
475.480000000 : LOG VEL_H 0.189474
475.480000000 : R 12.4401 8.20127 3.12186
475.480000000 : LOG VEL_R 0.212536
475.480000 : HUMAN_MODEL C_DANGER -1.000000 
475.480000 : HUMAN_MODEL C_PASSBY -1.000000
475.480000000 : R 12.4401 8.20127 3.12186
475.480000000 : LOG VEL_R 0.212536
475.480000000 : R 12.42 8.20809 3.11133
475.480000000 : LOG VEL_R 0.301562
475.500000000 : H 12.3342 4.03939 0.916838
475.500000000 : LOG VEL_H 0.189474
475.500000000 : R 12.42 8.20809 3.11133
475.500000000 : LOG VEL_R 0.301562
475.500000 : HUMAN_MODEL C_DANGER -1.000000 
475.500000 : HUMAN_MODEL C_PASSBY 0.050880
475.540000000 : H 12.3342 4.03939 0.916838
475.540000000 : LOG VEL_H 0.189474
475.540000000 : R 12.42 8.20809 3.11133
475.540000000 : LOG VEL_R 0.301562
475.540000 : HUMAN_MODEL C_DANGER -1.000000 
475.540000 : HUMAN_MODEL C_PASSBY 0.050880
475.580000000 : H 12.3342 4.03939 0.916838
475.580000000 : LOG VEL_H 0.189474
475.580000000 : R 12.42 8.20809 3.11133
475.580000000 : LOG VEL_R 0.301562
475.580000 : HUMAN_MODEL C_DANGER -1.000000 
475.580000 : HUMAN_MODEL C_PASSBY 0.050880
475.580000000 : R 12.3927 8.22097 3.09185
475.580000000 : LOG VEL_R 0.301562
475.640000000 : H 12.3452 4.05479 0.995785
475.640000000 : LOG VEL_H 0.189474
475.640000000 : R 12.3927 8.22097 3.09185
475.640000000 : LOG VEL_R 0.301562
475.640000 : HUMAN_MODEL C_DANGER -1.000000 
475.640000 : HUMAN_MODEL C_PASSBY 0.051206
475.680000000 : H 12.3452 4.05479 0.995785
475.680000000 : LOG VEL_H 0.189474
475.680000000 : R 12.3927 8.22097 3.09185
475.680000000 : LOG VEL_R 0.301562
475.680000 : HUMAN_MODEL C_DANGER -1.000000 
475.680000 : HUMAN_MODEL C_PASSBY 0.051206
475.740000000 : H 12.355 4.071 1.07473
475.740000000 : LOG VEL_H 0.231579
475.740000000 : R 12.3657 8.23437 3.07236
475.740000000 : LOG VEL_R 0.381144
475.740000 : HUMAN_MODEL C_DANGER -1.000000 
475.740000 : HUMAN_MODEL C_PASSBY 0.045128
475.780000000 : R 12.3657 8.23437 3.07236
475.780000000 : LOG VEL_R 0.381144
475.780000000 : H 12.355 4.071 1.07473
475.780000000 : LOG VEL_H 0.231579
475.780000000 : R 12.3281 8.24068 3.04927
475.780000000 : LOG VEL_R 0.381169
475.780000 : HUMAN_MODEL C_DANGER -1.000000 
475.780000 : HUMAN_MODEL C_PASSBY 0.054311
475.800000000 : H 12.3653 4.09174 1.16421
475.800000000 : LOG VEL_H 0.231579
475.800000000 : R 12.3281 8.24068 3.04927
475.800000000 : LOG VEL_R 0.381169
475.800000 : HUMAN_MODEL C_DANGER -1.000000 
475.800000 : HUMAN_MODEL C_PASSBY 0.054704
475.840000000 : H 12.3653 4.09174 1.16421
475.840000000 : LOG VEL_H 0.231579
475.840000000 : R 12.3281 8.24068 3.04927
475.840000000 : LOG VEL_R 0.381169
475.840000 : HUMAN_MODEL C_DANGER -1.000000 
475.840000 : HUMAN_MODEL C_PASSBY 0.054704
475.880000000 : H 12.3653 4.09174 1.16421
475.880000000 : LOG VEL_H 0.231579
475.880000000 : R 12.2928 8.255 3.03186
475.880000000 : LOG VEL_R 0.450238
475.880000 : HUMAN_MODEL C_DANGER -1.000000 
475.880000 : HUMAN_MODEL C_PASSBY 0.070442
475.940000000 : H 12.3737 4.11332 1.25368
475.940000000 : LOG VEL_H 0.210526
475.940000000 : R 12.2928 8.255 3.03186
475.940000000 : LOG VEL_R 0.450238
475.940000 : HUMAN_MODEL C_DANGER -1.000000 
475.940000 : HUMAN_MODEL C_PASSBY 0.076355
475.980000000 : H 12.3737 4.11332 1.25368
475.980000000 : LOG VEL_H 0.210526
475.980000000 : R 12.2928 8.255 3.03186
475.980000000 : LOG VEL_R 0.450238
475.980000 : HUMAN_MODEL C_DANGER -1.000000 
475.980000 : HUMAN_MODEL C_PASSBY 0.076355
476.020000000 : H 12.3737 4.11332 1.25368
476.020000000 : LOG VEL_H 0.210526
476.020000000 : R 12.2505 8.27053 3.00932
476.020000000 : LOG VEL_R 0.511798
476.020000 : HUMAN_MODEL C_DANGER -1.000000 
476.020000 : HUMAN_MODEL C_PASSBY 0.093898
476.060000000 : H 12.3796 4.13351 1.33263
476.060000000 : LOG VEL_H 0.210526
476.060000000 : R 12.2505 8.27053 3.00932
476.060000000 : LOG VEL_R 0.511798
476.060000 : HUMAN_MODEL C_DANGER -1.000000 
476.060000 : HUMAN_MODEL C_PASSBY 0.094486
476.120000000 : H 12.3839 4.15411 1.41157
476.120000000 : LOG VEL_H 0.210526
476.120000000 : R 12.2028 8.28907 2.98747
476.120000000 : LOG VEL_R 0.378311
476.120000 : HUMAN_MODEL C_DANGER -1.000000 
476.120000 : HUMAN_MODEL C_PASSBY 0.050000
476.120000000 : R 12.2028 8.28907 2.98747
476.120000000 : LOG VEL_R 0.378311
476.120000000 : R 12.2028 8.28907 2.98747
476.120000000 : LOG VEL_R 0.378311
476.140000000 : R 12.2028 8.28907 2.98747
476.140000000 : LOG VEL_R 0.378311
476.180000000 : H 12.3839 4.15411 1.41157
476.180000000 : LOG VEL_H 0.210526
476.180000000 : R 12.2028 8.28907 2.98747
476.180000000 : LOG VEL_R 0.378311
476.180000 : HUMAN_MODEL C_DANGER -1.000000 
476.180000 : HUMAN_MODEL C_PASSBY 0.050000
476.240000000 : H 12.3866 4.17499 1.49052
476.240000000 : LOG VEL_H 0.273684
476.240000000 : R 12.1656 8.29556 2.9772
476.240000000 : LOG VEL_R 0.378311
476.240000 : HUMAN_MODEL C_DANGER -1.000000 
476.240000 : HUMAN_MODEL C_PASSBY 0.031335
476.280000000 : H 12.3866 4.17499 1.49052
476.280000000 : LOG VEL_H 0.273684
476.280000000 : R 12.1656 8.29556 2.9772
476.280000000 : LOG VEL_R 0.378311
476.280000 : HUMAN_MODEL C_DANGER -1.000000 
476.280000 : HUMAN_MODEL C_PASSBY 0.031335
476.280000000 : H 12.3866 4.17499 1.49052
476.280000000 : LOG VEL_H 0.273684
476.280000000 : R 12.1284 8.30244 2.96693
476.280000000 : LOG VEL_R 0.390513
476.280000 : HUMAN_MODEL C_DANGER -1.000000 
476.280000 : HUMAN_MODEL C_PASSBY -1.000000
476.300000000 : R 12.1284 8.30244 2.96693
476.300000000 : LOG VEL_R 0.390513
476.340000000 : H 12.3879 4.20232 1.56947
476.340000000 : LOG VEL_H 0.378947
476.340000000 : R 12.1284 8.30244 2.96693
476.340000000 : LOG VEL_R 0.390513
476.340000 : HUMAN_MODEL C_DANGER -1.000000 
476.340000 : HUMAN_MODEL C_PASSBY -1.000000
476.380000000 : H 12.3879 4.20232 1.56947
476.380000000 : LOG VEL_H 0.378947
476.380000000 : R 12.0898 8.29652 2.96934
476.380000000 : LOG VEL_R 0.357381
476.380000 : HUMAN_MODEL C_DANGER -1.000000 
476.380000 : HUMAN_MODEL C_PASSBY -1.000000
476.440000000 : H 12.3871 4.2402 1.62736
476.440000000 : LOG VEL_H 0.378947
476.440000000 : R 12.0898 8.29652 2.96934
476.440000000 : LOG VEL_R 0.357381
476.440000 : HUMAN_MODEL C_DANGER -1.000000 
476.440000 : HUMAN_MODEL C_PASSBY -1.000000
476.480000000 : H 12.3871 4.2402 1.62736
476.480000000 : LOG VEL_H 0.378947
476.480000000 : R 12.0898 8.29652 2.96934
476.480000000 : LOG VEL_R 0.357381
476.480000 : HUMAN_MODEL C_DANGER -1.000000 
476.480000 : HUMAN_MODEL C_PASSBY -1.000000
476.520000000 : H 12.3846 4.27801 1.65368
476.520000000 : LOG VEL_H 0.378947
476.520000000 : R 12.0577 8.28067 2.98207
476.520000000 : LOG VEL_R 0.442320
476.520000 : HUMAN_MODEL C_DANGER -1.000000 
476.520000 : HUMAN_MODEL C_PASSBY -1.000000
476.580000000 : H 12.3846 4.27801 1.65368
476.580000000 : LOG VEL_H 0.378947
476.580000000 : R 12.0577 8.28067 2.98207
476.580000000 : LOG VEL_R 0.442320
476.580000 : HUMAN_MODEL C_DANGER -1.000000 
476.580000 : HUMAN_MODEL C_PASSBY -1.000000
476.580000000 : R 12.0223 8.25416 3.00768
476.580000000 : LOG VEL_R 0.439337
476.600000000 : H 12.3846 4.27801 1.65368
476.600000000 : LOG VEL_H 0.378947
476.600000000 : R 12.0223 8.25416 3.00768
476.600000000 : LOG VEL_R 0.439337
476.600000 : HUMAN_MODEL C_DANGER -1.000000 
476.600000 : HUMAN_MODEL C_PASSBY -1.000000
476.640000000 : H 12.381 4.31574 1.68
476.640000000 : LOG VEL_H 0.400000
476.640000000 : R 12.0223 8.25416 3.00768
476.640000000 : LOG VEL_R 0.439337
476.640000 : HUMAN_MODEL C_DANGER -1.000000 
476.640000 : HUMAN_MODEL C_PASSBY -1.000000
476.680000000 : H 12.381 4.31574 1.68
476.680000000 : LOG VEL_H 0.400000
476.680000000 : R 11.9852 8.23064 3.03881
476.680000000 : LOG VEL_R 0.439337
476.680000 : HUMAN_MODEL C_DANGER -1.000000 
476.680000 : HUMAN_MODEL C_PASSBY -1.000000
476.740000000 : H 12.3763 4.35545 1.70631
476.740000000 : LOG VEL_H 0.378947
476.740000000 : R 11.9852 8.23064 3.03881
476.740000000 : LOG VEL_R 0.439337
476.740000 : HUMAN_MODEL C_DANGER -1.000000 
476.740000 : HUMAN_MODEL C_PASSBY -1.000000
476.780000000 : H 12.3763 4.35545 1.70631
476.780000000 : LOG VEL_H 0.378947
476.780000000 : R 11.9852 8.23064 3.03881
476.780000000 : LOG VEL_R 0.439337
476.780000 : HUMAN_MODEL C_DANGER -1.000000 
476.780000 : HUMAN_MODEL C_PASSBY -1.000000
476.820000000 : H 12.3708 4.39294 1.73263
476.820000000 : LOG VEL_H 0.400000
476.820000000 : R 11.9489 8.20598 3.06993
476.820000000 : LOG VEL_R 0.404990
476.820000 : HUMAN_MODEL C_DANGER -1.000000 
476.820000 : HUMAN_MODEL C_PASSBY -1.000000
476.820000000 : R 11.9489 8.20598 3.06993
476.820000000 : LOG VEL_R 0.404990
476.880000000 : H 12.3708 4.39294 1.73263
476.880000000 : LOG VEL_H 0.400000
476.880000000 : R 11.9489 8.20598 3.06993
476.880000000 : LOG VEL_R 0.404990
476.880000 : HUMAN_MODEL C_DANGER -1.000000 
476.880000 : HUMAN_MODEL C_PASSBY -1.000000
476.920000000 : H 12.3708 4.39294 1.73263
476.920000000 : LOG VEL_H 0.400000
476.920000000 : R 11.9185 8.17912 3.09393
476.920000000 : LOG VEL_R 0.358580
476.920000 : HUMAN_MODEL C_DANGER -1.000000 
476.920000 : HUMAN_MODEL C_PASSBY -1.000000
476.920000000 : H 12.3636 4.43228 1.78
476.920000000 : LOG VEL_H 0.378947
476.920000000 : R 11.9185 8.17912 3.09393
476.920000000 : LOG VEL_R 0.358580
476.920000 : HUMAN_MODEL C_DANGER -1.000000 
476.920000 : HUMAN_MODEL C_PASSBY -1.000000
476.940000000 : R 11.9185 8.17912 3.09393
476.940000000 : LOG VEL_R 0.358580
476.980000000 : H 12.3636 4.43228 1.78
476.980000000 : LOG VEL_H 0.378947
476.980000000 : R 11.9185 8.17912 3.09393
476.980000000 : LOG VEL_R 0.358580
476.980000 : HUMAN_MODEL C_DANGER -1.000000 
476.980000 : HUMAN_MODEL C_PASSBY -1.000000
477.040000000 : H 12.355 4.46919 1.82736
477.040000000 : LOG VEL_H 0.378947
477.040000000 : R 11.8888 8.15908 3.12085
477.040000000 : LOG VEL_R 0.355315
477.040000 : HUMAN_MODEL C_DANGER -1.000000 
477.040000 : HUMAN_MODEL C_PASSBY -1.000000
477.040000000 : R 11.8888 8.15908 3.12085
477.040000000 : LOG VEL_R 0.355315
477.080000000 : H 12.355 4.46919 1.82736
477.080000000 : LOG VEL_H 0.378947
477.080000000 : R 11.8888 8.15908 3.12085
477.080000000 : LOG VEL_R 0.355315
477.080000 : HUMAN_MODEL C_DANGER -1.000000 
477.080000 : HUMAN_MODEL C_PASSBY -1.000000
477.080000000 : R 11.8888 8.15908 3.12085
477.080000000 : LOG VEL_R 0.355315
477.080000000 : R 11.8592 8.13938 -3.13807
477.080000000 : LOG VEL_R 0.346832
477.100000000 : H 12.3447 4.50565 1.87473
477.100000000 : LOG VEL_H 0.378947
477.100000000 : R 11.8592 8.13938 -3.13807
477.100000000 : LOG VEL_R 0.346832
477.100000 : HUMAN_MODEL C_DANGER -1.000000 
477.100000 : HUMAN_MODEL C_PASSBY -1.000000
477.140000000 : H 12.3447 4.50565 1.87473
477.140000000 : LOG VEL_H 0.378947
477.140000000 : R 11.8592 8.13938 -3.13807
477.140000000 : LOG VEL_R 0.346832
477.140000 : HUMAN_MODEL C_DANGER -1.000000 
477.140000 : HUMAN_MODEL C_PASSBY -1.000000
477.200000000 : H 12.3447 4.50565 1.87473
477.200000000 : LOG VEL_H 0.378947
477.200000000 : R 11.8294 8.12172 -3.12174
477.200000000 : LOG VEL_R 0.346832
477.200000 : HUMAN_MODEL C_DANGER -1.000000 
477.200000 : HUMAN_MODEL C_PASSBY -1.000000
477.240000000 : H 12.333 4.54169 1.90105
477.240000000 : LOG VEL_H 0.400000
477.240000000 : R 11.8294 8.12172 -3.12174
477.240000000 : LOG VEL_R 0.346832
477.240000 : HUMAN_MODEL C_DANGER -1.000000 
477.240000 : HUMAN_MODEL C_PASSBY -1.000000
477.280000000 : H 12.333 4.54169 1.90105
477.280000000 : LOG VEL_H 0.400000
477.280000000 : R 11.8294 8.12172 -3.12174
477.280000000 : LOG VEL_R 0.346832
477.280000 : HUMAN_MODEL C_DANGER -1.000000 
477.280000 : HUMAN_MODEL C_PASSBY -1.000000
477.340000000 : H 12.3194 4.57933 1.93789
477.340000000 : LOG VEL_H 0.400000
477.340000000 : R 11.7998 8.10358 -3.10541
477.340000000 : LOG VEL_R 0.334287
477.340000 : HUMAN_MODEL C_DANGER -1.000000 
477.340000 : HUMAN_MODEL C_PASSBY -1.000000
477.380000000 : H 12.3194 4.57933 1.93789
477.380000000 : LOG VEL_H 0.400000
477.380000000 : R 11.7998 8.10358 -3.10541
477.380000000 : LOG VEL_R 0.334287
477.380000 : HUMAN_MODEL C_DANGER -1.000000 
477.380000 : HUMAN_MODEL C_PASSBY -1.000000
477.380000000 : R 11.7796 8.07699 -3.09961
477.380000000 : LOG VEL_R 0.336457
477.400000000 : H 12.305 4.61664 1.94315
477.400000000 : LOG VEL_H 0.400000
477.400000000 : R 11.7796 8.07699 -3.09961
477.400000000 : LOG VEL_R 0.336457
477.400000 : HUMAN_MODEL C_DANGER -1.000000 
477.400000 : HUMAN_MODEL C_PASSBY -1.000000
477.440000000 : H 12.305 4.61664 1.94315
477.440000000 : LOG VEL_H 0.400000
477.440000000 : R 11.7796 8.07699 -3.09961
477.440000000 : LOG VEL_R 0.336457
477.440000 : HUMAN_MODEL C_DANGER -1.000000 
477.440000 : HUMAN_MODEL C_PASSBY -1.000000
477.480000000 : H 12.305 4.61664 1.94315
477.480000000 : LOG VEL_H 0.400000
477.480000000 : R 11.769 8.04505 -3.09686
477.480000000 : LOG VEL_R 0.231282
477.480000 : HUMAN_MODEL C_DANGER -1.000000 
477.480000 : HUMAN_MODEL C_PASSBY -1.000000
477.520000000 : H 12.2901 4.65374 1.96947
477.520000000 : LOG VEL_H 0.400000
477.520000000 : R 11.769 8.04505 -3.09686
477.520000000 : LOG VEL_R 0.231282
477.520000 : HUMAN_MODEL C_DANGER -1.000000 
477.520000 : HUMAN_MODEL C_PASSBY -1.000000
477.580000000 : H 12.2901 4.65374 1.96947
477.580000000 : LOG VEL_H 0.400000
477.580000000 : R 11.769 8.04505 -3.09686
477.580000000 : LOG VEL_R 0.231282
477.580000 : HUMAN_MODEL C_DANGER -1.000000 
477.580000 : HUMAN_MODEL C_PASSBY -1.000000
477.620000000 : H 12.2741 4.69043 1.99579
477.620000000 : LOG VEL_H 0.400000
477.620000000 : R 11.7587 8.02433 -3.11007
477.620000000 : LOG VEL_R 0.267969
477.620000 : HUMAN_MODEL C_DANGER -1.000000 
477.620000 : HUMAN_MODEL C_PASSBY -1.000000
477.620000000 : R 11.7587 8.02433 -3.11007
477.620000000 : LOG VEL_R 0.267969
477.680000000 : H 12.2741 4.69043 1.99579
477.680000000 : LOG VEL_H 0.400000
477.680000000 : R 11.7587 8.02433 -3.11007
477.680000000 : LOG VEL_R 0.267969
477.680000 : HUMAN_MODEL C_DANGER -1.000000 
477.680000 : HUMAN_MODEL C_PASSBY -1.000000
477.680000000 : R 11.7519 7.99841 -3.13073
477.680000000 : LOG VEL_R 0.267969
477.700000000 : H 12.2574 4.72677 2.01157
477.700000000 : LOG VEL_H 0.400000
477.700000000 : R 11.7519 7.99841 -3.13073
477.700000000 : LOG VEL_R 0.267969
477.700000 : HUMAN_MODEL C_DANGER -1.000000 
477.700000 : HUMAN_MODEL C_PASSBY -1.000000
477.740000000 : H 12.2574 4.72677 2.01157
477.740000000 : LOG VEL_H 0.400000
477.740000000 : R 11.7519 7.99841 -3.13073
477.740000000 : LOG VEL_R 0.267969
477.740000 : HUMAN_MODEL C_DANGER -1.000000 
477.740000 : HUMAN_MODEL C_PASSBY -1.000000
477.780000000 : H 12.2574 4.72677 2.01157
477.780000000 : LOG VEL_H 0.400000
477.780000000 : R 11.7519 7.99841 -3.13073
477.780000000 : LOG VEL_R 0.267969
477.780000 : HUMAN_MODEL C_DANGER -1.000000 
477.780000 : HUMAN_MODEL C_PASSBY -1.000000
477.780000000 : R 11.7446 7.97264 3.1318
477.780000000 : LOG VEL_R 0.246188
477.840000000 : H 12.24 4.76277 2.03789
477.840000000 : LOG VEL_H 0.378947
477.840000000 : R 11.7446 7.97264 3.1318
477.840000000 : LOG VEL_R 0.246188
477.840000 : HUMAN_MODEL C_DANGER -1.000000 
477.840000 : HUMAN_MODEL C_PASSBY -1.000000
477.880000000 : H 12.24 4.76277 2.03789
477.880000000 : LOG VEL_H 0.378947
477.880000000 : R 11.7446 7.97264 3.1318
477.880000000 : LOG VEL_R 0.246188
477.880000 : HUMAN_MODEL C_DANGER -1.000000 
477.880000 : HUMAN_MODEL C_PASSBY -1.000000
477.880000000 : R 11.7446 7.97264 3.1318
477.880000000 : LOG VEL_R 0.246188
477.920000000 : H 12.2226 4.79642 2.06421
477.920000000 : LOG VEL_H 0.400000
477.920000000 : R 11.7246 7.95823 3.09575
477.920000000 : LOG VEL_R 0.243161
477.920000 : HUMAN_MODEL C_DANGER -1.000000 
477.920000 : HUMAN_MODEL C_PASSBY -1.000000
477.960000000 : H 12.2226 4.79642 2.06421
477.960000000 : LOG VEL_H 0.400000
477.960000000 : R 11.7246 7.95823 3.09575
477.960000000 : LOG VEL_R 0.243161
477.960000 : HUMAN_MODEL C_DANGER -1.000000 
477.960000 : HUMAN_MODEL C_PASSBY -1.000000
477.960000000 : R 11.7246 7.95823 3.09575
477.960000000 : LOG VEL_R 0.243161
478.020000000 : H 12.2226 4.79642 2.06421
478.020000000 : LOG VEL_H 0.400000
478.020000000 : R 11.7165 7.9353 3.08363
478.020000000 : LOG VEL_R 0.361363
478.020000 : HUMAN_MODEL C_DANGER -1.000000 
478.020000 : HUMAN_MODEL C_PASSBY -1.000000
478.020000000 : R 11.7165 7.9353 3.08363
478.020000000 : LOG VEL_R 0.361363
478.020000000 : R 11.7165 7.9353 3.08363
478.020000000 : LOG VEL_R 0.361363
478.040000000 : H 12.2034 4.83153 2.08
478.040000000 : LOG VEL_H 0.400000
478.040000000 : R 11.7165 7.9353 3.08363
478.040000000 : LOG VEL_R 0.361363
478.040000 : HUMAN_MODEL C_DANGER -1.000000 
478.040000 : HUMAN_MODEL C_PASSBY -1.000000
478.080000000 : H 12.2034 4.83153 2.08
478.080000000 : LOG VEL_H 0.400000
478.080000000 : R 11.7165 7.9353 3.08363
478.080000000 : LOG VEL_R 0.361363
478.080000 : HUMAN_MODEL C_DANGER -1.000000 
478.080000 : HUMAN_MODEL C_PASSBY -1.000000
478.140000000 : H 12.1837 4.86633 2.09579
478.140000000 : LOG VEL_H 0.400000
478.140000000 : R 11.6897 7.9111 3.06034
478.140000000 : LOG VEL_R 0.422012
478.140000 : HUMAN_MODEL C_DANGER -1.000000 
478.140000 : HUMAN_MODEL C_PASSBY -1.000000
478.180000000 : H 12.1837 4.86633 2.09579
478.180000000 : LOG VEL_H 0.400000
478.180000000 : R 11.6897 7.9111 3.06034
478.180000000 : LOG VEL_R 0.422012
478.180000 : HUMAN_MODEL C_DANGER -1.000000 
478.180000 : HUMAN_MODEL C_PASSBY -1.000000
478.180000000 : R 11.6897 7.9111 3.06034
478.180000000 : LOG VEL_R 0.422012
478.180000000 : H 12.1837 4.86633 2.09579
478.180000000 : LOG VEL_H 0.400000
478.180000000 : R 11.6506 7.89513 3.05041
478.180000000 : LOG VEL_R 0.422012
478.180000 : HUMAN_MODEL C_DANGER -1.000000 
478.180000 : HUMAN_MODEL C_PASSBY -1.000000
478.200000000 : H 12.1636 4.90094 2.09579
478.200000000 : LOG VEL_H 0.378947
478.200000000 : R 11.6506 7.89513 3.05041
478.200000000 : LOG VEL_R 0.422012
478.200000 : HUMAN_MODEL C_DANGER -1.000000 
478.200000 : HUMAN_MODEL C_PASSBY -1.000000
478.260000000 : H 12.1636 4.90094 2.09579
478.260000000 : LOG VEL_H 0.378947
478.260000000 : R 11.6506 7.89513 3.05041
478.260000000 : LOG VEL_R 0.422012
478.260000 : HUMAN_MODEL C_DANGER -1.000000 
478.260000 : HUMAN_MODEL C_PASSBY -1.000000
478.300000000 : H 12.1636 4.90094 2.09579
478.300000000 : LOG VEL_H 0.378947
478.300000000 : R 11.6114 7.87953 3.04047
478.300000000 : LOG VEL_R 0.539609
478.300000 : HUMAN_MODEL C_DANGER -1.000000 
478.300000 : HUMAN_MODEL C_PASSBY -1.000000
478.340000000 : H 12.1446 4.93373 2.09579
478.340000000 : LOG VEL_H 0.400000
478.340000000 : R 11.6114 7.87953 3.04047
478.340000000 : LOG VEL_R 0.539609
478.340000 : HUMAN_MODEL C_DANGER -1.000000 
478.340000 : HUMAN_MODEL C_PASSBY -1.000000
478.380000000 : H 12.1446 4.93373 2.09579
478.380000000 : LOG VEL_H 0.400000
478.380000000 : R 11.6114 7.87953 3.04047
478.380000000 : LOG VEL_R 0.539609
478.380000 : HUMAN_MODEL C_DANGER -1.000000 
478.380000 : HUMAN_MODEL C_PASSBY -1.000000
478.440000000 : H 12.1244 4.96822 2.11157
478.440000000 : LOG VEL_H 0.400000
478.440000000 : R 11.5583 7.86975 3.04247
478.440000000 : LOG VEL_R 0.526881
478.440000 : HUMAN_MODEL C_DANGER -1.000000 
478.440000 : HUMAN_MODEL C_PASSBY -1.000000
478.440000000 : R 11.5583 7.86975 3.04247
478.440000000 : LOG VEL_R 0.526881
478.480000000 : H 12.1244 4.96822 2.11157
478.480000000 : LOG VEL_H 0.400000
478.480000000 : R 11.5583 7.86975 3.04247
478.480000000 : LOG VEL_R 0.526881
478.480000 : HUMAN_MODEL C_DANGER -1.000000 
478.480000 : HUMAN_MODEL C_PASSBY -1.000000
478.480000000 : R 11.5068 7.85862 3.04593
478.480000000 : LOG VEL_R 0.600136
478.500000000 : H 12.1244 4.96822 2.11157
478.500000000 : LOG VEL_H 0.400000
478.500000000 : R 11.5068 7.85862 3.04593
478.500000000 : LOG VEL_R 0.600136
478.500000 : HUMAN_MODEL C_DANGER -1.000000 
478.500000 : HUMAN_MODEL C_PASSBY -1.000000
478.540000000 : H 12.1038 5.00251 2.11157
478.540000000 : LOG VEL_H 0.400000
478.540000000 : R 11.5068 7.85862 3.04593
478.540000000 : LOG VEL_R 0.600136
478.540000 : HUMAN_MODEL C_DANGER -1.000000 
478.540000 : HUMAN_MODEL C_PASSBY -1.000000
478.580000000 : H 12.1038 5.00251 2.11157
478.580000000 : LOG VEL_H 0.400000
478.580000000 : R 11.447 7.85352 3.05682
478.580000000 : LOG VEL_R 0.659697
478.580000 : HUMAN_MODEL C_DANGER -1.000000 
478.580000 : HUMAN_MODEL C_PASSBY -1.000000
478.640000000 : H 12.0832 5.0368 2.11157
478.640000000 : LOG VEL_H 0.378947
478.640000000 : R 11.447 7.85352 3.05682
478.640000000 : LOG VEL_R 0.659697
478.640000 : HUMAN_MODEL C_DANGER -1.000000 
478.640000 : HUMAN_MODEL C_PASSBY -1.000000
478.680000000 : H 12.0832 5.0368 2.11157
478.680000000 : LOG VEL_H 0.378947
478.680000000 : R 11.447 7.85352 3.05682
478.680000000 : LOG VEL_R 0.659697
478.680000 : HUMAN_MODEL C_DANGER -1.000000 
478.680000 : HUMAN_MODEL C_PASSBY -1.000000
478.720000000 : H 12.0637 5.06929 2.11157
478.720000000 : LOG VEL_H 0.400000
478.720000000 : R 11.3815 7.84551 3.07491
478.720000000 : LOG VEL_R 0.704300
478.720000 : HUMAN_MODEL C_DANGER -1.000000 
478.720000 : HUMAN_MODEL C_PASSBY -1.000000
478.780000000 : H 12.0637 5.06929 2.11157
478.780000000 : LOG VEL_H 0.400000
478.780000000 : R 11.3815 7.84551 3.07491
478.780000000 : LOG VEL_R 0.704300
478.780000 : HUMAN_MODEL C_DANGER -1.000000 
478.780000 : HUMAN_MODEL C_PASSBY -1.000000
478.780000000 : H 12.0637 5.06929 2.11157
478.780000000 : LOG VEL_H 0.400000
478.780000000 : R 11.3112 7.8419 3.09347
478.780000000 : LOG VEL_R 0.704300
478.780000 : HUMAN_MODEL C_DANGER -1.000000 
478.780000 : HUMAN_MODEL C_PASSBY 0.148076
478.800000000 : R 11.3112 7.8419 3.09347
478.800000000 : LOG VEL_R 0.704300
478.840000000 : H 12.0432 5.10363 2.10631
478.860000000 : LOG VEL_H 0.400000
478.860000000 : R 11.3112 7.8419 3.09347
478.860000000 : LOG VEL_R 0.704300
478.860000 : HUMAN_MODEL C_DANGER -1.000000 
478.860000 : HUMAN_MODEL C_PASSBY 0.150849
478.880000000 : H 12.0432 5.10363 2.10631
478.880000000 : LOG VEL_H 0.400000
478.880000000 : R 11.3112 7.8419 3.09347
478.880000000 : LOG VEL_R 0.704300
478.880000 : HUMAN_MODEL C_DANGER -1.000000 
478.880000 : HUMAN_MODEL C_PASSBY 0.150849
478.880000000 : R 11.2409 7.83698 3.11204
478.880000000 : LOG VEL_R 0.700795
478.940000000 : H 12.0222 5.13772 2.14315
478.940000000 : LOG VEL_H 0.400000
478.940000000 : R 11.2409 7.83698 3.11204
478.940000000 : LOG VEL_R 0.700795
478.940000 : HUMAN_MODEL C_DANGER -1.000000 
478.940000 : HUMAN_MODEL C_PASSBY 0.149541
478.980000000 : H 12.0222 5.13772 2.14315
478.980000000 : LOG VEL_H 0.400000
478.980000000 : R 11.2409 7.83698 3.11204
478.980000000 : LOG VEL_R 0.700795
478.980000 : HUMAN_MODEL C_DANGER -1.000000 
478.980000 : HUMAN_MODEL C_PASSBY 0.149541
479.020000000 : H 12.0222 5.13772 2.14315
479.020000000 : LOG VEL_H 0.400000
479.020000000 : R 11.1709 7.83536 3.12483
479.020000000 : LOG VEL_R 0.700053
479.020000 : HUMAN_MODEL C_DANGER -1.000000 
479.020000 : HUMAN_MODEL C_PASSBY 0.148731
479.060000000 : H 12.0005 5.1713 2.14842
479.080000000 : LOG VEL_H 0.400000
479.080000000 : R 11.1709 7.83536 3.12483
479.080000000 : LOG VEL_R 0.700053
479.080000 : HUMAN_MODEL C_DANGER -1.000000 
479.080000 : HUMAN_MODEL C_PASSBY 0.151561
479.120000000 : H 11.9786 5.20476 2.15368
479.120000000 : LOG VEL_H 0.378947
479.120000000 : R 11.1009 7.83556 3.12845
479.120000000 : LOG VEL_R 0.700295
479.120000 : HUMAN_MODEL C_DANGER -1.000000 
479.120000 : HUMAN_MODEL C_PASSBY 0.166538
479.120000000 : R 11.1009 7.83556 3.12845
479.120000000 : LOG VEL_R 0.700295
479.120000000 : R 11.1009 7.83556 3.12845
479.120000000 : LOG VEL_R 0.700295
479.140000000 : R 11.1009 7.83556 3.12845
479.140000000 : LOG VEL_R 0.700295
479.180000000 : H 11.9786 5.20476 2.15368
479.180000000 : LOG VEL_H 0.378947
479.180000000 : R 11.1009 7.83556 3.12845
479.180000000 : LOG VEL_R 0.700295
479.180000 : HUMAN_MODEL C_DANGER -1.000000 
479.180000 : HUMAN_MODEL C_PASSBY 0.166538
479.240000000 : H 11.9578 5.23644 2.14842
479.240000000 : LOG VEL_H 0.400000
479.240000000 : R 11.0309 7.83857 3.12645
479.240000000 : LOG VEL_R 0.700750
479.240000 : HUMAN_MODEL C_DANGER -1.000000 
479.240000 : HUMAN_MODEL C_PASSBY 0.159140
479.280000000 : H 11.9578 5.23644 2.14842
479.280000000 : LOG VEL_H 0.400000
479.280000000 : R 11.0309 7.83857 3.12645
479.280000000 : LOG VEL_R 0.700750
479.280000 : HUMAN_MODEL C_DANGER -1.000000 
479.280000 : HUMAN_MODEL C_PASSBY 0.159140
479.280000000 : R 10.961 7.8432 3.11468
479.280000000 : LOG VEL_R 0.700750
479.300000000 : H 11.9359 5.26991 2.15368
479.300000000 : LOG VEL_H 0.378947
479.300000000 : R 10.961 7.8432 3.11468
479.300000000 : LOG VEL_R 0.700750
479.300000 : HUMAN_MODEL C_DANGER -1.000000 
479.300000 : HUMAN_MODEL C_PASSBY 0.171634
479.360000000 : H 11.9359 5.26991 2.15368
479.360000000 : LOG VEL_H 0.378947
479.360000000 : R 10.961 7.8432 3.11468
479.360000000 : LOG VEL_R 0.700750
479.360000 : HUMAN_MODEL C_DANGER -1.000000 
479.360000 : HUMAN_MODEL C_PASSBY 0.171634
479.400000000 : H 11.915 5.3015 2.15894
479.400000000 : LOG VEL_H 0.400000
479.400000000 : R 10.8911 7.84866 3.1029
479.400000000 : LOG VEL_R 0.700663
479.400000 : HUMAN_MODEL C_DANGER -1.000000 
479.400000 : HUMAN_MODEL C_PASSBY 0.161751
479.440000000 : R 10.8911 7.84866 3.1029
479.440000000 : LOG VEL_R 0.700663
479.480000000 : H 11.915 5.3015 2.15894
479.480000000 : LOG VEL_H 0.400000
479.480000000 : R 10.8911 7.84866 3.1029
479.480000000 : LOG VEL_R 0.700663
479.480000 : HUMAN_MODEL C_DANGER -1.000000 
479.480000 : HUMAN_MODEL C_PASSBY 0.161751
479.520000000 : R 10.8213 7.85481 3.08869
479.520000000 : LOG VEL_R 0.702468
479.520000000 : R 10.8213 7.85481 3.08869
479.520000000 : LOG VEL_R 0.702468
479.580000000 : H 11.8928 5.33478 2.15894
479.580000000 : LOG VEL_H 0.400000
479.580000000 : R 10.8213 7.85481 3.08869
479.580000000 : LOG VEL_R 0.702468
479.580000 : HUMAN_MODEL C_DANGER -1.000000 
479.580000 : HUMAN_MODEL C_PASSBY 0.170213
479.580000000 : R 10.8213 7.85481 3.08869
479.580000000 : LOG VEL_R 0.702468
479.580000000 : R 10.7518 7.86505 3.06469
479.580000000 : LOG VEL_R 0.702605
479.600000000 : H 11.8706 5.36806 2.15894
479.600000000 : LOG VEL_H 0.378947
479.600000000 : R 10.7518 7.86505 3.06469
479.600000000 : LOG VEL_R 0.702605
479.600000 : HUMAN_MODEL C_DANGER -1.000000 
479.600000 : HUMAN_MODEL C_PASSBY 0.182887
479.640000000 : H 11.8706 5.36806 2.15894
479.640000000 : LOG VEL_H 0.378947
479.640000000 : R 10.7518 7.86505 3.06469
479.640000000 : LOG VEL_R 0.702605
479.640000 : HUMAN_MODEL C_DANGER -1.000000 
479.640000 : HUMAN_MODEL C_PASSBY 0.182887
479.700000000 : H 11.8706 5.36806 2.15894
479.700000000 : LOG VEL_H 0.378947
479.700000000 : R 10.6826 7.87715 3.03941
479.700000000 : LOG VEL_R 0.701145
479.700000 : HUMAN_MODEL C_DANGER -1.000000 
479.700000 : HUMAN_MODEL C_PASSBY 0.174714
479.740000000 : H 11.8494 5.39945 2.17473
479.740000000 : LOG VEL_H 0.357895
479.740000000 : R 10.6826 7.87715 3.03941
479.740000000 : LOG VEL_R 0.701145
479.740000 : HUMAN_MODEL C_DANGER -1.000000 
479.740000 : HUMAN_MODEL C_PASSBY 0.189256
479.780000000 : H 11.8494 5.39945 2.17473
479.780000000 : LOG VEL_H 0.357895
479.780000000 : R 10.6826 7.87715 3.03941
479.780000000 : LOG VEL_R 0.701145
479.780000 : HUMAN_MODEL C_DANGER -1.000000 
479.780000 : HUMAN_MODEL C_PASSBY 0.189256
479.840000000 : R 10.6135 7.88879 3.02083
479.840000000 : LOG VEL_R 0.701145
479.880000000 : H 11.8288 5.42878 2.19052
479.880000000 : LOG VEL_H 0.378947
479.880000000 : R 10.6135 7.88879 3.02083
479.880000000 : LOG VEL_R 0.701145
479.880000 : HUMAN_MODEL C_DANGER -1.000000 
479.880000 : HUMAN_MODEL C_PASSBY 0.178798
479.880000000 : R 10.5446 7.90171 3.00225
479.880000000 : LOG VEL_R 0.700111
479.900000000 : H 11.8068 5.45963 2.19052
479.900000000 : LOG VEL_H 0.400000
479.900000000 : R 10.5446 7.90171 3.00225
479.900000000 : LOG VEL_R 0.700111
479.900000 : HUMAN_MODEL C_DANGER -1.000000 
479.900000 : HUMAN_MODEL C_PASSBY 0.162218
479.940000000 : H 11.8068 5.45963 2.19052
479.940000000 : LOG VEL_H 0.400000
479.940000000 : R 10.5446 7.90171 3.00225
479.940000000 : LOG VEL_R 0.700111
479.940000 : HUMAN_MODEL C_DANGER -1.000000 
479.940000 : HUMAN_MODEL C_PASSBY 0.162218
479.980000000 : H 11.8068 5.45963 2.19052
479.980000000 : LOG VEL_H 0.400000
479.980000000 : R 10.4755 7.91293 2.99285
479.980000000 : LOG VEL_R 0.700292
479.980000 : HUMAN_MODEL C_DANGER -1.000000 
479.980000 : HUMAN_MODEL C_PASSBY 0.160961
480.040000000 : H 11.7834 5.49204 2.20631
480.040000000 : LOG VEL_H 0.400000
480.040000000 : R 10.4755 7.91293 2.99285
480.040000000 : LOG VEL_R 0.700292
480.040000 : HUMAN_MODEL C_DANGER -1.000000 
480.040000 : HUMAN_MODEL C_PASSBY 0.164355
480.080000000 : H 11.7834 5.49204 2.20631
480.080000000 : LOG VEL_H 0.400000
480.080000000 : R 10.4755 7.91293 2.99285
480.080000000 : LOG VEL_R 0.700292
480.080000 : HUMAN_MODEL C_DANGER -1.000000 
480.080000 : HUMAN_MODEL C_PASSBY 0.164355
480.140000000 : H 11.7595 5.52408 2.2221
480.140000000 : LOG VEL_H 0.400000
480.140000000 : R 10.4066 7.92565 2.98036
480.140000000 : LOG VEL_R 0.700043
480.140000 : HUMAN_MODEL C_DANGER -1.000000 
480.140000 : HUMAN_MODEL C_PASSBY 0.162420
480.140000000 : R 10.4066 7.92565 2.98036
480.140000000 : LOG VEL_R 0.700043
480.180000000 : H 11.7595 5.52408 2.2221
480.180000000 : LOG VEL_H 0.400000
480.180000000 : R 10.4066 7.92565 2.98036
480.180000000 : LOG VEL_R 0.700043
480.180000 : HUMAN_MODEL C_DANGER -1.000000 
480.180000 : HUMAN_MODEL C_PASSBY 0.162420
480.180000000 : R 10.3377 7.93785 2.97279
480.180000000 : LOG VEL_R 0.700005
480.200000000 : H 11.7352 5.5559 2.2221
480.200000000 : LOG VEL_H 0.378947
480.200000000 : R 10.3377 7.93785 2.97279
480.200000000 : LOG VEL_R 0.700005
480.200000 : HUMAN_MODEL C_DANGER -1.000000 
480.200000 : HUMAN_MODEL C_PASSBY 0.172482
480.240000000 : H 11.7352 5.5559 2.2221
480.240000000 : LOG VEL_H 0.378947
480.240000000 : R 10.3377 7.93785 2.97279
480.240000000 : LOG VEL_R 0.700005
480.240000 : HUMAN_MODEL C_DANGER -1.000000 
480.260000 : HUMAN_MODEL C_PASSBY 0.172482
480.280000000 : H 11.7352 5.5559 2.2221
480.280000000 : LOG VEL_H 0.378947
480.280000000 : R 10.2686 7.94934 2.97389
480.280000000 : LOG VEL_R 0.700005
480.280000 : HUMAN_MODEL C_DANGER -1.000000 
480.280000 : HUMAN_MODEL C_PASSBY 0.169285
480.340000000 : H 11.7122 5.58603 2.2221
480.340000000 : LOG VEL_H 0.400000
480.340000000 : R 10.2686 7.94934 2.97389
480.340000000 : LOG VEL_R 0.700005
480.340000 : HUMAN_MODEL C_DANGER -1.000000 
480.340000 : HUMAN_MODEL C_PASSBY 0.161301
480.380000000 : H 11.7122 5.58603 2.2221
480.380000000 : LOG VEL_H 0.400000
480.380000000 : R 10.2686 7.94934 2.97389
480.380000000 : LOG VEL_R 0.700005
480.380000 : HUMAN_MODEL C_DANGER -1.000000 
480.380000 : HUMAN_MODEL C_PASSBY 0.161301
480.420000000 : H 11.7122 5.58603 2.2221
480.420000000 : LOG VEL_H 0.400000
480.420000000 : R 10.1996 7.96074 2.97498
480.420000000 : LOG VEL_R 0.700027
480.420000 : HUMAN_MODEL C_DANGER -1.000000 
480.420000 : HUMAN_MODEL C_PASSBY 0.159741
480.480000000 : H 11.6878 5.61769 2.23789
480.480000000 : LOG VEL_H 0.378947
480.480000000 : R 10.1996 7.96074 2.97498
480.480000000 : LOG VEL_R 0.700027
480.480000 : HUMAN_MODEL C_DANGER -1.000000 
480.480000 : HUMAN_MODEL C_PASSBY 0.174495
480.520000000 : H 11.6641 5.64731 2.25368
480.520000000 : LOG VEL_H 0.378947
480.520000000 : R 10.1306 7.97301 2.97298
480.520000000 : LOG VEL_R 0.700015
480.520000 : HUMAN_MODEL C_DANGER -1.000000 
480.520000 : HUMAN_MODEL C_PASSBY 0.172630
480.520000000 : R 10.1306 7.97301 2.97298
480.520000000 : LOG VEL_R 0.700015
480.520000000 : R 10.1306 7.97301 2.97298
480.520000000 : LOG VEL_R 0.700015
480.540000000 : R 10.1306 7.97301 2.97298
480.540000000 : LOG VEL_R 0.700015
480.580000000 : H 11.6641 5.64731 2.25368
480.580000000 : LOG VEL_H 0.378947
480.580000000 : R 10.1306 7.97301 2.97298
480.580000000 : LOG VEL_R 0.700015
480.580000 : HUMAN_MODEL C_DANGER -1.000000 
480.580000 : HUMAN_MODEL C_PASSBY 0.172630
480.640000000 : H 11.64 5.67656 2.26947
480.640000000 : LOG VEL_H 0.378947
480.640000000 : R 10.0615 7.98425 2.97498
480.640000000 : LOG VEL_R 0.700009
480.640000 : HUMAN_MODEL C_DANGER -1.000000 
480.640000 : HUMAN_MODEL C_PASSBY 0.172807
480.680000000 : H 11.64 5.67656 2.26947
480.680000000 : LOG VEL_H 0.378947
480.680000000 : R 10.0615 7.98425 2.97498
480.680000000 : LOG VEL_R 0.700009
480.680000 : HUMAN_MODEL C_DANGER -1.000000 
480.680000 : HUMAN_MODEL C_PASSBY 0.172807
480.680000000 : H 11.64 5.67656 2.26947
480.680000000 : LOG VEL_H 0.378947
480.680000000 : R 9.99243 7.99535 2.98084
480.680000000 : LOG VEL_R 0.700000
480.680000 : HUMAN_MODEL C_DANGER -1.000000 
480.680000 : HUMAN_MODEL C_PASSBY 0.169969
480.700000000 : R 9.99243 7.99535 2.98084
480.700000000 : LOG VEL_R 0.700000
480.760000000 : H 11.6157 5.70557 2.26947
480.760000000 : LOG VEL_H 0.400000
480.760000000 : R 9.99243 7.99535 2.98084
480.760000000 : LOG VEL_R 0.700000
480.760000 : HUMAN_MODEL C_DANGER -1.000000 
480.760000 : HUMAN_MODEL C_PASSBY 0.161992
480.800000000 : H 11.5901 5.73636 2.25368
480.800000000 : LOG VEL_H 0.400000
480.800000000 : R 9.9233 8.00638 2.98523
480.800000000 : LOG VEL_R 0.700000
480.800000 : HUMAN_MODEL C_DANGER -1.000000 
480.800000 : HUMAN_MODEL C_PASSBY 0.162171
480.840000000 : H 11.5901 5.73636 2.25368
480.840000000 : LOG VEL_H 0.400000
480.840000000 : R 9.9233 8.00638 2.98523
480.840000000 : LOG VEL_R 0.700000
480.840000 : HUMAN_MODEL C_DANGER -1.000000 
480.840000 : HUMAN_MODEL C_PASSBY 0.162171
480.880000000 : H 11.5901 5.73636 2.25368
480.880000000 : LOG VEL_H 0.400000
480.880000000 : R 9.9233 8.00638 2.98523
480.880000000 : LOG VEL_R 0.700000
480.880000 : HUMAN_MODEL C_DANGER -1.000000 
480.880000 : HUMAN_MODEL C_PASSBY 0.162171
480.920000000 : H 11.5649 5.76739 2.25368
480.920000000 : LOG VEL_H 0.378947
480.920000000 : R 9.85413 8.0171 2.98963
480.920000000 : LOG VEL_R 0.700316
480.920000 : HUMAN_MODEL C_DANGER -1.000000 
480.920000 : HUMAN_MODEL C_PASSBY 0.179464
480.980000000 : H 11.5649 5.76739 2.25368
480.980000000 : LOG VEL_H 0.378947
480.980000000 : R 9.85413 8.0171 2.98963
480.980000000 : LOG VEL_R 0.700316
480.980000 : HUMAN_MODEL C_DANGER -1.000000 
480.980000 : HUMAN_MODEL C_PASSBY 0.179464
480.980000000 : H 11.5649 5.76739 2.25368
480.980000000 : LOG VEL_H 0.378947
480.980000000 : R 9.78526 8.02983 2.98763
480.980000000 : LOG VEL_R 0.700248
480.980000 : HUMAN_MODEL C_DANGER -1.000000 
480.980000 : HUMAN_MODEL C_PASSBY 0.175076
481.000000000 : R 9.78526 8.02983 2.98763
481.000000000 : LOG VEL_R 0.700248
481.060000000 : H 11.541 5.79679 2.25368
481.060000000 : LOG VEL_H 0.378947
481.060000000 : R 9.78526 8.02983 2.98763
481.060000000 : LOG VEL_R 0.700248
481.060000 : HUMAN_MODEL C_DANGER -1.000000 
481.060000 : HUMAN_MODEL C_PASSBY 0.178743
481.100000000 : H 11.5171 5.82619 2.25368
481.100000000 : LOG VEL_H 0.378947
481.100000000 : R 9.71641 8.04256 2.98212
481.100000000 : LOG VEL_R 0.700010
481.100000 : HUMAN_MODEL C_DANGER -1.000000 
481.100000 : HUMAN_MODEL C_PASSBY 0.174405
481.140000000 : H 11.5171 5.82619 2.25368
481.140000000 : LOG VEL_H 0.378947
481.140000000 : R 9.71641 8.04256 2.98212
481.140000000 : LOG VEL_R 0.700010
481.140000 : HUMAN_MODEL C_DANGER -1.000000 
481.140000 : HUMAN_MODEL C_PASSBY 0.174405
481.180000000 : H 11.5171 5.82619 2.25368
481.180000000 : LOG VEL_H 0.378947
481.180000000 : R 9.71641 8.04256 2.98212
481.180000000 : LOG VEL_R 0.700010
481.180000 : HUMAN_MODEL C_DANGER -1.000000 
481.180000 : HUMAN_MODEL C_PASSBY 0.174405
481.240000000 : H 11.5171 5.82619 2.25368
481.240000000 : LOG VEL_H 0.378947
481.240000000 : R 9.64737 8.05416 2.97806
481.240000000 : LOG VEL_R 0.700137
481.240000 : HUMAN_MODEL C_DANGER -1.000000 
481.240000 : HUMAN_MODEL C_PASSBY 0.173604
481.240000000 : R 9.64737 8.05416 2.97806
481.240000000 : LOG VEL_R 0.700137
481.280000000 : H 11.493 5.85543 2.26947
481.280000000 : LOG VEL_H 0.400000
481.280000000 : R 9.64737 8.05416 2.97806
481.280000000 : LOG VEL_R 0.700137
481.280000 : HUMAN_MODEL C_DANGER -1.000000 
481.280000 : HUMAN_MODEL C_PASSBY 0.165912
481.280000000 : H 11.493 5.85543 2.26947
481.280000000 : LOG VEL_H 0.400000
481.280000000 : R 9.57858 8.06715 2.9698
481.280000000 : LOG VEL_R 0.700137
481.280000 : HUMAN_MODEL C_DANGER -1.000000 
481.280000 : HUMAN_MODEL C_PASSBY 0.162380
481.300000000 : H 11.4672 5.88601 2.27473
481.300000000 : LOG VEL_H 0.378947
481.300000000 : R 9.57858 8.06715 2.9698
481.300000000 : LOG VEL_R 0.700137
481.300000 : HUMAN_MODEL C_DANGER -1.000000 
481.300000 : HUMAN_MODEL C_PASSBY 0.177308
481.340000000 : H 11.4672 5.88601 2.27473
481.340000000 : LOG VEL_H 0.378947
481.340000000 : R 9.57858 8.06715 2.9698
481.340000000 : LOG VEL_R 0.700137
481.340000 : HUMAN_MODEL C_DANGER -1.000000 
481.340000 : HUMAN_MODEL C_PASSBY 0.177308
481.380000000 : H 11.4672 5.88601 2.27473
481.380000000 : LOG VEL_H 0.378947
481.380000000 : R 9.57858 8.06715 2.9698
481.380000000 : LOG VEL_R 0.700137
481.380000 : HUMAN_MODEL C_DANGER -1.000000 
481.380000 : HUMAN_MODEL C_PASSBY 0.177308
481.380000000 : R 9.50989 8.0807 2.96154
481.380000000 : LOG VEL_R 0.700032
481.440000000 : H 11.4427 5.91489 2.27473
481.440000000 : LOG VEL_H 0.400000
481.440000000 : R 9.50989 8.0807 2.96154
481.440000000 : LOG VEL_R 0.700032
481.440000 : HUMAN_MODEL C_DANGER -1.000000 
481.440000 : HUMAN_MODEL C_PASSBY 0.163464
481.480000000 : H 11.4427 5.91489 2.27473
481.480000000 : LOG VEL_H 0.400000
481.480000000 : R 9.50989 8.0807 2.96154
481.480000000 : LOG VEL_R 0.700032
481.480000 : HUMAN_MODEL C_DANGER -1.000000 
481.480000 : HUMAN_MODEL C_PASSBY 0.163464
481.520000000 : H 11.4427 5.91489 2.27473
481.520000000 : LOG VEL_H 0.400000
481.520000000 : R 9.44121 8.09424 2.94923
481.520000000 : LOG VEL_R 0.700001
481.520000 : HUMAN_MODEL C_DANGER -1.000000 
481.520000 : HUMAN_MODEL C_PASSBY 0.158207
481.560000000 : H 11.4166 5.94522 2.29052
481.560000000 : LOG VEL_H 0.400000
481.560000000 : R 9.44121 8.09424 2.94923
481.560000000 : LOG VEL_R 0.700001
481.560000 : HUMAN_MODEL C_DANGER -1.000000 
481.560000 : HUMAN_MODEL C_PASSBY 0.161652
481.620000000 : H 11.39 5.97513 2.30631
481.620000000 : LOG VEL_H 0.400000
481.620000000 : R 9.37257 8.10799 2.93971
481.620000000 : LOG VEL_R 0.700076
481.620000 : HUMAN_MODEL C_DANGER -1.000000 
481.620000 : HUMAN_MODEL C_PASSBY 0.158369
481.620000000 : R 9.37257 8.10799 2.93971
481.620000000 : LOG VEL_R 0.700076
481.640000000 : R 9.37257 8.10799 2.93971
481.640000000 : LOG VEL_R 0.700076
481.680000000 : H 11.39 5.97513 2.30631
481.680000000 : LOG VEL_H 0.400000
481.680000000 : R 9.37257 8.10799 2.93971
481.680000000 : LOG VEL_R 0.700076
481.680000 : HUMAN_MODEL C_DANGER -1.000000 
481.680000 : HUMAN_MODEL C_PASSBY 0.158369
481.740000000 : H 11.39 5.97513 2.30631
481.740000000 : LOG VEL_H 0.400000
481.740000000 : R 9.3038 8.1211 2.9368
481.740000000 : LOG VEL_R 0.667628
481.740000 : HUMAN_MODEL C_DANGER -1.000000 
481.740000 : HUMAN_MODEL C_PASSBY 0.131883
481.780000000 : H 11.3632 6.00479 2.30631
481.780000000 : LOG VEL_H 0.400000
481.780000000 : R 9.3038 8.1211 2.9368
481.780000000 : LOG VEL_R 0.667628
481.780000 : HUMAN_MODEL C_DANGER -1.000000 
481.780000 : HUMAN_MODEL C_PASSBY 0.134531
481.780000000 : R 9.3038 8.1211 2.9368
481.780000000 : LOG VEL_R 0.667628
481.780000000 : H 11.3632 6.00479 2.30631
481.780000000 : LOG VEL_H 0.400000
481.780000000 : R 9.23769 8.13039 2.9288
481.780000000 : LOG VEL_R 0.667628
481.780000 : HUMAN_MODEL C_DANGER -1.000000 
481.780000 : HUMAN_MODEL C_PASSBY 0.131643
481.800000000 : H 11.3362 6.03428 2.3221
481.800000000 : LOG VEL_H 0.400000
481.800000000 : R 9.23769 8.13039 2.9288
481.800000000 : LOG VEL_R 0.667628
481.800000 : HUMAN_MODEL C_DANGER -1.000000 
481.800000 : HUMAN_MODEL C_PASSBY 0.134286
481.840000000 : H 11.3362 6.03428 2.3221
481.840000000 : LOG VEL_H 0.400000
481.840000000 : R 9.23769 8.13039 2.9288
481.840000000 : LOG VEL_R 0.667628
481.840000 : HUMAN_MODEL C_DANGER -1.000000 
481.840000 : HUMAN_MODEL C_PASSBY 0.134286
481.880000000 : H 11.3362 6.03428 2.3221
481.880000000 : LOG VEL_H 0.400000
481.880000000 : R 9.17165 8.14021 2.92079
481.880000000 : LOG VEL_R 0.643943
481.880000 : HUMAN_MODEL C_DANGER -1.000000 
481.880000 : HUMAN_MODEL C_PASSBY 0.122499
481.940000000 : H 11.309 6.06369 2.30631
481.940000000 : LOG VEL_H 0.400000
481.940000000 : R 9.17165 8.14021 2.92079
481.940000000 : LOG VEL_R 0.643943
481.940000 : HUMAN_MODEL C_DANGER -1.000000 
481.940000 : HUMAN_MODEL C_PASSBY 0.125040
481.980000000 : H 11.309 6.06369 2.30631
481.980000000 : LOG VEL_H 0.400000
481.980000000 : R 9.17165 8.14021 2.92079
481.980000000 : LOG VEL_R 0.643943
481.980000 : HUMAN_MODEL C_DANGER -1.000000 
481.980000 : HUMAN_MODEL C_PASSBY 0.125040
482.020000000 : R 9.10837 8.15213 2.91673
482.020000000 : LOG VEL_R 0.598676
482.080000000 : H 11.2822 6.09334 2.30631
482.080000000 : LOG VEL_H 0.400000
482.080000000 : R 9.10837 8.15213 2.91673
482.080000000 : LOG VEL_R 0.598676
482.080000 : HUMAN_MODEL C_DANGER -1.000000 
482.080000 : HUMAN_MODEL C_PASSBY 0.102563
482.080000000 : R 9.04968 8.16394 2.91941
482.080000000 : LOG VEL_R 0.582874
482.100000000 : H 11.2554 6.123 2.30631
482.100000000 : LOG VEL_H 0.400000
482.100000000 : R 9.04968 8.16394 2.91941
482.100000000 : LOG VEL_R 0.582874
482.100000 : HUMAN_MODEL C_DANGER -1.000000 
482.100000 : HUMAN_MODEL C_PASSBY 0.094787
482.140000000 : H 11.2554 6.123 2.30631
482.140000000 : LOG VEL_H 0.400000
482.140000000 : R 9.04968 8.16394 2.91941
482.140000000 : LOG VEL_R 0.582874
482.140000 : HUMAN_MODEL C_DANGER -1.000000 
482.140000 : HUMAN_MODEL C_PASSBY 0.094787
482.180000000 : H 11.2554 6.123 2.30631
482.180000000 : LOG VEL_H 0.400000
482.180000000 : R 8.99252 8.17537 2.92833
482.180000000 : LOG VEL_R 0.643213
482.180000 : HUMAN_MODEL C_DANGER -1.000000 
482.180000 : HUMAN_MODEL C_PASSBY 0.122586
482.240000000 : H 11.2283 6.15249 2.3221
482.240000000 : LOG VEL_H 0.378947
482.240000000 : R 8.99252 8.17537 2.92833
482.240000000 : LOG VEL_R 0.643213
482.240000 : HUMAN_MODEL C_DANGER -1.000000 
482.240000 : HUMAN_MODEL C_PASSBY 0.136415
482.280000000 : H 11.2283 6.15249 2.3221
482.280000000 : LOG VEL_H 0.378947
482.280000000 : R 8.99252 8.17537 2.92833
482.280000000 : LOG VEL_R 0.643213
482.280000 : HUMAN_MODEL C_DANGER -1.000000 
482.280000 : HUMAN_MODEL C_PASSBY 0.136415
482.340000000 : H 11.2283 6.15249 2.3221
482.340000000 : LOG VEL_H 0.378947
482.340000000 : R 8.92918 8.18655 2.9459
482.340000000 : LOG VEL_R 0.643213
482.340000 : HUMAN_MODEL C_DANGER -1.000000 
482.340000 : HUMAN_MODEL C_PASSBY 0.133450
482.380000000 : H 11.2023 6.18002 2.33789
482.380000000 : LOG VEL_H 0.400000
482.380000000 : R 8.92918 8.18655 2.9459
482.380000000 : LOG VEL_R 0.643213
482.380000 : HUMAN_MODEL C_DANGER -1.000000 
482.380000 : HUMAN_MODEL C_PASSBY 0.124884
482.380000000 : H 11.2023 6.18002 2.33789
482.380000000 : LOG VEL_H 0.400000
482.380000000 : R 8.86565 8.19661 2.96346
482.380000000 : LOG VEL_R 0.692120
482.380000 : HUMAN_MODEL C_DANGER -1.000000 
482.380000 : HUMAN_MODEL C_PASSBY 0.149308
482.400000000 : H 11.1745 6.20882 2.33789
482.400000000 : LOG VEL_H 0.378947
482.400000000 : R 8.86565 8.19661 2.96346
482.400000000 : LOG VEL_R 0.692120
482.400000 : HUMAN_MODEL C_DANGER -1.000000 
482.400000 : HUMAN_MODEL C_PASSBY 0.163840
482.440000000 : H 11.1745 6.20882 2.33789
482.440000000 : LOG VEL_H 0.378947
482.440000000 : R 8.86565 8.19661 2.96346
482.440000000 : LOG VEL_R 0.692120
482.440000 : HUMAN_MODEL C_DANGER -1.000000 
482.440000 : HUMAN_MODEL C_PASSBY 0.163840
482.480000000 : H 11.1745 6.20882 2.33789
482.480000000 : LOG VEL_H 0.378947
482.480000000 : R 8.86565 8.19661 2.96346
482.480000000 : LOG VEL_R 0.692120
482.480000 : HUMAN_MODEL C_DANGER -1.000000 
482.480000 : HUMAN_MODEL C_PASSBY 0.163840
482.480000000 : R 8.79719 8.20678 2.98604
482.480000000 : LOG VEL_R 0.700001
482.540000000 : H 11.1482 6.2361 2.33789
482.540000000 : LOG VEL_H 0.378947
482.540000000 : R 8.79719 8.20678 2.98604
482.540000000 : LOG VEL_R 0.700001
482.540000 : HUMAN_MODEL C_DANGER -1.000000 
482.540000 : HUMAN_MODEL C_PASSBY 0.172720
482.580000000 : H 11.1482 6.2361 2.33789
482.580000000 : LOG VEL_H 0.378947
482.580000000 : R 8.79719 8.20678 2.98604
482.580000000 : LOG VEL_R 0.700001
482.580000 : HUMAN_MODEL C_DANGER -1.000000 
482.580000 : HUMAN_MODEL C_PASSBY 0.172720
482.620000000 : H 11.1482 6.2361 2.33789
482.620000000 : LOG VEL_H 0.378947
482.620000000 : R 8.72791 8.21675 3.01328
482.620000000 : LOG VEL_R 0.696058
482.620000 : HUMAN_MODEL C_DANGER -1.000000 
482.620000 : HUMAN_MODEL C_PASSBY 0.177193
482.680000000 : H 11.1219 6.26338 2.33789
482.680000000 : LOG VEL_H 0.400000
482.680000000 : R 8.72791 8.21675 3.01328
482.680000000 : LOG VEL_R 0.696058
482.680000 : HUMAN_MODEL C_DANGER -1.000000 
482.680000 : HUMAN_MODEL C_PASSBY 0.170084
482.680000000 : R 8.72791 8.21675 3.01328
482.680000000 : LOG VEL_R 0.696058
482.680000000 : H 11.1219 6.26338 2.33789
482.680000000 : LOG VEL_H 0.400000
482.680000000 : R 8.65902 8.22673 3.04561
482.680000000 : LOG VEL_R 0.700740
482.680000 : HUMAN_MODEL C_DANGER -1.000000 
482.680000 : HUMAN_MODEL C_PASSBY 0.177962
482.700000000 : H 11.0942 6.29218 2.33789
482.700000000 : LOG VEL_H 0.378947
482.700000000 : R 8.65902 8.22673 3.04561
482.700000000 : LOG VEL_R 0.700740
482.700000 : HUMAN_MODEL C_DANGER -1.000000 
482.700000 : HUMAN_MODEL C_PASSBY 0.193472
482.740000000 : H 11.0942 6.29218 2.33789
482.740000000 : LOG VEL_H 0.378947
482.740000000 : R 8.65902 8.22673 3.04561
482.740000000 : LOG VEL_R 0.700740
482.740000 : HUMAN_MODEL C_DANGER -1.000000 
482.740000 : HUMAN_MODEL C_PASSBY 0.193472
482.780000000 : H 11.0942 6.29218 2.33789
482.780000000 : LOG VEL_H 0.378947
482.780000000 : R 8.65902 8.22673 3.04561
482.780000000 : LOG VEL_R 0.700740
482.780000 : HUMAN_MODEL C_DANGER -1.000000 
482.780000 : HUMAN_MODEL C_PASSBY 0.193472
482.780000000 : R 8.58952 8.2356 3.08308
482.780000000 : LOG VEL_R 0.700740
482.840000000 : H 11.0679 6.31946 2.33789
482.840000000 : LOG VEL_H 0.400000
482.840000000 : R 8.58952 8.2356 3.08308
482.840000000 : LOG VEL_R 0.700740
482.840000 : HUMAN_MODEL C_DANGER -1.000000 
482.840000 : HUMAN_MODEL C_PASSBY 0.183591
482.880000000 : H 11.0679 6.31946 2.33789
482.880000000 : LOG VEL_H 0.400000
482.880000000 : R 8.58952 8.2356 3.08308
482.880000000 : LOG VEL_R 0.700740
482.880000 : HUMAN_MODEL C_DANGER -1.000000 
482.880000 : HUMAN_MODEL C_PASSBY 0.183591
482.940000000 : R 8.51973 8.24186 3.12054
482.940000000 : LOG VEL_R 0.000000
482.940000000 : R 8.51973 8.24186 3.12054
482.940000000 : LOG VEL_R 0.000000
482.980000000 : H 11.0399 6.34808 2.35368
482.980000000 : LOG VEL_H 0.378947
482.980000000 : R 8.51973 8.24186 3.12054
482.980000000 : LOG VEL_R 0.000000

482.980000000 : R 8.51973 8.24186 3.12054
482.980000000 : LOG VEL_R 0.000000
482.980000000 : R 8.51973 8.24186 3.12054
482.980000000 : LOG VEL_R 0.000000
483.000000000 : H 11.0134 6.37511 2.33789
483.000000000 : LOG VEL_H 0.378947
483.000000000 : R 8.51973 8.24186 3.12054
483.000000000 : LOG VEL_R 0.000000

483.060000000 : H 11.0134 6.37511 2.33789
483.060000000 : LOG VEL_H 0.378947
483.060000000 : R 8.51973 8.24186 3.12054
483.060000000 : LOG VEL_R 0.000000

483.080000000 : H 11.0134 6.37511 2.33789
483.080000000 : LOG VEL_H 0.378947
483.080000000 : R 8.51973 8.24186 3.12054
483.080000000 : LOG VEL_R 0.000000

483.140000000 : H 10.9872 6.40256 2.3221
483.140000000 : LOG VEL_H 0.378947
483.140000000 : R 8.51973 8.24186 3.12054
483.140000000 : LOG VEL_R 0.000000

483.180000000 : H 10.9872 6.40256 2.3221
483.180000000 : LOG VEL_H 0.378947
483.180000000 : R 8.51973 8.24186 3.12054
483.180000000 : LOG VEL_R 0.000000

483.220000000 : H 10.9872 6.40256 2.3221
483.220000000 : LOG VEL_H 0.378947
483.220000000 : R 8.51973 8.24186 3.12054
483.220000000 : LOG VEL_R 0.000000

483.260000000 : H 10.9614 6.43025 2.3221
483.280000000 : LOG VEL_H 0.378947
483.280000000 : R 8.51973 8.24186 3.12054
483.280000000 : LOG VEL_R 0.000000

Phase : 32 social fragile
484.440000000 : R 8.51973 8.24186 3.12054
484.440000000 : LOG VEL_R 0.000000
484.480000000 : R 8.51973 8.24186 3.12054
484.480000000 : LOG VEL_R 0.000000
484.540000000 : R 8.51973 8.24186 3.12054
484.540000000 : LOG VEL_R 0.000000
484.580000000 : R 8.51973 8.24186 3.12054
484.580000000 : LOG VEL_R 0.000000
484.580000000 : R 8.51973 8.24186 3.12054
484.580000000 : LOG VEL_R 0.000000
484.620000000 : R 8.51973 8.24186 3.12054
484.620000000 : LOG VEL_R 0.133655
484.660000000 : R 8.51973 8.24186 3.12054
484.660000000 : LOG VEL_R 0.133655
484.720000000 : R 8.50786 8.23572 3.12836
484.720000000 : LOG VEL_R 0.133655
484.720000000 : R 8.50786 8.23572 3.12836
484.720000000 : LOG VEL_R 0.133655
484.720000000 : R 8.50786 8.23572 3.12836
484.720000000 : LOG VEL_R 0.133655
484.740000000 : R 8.50786 8.23572 3.12836
484.740000000 : LOG VEL_R 0.133655
484.780000000 : R 8.50786 8.23572 3.12836
484.780000000 : LOG VEL_R 0.133655
484.840000000 : R 8.49604 8.22948 3.13618
484.840000000 : LOG VEL_R 0.235850
484.840000000 : R 8.49604 8.22948 3.13618
484.840000000 : LOG VEL_R 0.235850
484.880000000 : R 8.49604 8.22948 3.13618
484.880000000 : LOG VEL_R 0.235850
484.880000000 : R 8.47597 8.2171 -3.13594
484.880000000 : LOG VEL_R 0.235106
484.900000000 : R 8.47597 8.2171 -3.13594
484.900000000 : LOG VEL_R 0.235106
484.940000000 : R 8.47597 8.2171 -3.13594
484.940000000 : LOG VEL_R 0.235106
484.940000000 : R 8.47597 8.2171 -3.13594
484.940000000 : LOG VEL_R 0.235106
484.980000000 : R 8.45595 8.20477 -3.12437
484.980000000 : LOG VEL_R 0.399301
485.040000000 : R 8.45595 8.20477 -3.12437
485.040000000 : LOG VEL_R 0.399301
485.080000000 : R 8.45595 8.20477 -3.12437
485.080000000 : LOG VEL_R 0.399301
485.120000000 : R 8.42025 8.18688 -3.09886
485.120000000 : LOG VEL_R 0.539600
485.180000000 : R 8.42025 8.18688 -3.09886
485.180000000 : LOG VEL_R 0.539600
485.180000000 : R 8.42025 8.18688 -3.09886
485.180000000 : LOG VEL_R 0.539600
485.180000000 : R 8.37151 8.16372 -3.05946
485.180000000 : LOG VEL_R 0.539600
485.200000000 : R 8.37151 8.16372 -3.05946
485.200000000 : LOG VEL_R 0.539600
485.240000000 : R 8.37151 8.16372 -3.05946
485.240000000 : LOG VEL_R 0.539600
485.280000000 : R 8.32373 8.13867 -3.02006
485.280000000 : LOG VEL_R 0.654159
485.340000000 : R 8.32373 8.13867 -3.02006
485.340000000 : LOG VEL_R 0.654159
485.380000000 : R 8.32373 8.13867 -3.02006
485.380000000 : LOG VEL_R 0.654159
485.420000000 : R 8.26628 8.1074 -2.97132
485.420000000 : LOG VEL_R 0.722281
485.420000000 : R 8.26628 8.1074 -2.97132
485.420000000 : LOG VEL_R 0.722281
485.480000000 : R 8.26628 8.1074 -2.97132
485.480000000 : LOG VEL_R 0.722281
485.480000000 : R 8.20256 8.07341 -2.91274
485.480000000 : LOG VEL_R 0.723065
485.500000000 : R 8.20256 8.07341 -2.91274
485.500000000 : LOG VEL_R 0.723065
485.540000000 : R 8.20256 8.07341 -2.91274
485.540000000 : LOG VEL_R 0.723065
485.580000000 : R 8.20256 8.07341 -2.91274
485.580000000 : LOG VEL_R 0.723065
485.580000000 : R 8.13924 8.03852 -2.85898
485.580000000 : LOG VEL_R 0.713767
485.640000000 : R 8.13924 8.03852 -2.85898
485.640000000 : LOG VEL_R 0.713767
485.680000000 : R 8.13924 8.03852 -2.85898
485.680000000 : LOG VEL_R 0.713767
485.720000000 : R 8.07653 8.00442 -2.81225
485.720000000 : LOG VEL_R 0.713767
485.720000000 : R 8.07653 8.00442 -2.81225
485.720000000 : LOG VEL_R 0.713767
485.780000000 : R 8.07653 8.00442 -2.81225
485.780000000 : LOG VEL_R 0.713767
485.780000000 : R 8.07653 8.00442 -2.81225
485.780000000 : LOG VEL_R 0.713767
485.780000000 : R 8.01549 7.96744 -2.76552
485.780000000 : LOG VEL_R 0.704394
485.800000000 : R 8.01549 7.96744 -2.76552
485.800000000 : LOG VEL_R 0.704394
485.840000000 : R 8.01549 7.96744 -2.76552
485.840000000 : LOG VEL_R 0.704394
485.880000000 : R 7.95378 7.9335 -2.7282
485.880000000 : LOG VEL_R 0.702729
485.940000000 : R 7.95378 7.9335 -2.7282
485.940000000 : LOG VEL_R 0.702729
485.980000000 : R 7.95378 7.9335 -2.7282
485.980000000 : LOG VEL_R 0.702729
486.020000000 : R 7.89262 7.89889 -2.6945
486.020000000 : LOG VEL_R 0.701523
486.080000000 : R 7.89262 7.89889 -2.6945
486.080000000 : LOG VEL_R 0.701523
486.080000000 : R 7.83191 7.86375 -2.66539
486.080000000 : LOG VEL_R 0.707415
486.100000000 : R 7.83191 7.86375 -2.66539
486.100000000 : LOG VEL_R 0.707415
486.140000000 : R 7.83191 7.86375 -2.66539
486.140000000 : LOG VEL_R 0.707415
486.200000000 : R 7.77492 7.82183 -2.63261
486.200000000 : LOG VEL_R 0.707415
486.240000000 : R 7.77492 7.82183 -2.63261
486.240000000 : LOG VEL_R 0.707415
486.280000000 : R 7.77492 7.82183 -2.63261
486.280000000 : LOG VEL_R 0.707415
486.340000000 : R 7.71935 7.77807 -2.59982
486.340000000 : LOG VEL_R 0.701159
486.340000000 : R 7.71935 7.77807 -2.59982
486.340000000 : LOG VEL_R 0.701159
486.380000000 : R 7.71935 7.77807 -2.59982
486.380000000 : LOG VEL_R 0.701159
486.380000000 : R 7.71935 7.77807 -2.59982
486.380000000 : LOG VEL_R 0.701159
486.380000000 : R 7.66184 7.73795 -2.57507
486.380000000 : LOG VEL_R 0.700470
486.400000000 : R 7.66184 7.73795 -2.57507
486.400000000 : LOG VEL_R 0.700470
486.460000000 : R 7.66184 7.73795 -2.57507
486.460000000 : LOG VEL_R 0.700470
486.480000000 : R 7.66184 7.73795 -2.57507
486.480000000 : LOG VEL_R 0.700470
486.480000000 : R 7.60452 7.69771 -2.55272
486.480000000 : LOG VEL_R 0.704621
486.540000000 : R 7.60452 7.69771 -2.55272
486.540000000 : LOG VEL_R 0.704621
486.580000000 : R 7.60452 7.69771 -2.55272
486.580000000 : LOG VEL_R 0.704621
486.620000000 : R 7.55111 7.65174 -2.53473
486.620000000 : LOG VEL_R 0.702473
486.660000000 : R 7.55111 7.65174 -2.53473
486.660000000 : LOG VEL_R 0.702473
486.660000000 : R 7.55111 7.65174 -2.53473
486.660000000 : LOG VEL_R 0.702473
486.700000000 : R 7.49737 7.60651 -2.51261
486.700000000 : LOG VEL_R 0.702473
486.720000000 : R 7.49737 7.60651 -2.51261
486.720000000 : LOG VEL_R 0.702473
486.740000000 : R 7.49737 7.60651 -2.51261
486.740000000 : LOG VEL_R 0.702473
486.780000000 : R 7.44464 7.5601 -2.49049
486.780000000 : LOG VEL_R 0.700849
486.840000000 : R 7.44464 7.5601 -2.49049
486.840000000 : LOG VEL_R 0.700849
486.880000000 : R 7.44464 7.5601 -2.49049
486.880000000 : LOG VEL_R 0.700849
486.880000000 : R 7.44464 7.5601 -2.49049
486.880000000 : LOG VEL_R 0.700849
486.920000000 : R 7.39127 7.51466 -2.47811
486.920000000 : LOG VEL_R 0.701601
486.980000000 : R 7.39127 7.51466 -2.47811
486.980000000 : LOG VEL_R 0.701601
487.020000000 : R 7.33931 7.46752 -2.46378
487.020000000 : LOG VEL_R 0.700652
487.020000000 : R 7.33931 7.46752 -2.46378
487.020000000 : LOG VEL_R 0.700652
487.020000000 : R 7.33931 7.46752 -2.46378
487.020000000 : LOG VEL_R 0.700652
487.040000000 : R 7.33931 7.46752 -2.46378
487.040000000 : LOG VEL_R 0.700652
487.080000000 : R 7.33931 7.46752 -2.46378
487.080000000 : LOG VEL_R 0.700652
487.140000000 : R 7.28675 7.42119 -2.46003
487.140000000 : LOG VEL_R 0.700564
487.180000000 : R 7.28675 7.42119 -2.46003
487.180000000 : LOG VEL_R 0.700564
487.180000000 : R 7.28675 7.42119 -2.46003
487.180000000 : LOG VEL_R 0.700564
487.180000000 : R 7.2341 7.37498 -2.46326
487.180000000 : LOG VEL_R 0.700564
487.200000000 : R 7.2341 7.37498 -2.46326
487.200000000 : LOG VEL_R 0.700564
487.240000000 : R 7.2341 7.37498 -2.46326
487.240000000 : LOG VEL_R 0.700564
487.280000000 : R 7.1813 7.32893 -2.46648
487.280000000 : LOG VEL_R 0.700608
487.340000000 : R 7.1813 7.32893 -2.46648
487.340000000 : LOG VEL_R 0.700608
487.380000000 : R 7.1813 7.32893 -2.46648
487.380000000 : LOG VEL_R 0.700608
487.420000000 : R 7.12835 7.28306 -2.47377
487.420000000 : LOG VEL_R 0.701072
487.440000000 : R 7.12835 7.28306 -2.47377
487.440000000 : LOG VEL_R 0.701072
487.480000000 : R 7.12835 7.28306 -2.47377
487.480000000 : LOG VEL_R 0.701072
487.480000000 : R 7.07582 7.23662 -2.47177
487.480000000 : LOG VEL_R 0.701997
487.500000000 : R 7.07582 7.23662 -2.47177
487.500000000 : LOG VEL_R 0.701997
487.540000000 : R 7.07582 7.23662 -2.47177
487.540000000 : LOG VEL_R 0.701997
487.580000000 : R 7.07582 7.23662 -2.47177
487.580000000 : LOG VEL_R 0.701997
487.580000000 : R 7.02426 7.18899 -2.47034
487.580000000 : LOG VEL_R 0.701612
487.640000000 : R 7.02426 7.18899 -2.47034
487.640000000 : LOG VEL_R 0.701612
487.680000000 : R 7.02426 7.18899 -2.47034
487.680000000 : LOG VEL_R 0.701612
487.720000000 : R 6.97254 7.14158 -2.46325
487.740000000 : LOG VEL_R 0.701612
487.740000000 : R 6.97254 7.14158 -2.46325
487.740000000 : LOG VEL_R 0.701612
487.780000000 : R 6.97254 7.14158 -2.46325
487.780000000 : LOG VEL_R 0.701612
487.780000000 : R 6.92115 7.09381 -2.45616
487.780000000 : LOG VEL_R 0.700842
487.800000000 : R 6.92115 7.09381 -2.45616
487.800000000 : LOG VEL_R 0.700842
487.860000000 : R 6.92115 7.09381 -2.45616
487.860000000 : LOG VEL_R 0.700842
487.860000000 : R 6.92115 7.09381 -2.45616
487.860000000 : LOG VEL_R 0.700842
487.880000000 : R 6.86935 7.0466 -2.44487
487.880000000 : LOG VEL_R 0.700982
487.940000000 : R 6.86935 7.0466 -2.44487
487.940000000 : LOG VEL_R 0.700982
487.980000000 : R 6.86935 7.0466 -2.44487
487.980000000 : LOG VEL_R 0.700982
488.020000000 : R 6.81833 6.99853 -2.4298
488.020000000 : LOG VEL_R 0.700510
488.020000000 : R 6.81833 6.99853 -2.4298
488.020000000 : LOG VEL_R 0.700510
488.060000000 : R 6.81833 6.99853 -2.4298
488.060000000 : LOG VEL_R 0.700510
488.120000000 : R 6.76744 6.9504 -2.41107
488.120000000 : LOG VEL_R 0.700885
488.120000000 : R 6.76744 6.9504 -2.41107
488.120000000 : LOG VEL_R 0.700885
488.120000000 : R 6.76744 6.9504 -2.41107
488.120000000 : LOG VEL_R 0.700885
488.140000000 : R 6.76744 6.9504 -2.41107
488.140000000 : LOG VEL_R 0.700885
488.180000000 : R 6.76744 6.9504 -2.41107
488.180000000 : LOG VEL_R 0.700885
488.240000000 : R 6.71813 6.90059 -2.38676
488.240000000 : LOG VEL_R 0.700885
488.240000000 : R 6.71813 6.90059 -2.38676
488.240000000 : LOG VEL_R 0.700885
488.280000000 : R 6.71813 6.90059 -2.38676
488.280000000 : LOG VEL_R 0.700885
488.280000000 : R 6.71813 6.90059 -2.38676
488.280000000 : LOG VEL_R 0.700885
488.280000000 : R 6.67005 6.8496 -2.36245
488.280000000 : LOG VEL_R 0.700002
488.300000000 : R 6.67005 6.8496 -2.36245
488.300000000 : LOG VEL_R 0.700002
488.340000000 : R 6.67005 6.8496 -2.36245
488.340000000 : LOG VEL_R 0.700002
488.380000000 : R 6.62069 6.79997 -2.3341
488.380000000 : LOG VEL_R 0.700125
488.440000000 : R 6.62069 6.79997 -2.3341
488.440000000 : LOG VEL_R 0.700125
488.480000000 : R 6.62069 6.79997 -2.3341
488.480000000 : LOG VEL_R 0.700125
488.520000000 : R 6.57193 6.74973 -2.30449
488.520000000 : LOG VEL_R 0.700226
488.560000000 : R 6.57193 6.74973 -2.30449
488.560000000 : LOG VEL_R 0.700226
488.620000000 : R 6.52443 6.69828 -2.27078
488.620000000 : LOG VEL_R 0.701082
488.620000000 : R 6.52443 6.69828 -2.27078
488.620000000 : LOG VEL_R 0.701082
488.640000000 : R 6.52443 6.69828 -2.27078
488.640000000 : LOG VEL_R 0.701082
488.680000000 : R 6.52443 6.69828 -2.27078
488.680000000 : LOG VEL_R 0.701082
488.740000000 : R 6.47722 6.64646 -2.22924
488.740000000 : LOG VEL_R 0.701082
488.780000000 : R 6.47722 6.64646 -2.22924
488.780000000 : LOG VEL_R 0.701082
488.780000000 : R 6.43219 6.59273 -2.1877
488.780000000 : LOG VEL_R 0.704430
488.800000000 : R 6.43219 6.59273 -2.1877
488.800000000 : LOG VEL_R 0.704430
488.840000000 : R 6.43219 6.59273 -2.1877
488.860000000 : LOG VEL_R 0.704430
488.880000000 : R 6.43219 6.59273 -2.1877
488.880000000 : LOG VEL_R 0.704430
488.880000000 : R 6.38626 6.53933 -2.14072
488.880000000 : LOG VEL_R 0.704361
488.940000000 : R 6.38626 6.53933 -2.14072
488.940000000 : LOG VEL_R 0.704361
488.980000000 : R 6.38626 6.53933 -2.14072
488.980000000 : LOG VEL_R 0.704361
489.020000000 : R 6.34305 6.48372 -2.08917
489.020000000 : LOG VEL_R 0.707525
489.020000000 : R 6.34305 6.48372 -2.08917
489.020000000 : LOG VEL_R 0.707525
489.060000000 : R 6.34305 6.48372 -2.08917
489.060000000 : LOG VEL_R 0.707525
489.060000000 : R 6.34305 6.48372 -2.08917
489.060000000 : LOG VEL_R 0.707525
489.120000000 : R 6.30065 6.42709 -2.03509
489.120000000 : LOG VEL_R 0.718091
489.120000000 : R 6.30065 6.42709 -2.03509
489.120000000 : LOG VEL_R 0.718091
489.120000000 : R 6.30065 6.42709 -2.03509
489.120000000 : LOG VEL_R 0.718091
489.140000000 : R 6.30065 6.42709 -2.03509
489.140000000 : LOG VEL_R 0.718091
489.180000000 : R 6.30065 6.42709 -2.03509
489.180000000 : LOG VEL_R 0.718091
489.240000000 : R 6.25634 6.37059 -1.97438
489.240000000 : LOG VEL_R 0.718091
489.280000000 : R 6.25634 6.37059 -1.97438
489.280000000 : LOG VEL_R 0.718091
489.280000000 : R 6.21555 6.3115 -1.91368
489.280000000 : LOG VEL_R 0.724841
489.300000000 : R 6.21555 6.3115 -1.91368
489.300000000 : LOG VEL_R 0.724841
489.360000000 : R 6.21555 6.3115 -1.91368
489.360000000 : LOG VEL_R 0.724841
489.380000000 : R 6.17427 6.25193 -1.85239
489.380000000 : LOG VEL_R 0.731677
489.440000000 : R 6.17427 6.25193 -1.85239
489.440000000 : LOG VEL_R 0.731677
489.480000000 : R 6.17427 6.25193 -1.85239
489.480000000 : LOG VEL_R 0.731677
489.520000000 : R 6.13349 6.1912 -1.78622
489.520000000 : LOG VEL_R 0.740872
489.560000000 : R 6.13349 6.1912 -1.78622
489.560000000 : LOG VEL_R 0.740872
489.560000000 : R 6.13349 6.1912 -1.78622
489.560000000 : LOG VEL_R 0.740872
489.620000000 : R 6.09394 6.12857 -1.71593
489.620000000 : LOG VEL_R 0.728609
489.620000000 : R 6.09394 6.12857 -1.71593
489.620000000 : LOG VEL_R 0.728609
489.620000000 : R 6.09394 6.12857 -1.71593
489.620000000 : LOG VEL_R 0.728609
489.640000000 : R 6.09394 6.12857 -1.71593
489.640000000 : LOG VEL_R 0.728609
489.680000000 : R 6.09394 6.12857 -1.71593
489.680000000 : LOG VEL_R 0.728609
489.740000000 : R 6.05654 6.06606 -1.64357
489.740000000 : LOG VEL_R 0.728609
489.780000000 : R 6.05654 6.06606 -1.64357
489.780000000 : LOG VEL_R 0.728609
489.780000000 : R 6.02376 6.001 -1.57122
489.780000000 : LOG VEL_R 0.345290
489.800000000 : R 6.02376 6.001 -1.57122
489.800000000 : LOG VEL_R 0.345290
489.840000000 : R 6.02376 6.001 -1.57122
489.840000000 : LOG VEL_R 0.345290
489.880000000 : R 6.02376 6.001 -1.57122
489.880000000 : LOG VEL_R 0.345290
489.940000000 : R 6.00915 5.96972 -1.53526
489.940000000 : LOG VEL_R 0.000000
489.980000000 : R 6.00915 5.96972 -1.53526
489.980000000 : LOG VEL_R 0.000000
489.980000000 : R 6.00915 5.96972 -1.53526
489.980000000 : LOG VEL_R 0.000000
490.000000000 : R 6.00915 5.96972 -1.53526
490.000000000 : LOG VEL_R 0.000000
490.060000000 : R 6.00915 5.96972 -1.53526
490.060000000 : LOG VEL_R 0.000000
490.060000000 : R 6.00915 5.96972 -1.53526
490.060000000 : LOG VEL_R 0.000000
490.080000000 : R 6.00915 5.96972 -1.53526
490.080000000 : LOG VEL_R 0.000000
490.080000000 : R 6.00915 5.96972 -1.53526
490.080000000 : LOG VEL_R 0.000000
490.140000000 : R 6.00915 5.96972 -1.53526
490.140000000 : LOG VEL_R 0.000000
490.180000000 : R 6.00915 5.96972 -1.53526
490.180000000 : LOG VEL_R 0.000000
490.220000000 : R 6.00915 5.96972 -1.53526
490.220000000 : LOG VEL_R 0.000000
490.280000000 : R 6.00915 5.96972 -1.53526
490.280000000 : LOG VEL_R 0.000000
490.280000000 : R 6.00915 5.96972 -1.53526
490.280000000 : LOG VEL_R 0.000000
Phase : 33 interaction fragile
491.480000000 : R 6.00915 5.96972 -1.53526
491.480000000 : LOG VEL_R 0.000000
491.540000000 : R 6.00915 5.96972 -1.53526
491.540000000 : LOG VEL_R 0.000000
491.540000000 : R 6.00915 5.96972 -1.53526
491.540000000 : LOG VEL_R 0.000000
491.580000000 : R 6.00915 5.96972 -1.53526
491.580000000 : LOG VEL_R 0.000000
491.580000000 : R 6.00915 5.96972 -1.53526
491.580000000 : LOG VEL_R 0.000000
491.580000000 : R 6.00915 5.96972 -1.53526
491.580000000 : LOG VEL_R 0.000000
491.600000000 : R 6.00915 5.96972 -1.53526
491.600000000 : LOG VEL_R 0.000000
491.660000000 : R 6.00915 5.96972 -1.53526
491.660000000 : LOG VEL_R 0.000000
491.680000000 : R 6.00915 5.96972 -1.53526
491.680000000 : LOG VEL_R 0.000000
491.680000000 : R 6.00915 5.96972 -1.53526
491.680000000 : LOG VEL_R 0.115681
491.740000000 : R 6.00915 5.96972 -1.53526
491.740000000 : LOG VEL_R 0.115681
491.780000000 : R 6.00915 5.96972 -1.53526
491.780000000 : LOG VEL_R 0.115681
491.820000000 : R 6.00271 5.96011 -1.54814
491.820000000 : LOG VEL_R 0.212134
491.880000000 : R 6.00271 5.96011 -1.54814
491.880000000 : LOG VEL_R 0.212134
491.880000000 : R 6.00271 5.96011 -1.54814
491.880000000 : LOG VEL_R 0.212134
491.920000000 : R 5.98934 5.94364 -1.57128
491.920000000 : LOG VEL_R 0.287143
491.920000000 : R 5.98934 5.94364 -1.57128
491.920000000 : LOG VEL_R 0.287143
491.940000000 : R 5.98934 5.94364 -1.57128
491.940000000 : LOG VEL_R 0.287143
491.980000000 : R 5.98934 5.94364 -1.57128
491.980000000 : LOG VEL_R 0.287143
492.040000000 : R 5.97138 5.92124 -1.60331
492.040000000 : LOG VEL_R 0.350826
492.040000000 : R 5.97138 5.92124 -1.60331
492.040000000 : LOG VEL_R 0.350826
492.080000000 : R 5.97138 5.92124 -1.60331
492.080000000 : LOG VEL_R 0.350826
492.080000000 : R 5.94859 5.89457 -1.64216
492.080000000 : LOG VEL_R 0.350826
492.100000000 : R 5.94859 5.89457 -1.64216
492.100000000 : LOG VEL_R 0.350826
492.140000000 : R 5.94859 5.89457 -1.64216
492.140000000 : LOG VEL_R 0.350826
492.180000000 : R 5.94859 5.89457 -1.64216
492.180000000 : LOG VEL_R 0.350826
492.180000000 : R 5.92479 5.8688 -1.68101
492.180000000 : LOG VEL_R 0.508744
492.240000000 : R 5.92479 5.8688 -1.68101
492.240000000 : LOG VEL_R 0.508744
492.280000000 : R 5.92479 5.8688 -1.68101
492.280000000 : LOG VEL_R 0.508744
492.320000000 : R 5.88805 5.83361 -1.73636
492.320000000 : LOG VEL_R 0.622530
492.320000000 : R 5.88805 5.83361 -1.73636
492.320000000 : LOG VEL_R 0.622530
492.380000000 : R 5.88805 5.83361 -1.73636
492.380000000 : LOG VEL_R 0.622530
492.380000000 : R 5.84182 5.79195 -1.80503
492.380000000 : LOG VEL_R 0.700293
492.400000000 : R 5.84182 5.79195 -1.80503
492.400000000 : LOG VEL_R 0.700293
492.440000000 : R 5.84182 5.79195 -1.80503
492.440000000 : LOG VEL_R 0.700293
492.480000000 : R 5.84182 5.79195 -1.80503
492.480000000 : LOG VEL_R 0.700293
492.480000000 : R 5.78946 5.74547 -1.88602
492.480000000 : LOG VEL_R 0.728312
492.540000000 : R 5.78946 5.74547 -1.88602
492.540000000 : LOG VEL_R 0.728312
492.580000000 : R 5.78946 5.74547 -1.88602
492.580000000 : LOG VEL_R 0.728312
492.620000000 : R 5.73303 5.69947 -1.97754
492.620000000 : LOG VEL_R 0.728312
492.680000000 : R 5.73303 5.69947 -1.97754
492.680000000 : LOG VEL_R 0.728312
492.680000000 : R 5.73303 5.69947 -1.97754
492.680000000 : LOG VEL_R 0.728312
492.720000000 : R 5.67263 5.65881 -2.06905
492.720000000 : LOG VEL_R 0.789034
492.720000000 : R 5.67263 5.65881 -2.06905
492.720000000 : LOG VEL_R 0.789034
492.740000000 : R 5.67263 5.65881 -2.06905
492.740000000 : LOG VEL_R 0.789034
492.780000000 : R 5.67263 5.65881 -2.06905
492.780000000 : LOG VEL_R 0.789034
492.840000000 : R 5.60572 5.61703 -2.15557
492.840000000 : LOG VEL_R 0.781602
492.840000000 : R 5.60572 5.61703 -2.15557
492.840000000 : LOG VEL_R 0.781602
492.880000000 : R 5.60572 5.61703 -2.15557
492.880000000 : LOG VEL_R 0.781602
492.880000000 : R 5.60572 5.61703 -2.15557
492.880000000 : LOG VEL_R 0.781602
492.880000000 : R 5.53688 5.58006 -2.23623
492.880000000 : LOG VEL_R 0.765076
492.900000000 : R 5.53688 5.58006 -2.23623
492.900000000 : LOG VEL_R 0.765076
492.960000000 : R 5.53688 5.58006 -2.23623
492.960000000 : LOG VEL_R 0.765076
492.980000000 : R 5.46834 5.54611 -2.31119
492.980000000 : LOG VEL_R 0.768464
493.040000000 : R 5.46834 5.54611 -2.31119
493.040000000 : LOG VEL_R 0.768464
493.080000000 : R 5.46834 5.54611 -2.31119
493.080000000 : LOG VEL_R 0.768464
493.120000000 : R 5.39688 5.51787 -2.38303
493.120000000 : LOG VEL_R 0.768464
493.160000000 : R 5.39688 5.51787 -2.38303
493.160000000 : LOG VEL_R 0.768464
493.220000000 : R 5.32359 5.49484 -2.45487
493.220000000 : LOG VEL_R 0.739585
493.220000000 : R 5.32359 5.49484 -2.45487
493.220000000 : LOG VEL_R 0.739585
493.240000000 : R 5.32359 5.49484 -2.45487
493.240000000 : LOG VEL_R 0.739585
493.280000000 : R 5.32359 5.49484 -2.45487
493.280000000 : LOG VEL_R 0.739585
493.340000000 : R 5.25372 5.47061 -2.51543
493.340000000 : LOG VEL_R 0.737235
493.340000000 : R 5.25372 5.47061 -2.51543
493.340000000 : LOG VEL_R 0.737235
493.380000000 : R 5.25372 5.47061 -2.51543
493.380000000 : LOG VEL_R 0.737235
493.380000000 : R 5.25372 5.47061 -2.51543
493.380000000 : LOG VEL_R 0.737235
493.380000000 : R 5.18295 5.45001 -2.57491
493.380000000 : LOG VEL_R 0.726901
493.400000000 : R 5.18295 5.45001 -2.57491
493.400000000 : LOG VEL_R 0.726901
493.440000000 : R 5.18295 5.45001 -2.57491
493.440000000 : LOG VEL_R 0.726901
493.480000000 : R 5.18295 5.45001 -2.57491
493.480000000 : LOG VEL_R 0.726901
493.480000000 : R 5.11296 5.43039 -2.626
493.480000000 : LOG VEL_R 0.714440
493.540000000 : R 5.11296 5.43039 -2.626
493.540000000 : LOG VEL_R 0.714440
493.580000000 : R 5.11296 5.43039 -2.626
493.580000000 : LOG VEL_R 0.714440
493.620000000 : R 5.04453 5.4099 -2.68445
493.620000000 : LOG VEL_R 0.714440
493.660000000 : R 5.04453 5.4099 -2.68445
493.660000000 : LOG VEL_R 0.714440
493.660000000 : R 5.04453 5.4099 -2.68445
493.660000000 : LOG VEL_R 0.714440
493.720000000 : R 4.97501 5.39345 -2.7429
493.720000000 : LOG VEL_R 0.704875
493.720000000 : R 4.97501 5.39345 -2.7429
493.720000000 : LOG VEL_R 0.704875
493.720000000 : R 4.97501 5.39345 -2.7429
493.720000000 : LOG VEL_R 0.704875
493.740000000 : R 4.97501 5.39345 -2.7429
493.740000000 : LOG VEL_R 0.704875
493.780000000 : R 4.97501 5.39345 -2.7429
493.780000000 : LOG VEL_R 0.704875
493.840000000 : R 4.90696 5.37511 -2.78701
493.840000000 : LOG VEL_R 0.702681
493.880000000 : R 4.90696 5.37511 -2.78701
493.880000000 : LOG VEL_R 0.702681
493.880000000 : R 4.83889 5.35771 -2.8294
493.880000000 : LOG VEL_R 0.703998
493.900000000 : R 4.83889 5.35771 -2.8294
493.900000000 : LOG VEL_R 0.703998
493.940000000 : R 4.83889 5.35771 -2.8294
493.940000000 : LOG VEL_R 0.703998
493.980000000 : R 4.83889 5.35771 -2.8294
493.980000000 : LOG VEL_R 0.703998
493.980000000 : R 4.76979 5.34424 -2.8622
493.980000000 : LOG VEL_R 0.703583
494.040000000 : R 4.76979 5.34424 -2.8622
494.040000000 : LOG VEL_R 0.703583
494.080000000 : R 4.76979 5.34424 -2.8622
494.080000000 : LOG VEL_R 0.703583
494.120000000 : R 4.70042 5.33251 -2.88928
494.120000000 : LOG VEL_R 0.703583
494.180000000 : R 4.70042 5.33251 -2.88928
494.180000000 : LOG VEL_R 0.703583
494.180000000 : R 4.70042 5.33251 -2.88928
494.180000000 : LOG VEL_R 0.703583
494.220000000 : R 4.63076 5.32265 -2.91636
494.220000000 : LOG VEL_R 0.700043
494.220000000 : R 4.63076 5.32265 -2.91636
494.220000000 : LOG VEL_R 0.700043
494.220000000 : R 4.63076 5.32265 -2.91636
494.220000000 : LOG VEL_R 0.700043
494.240000000 : R 4.63076 5.32265 -2.91636
494.240000000 : LOG VEL_R 0.700043
494.280000000 : R 4.63076 5.32265 -2.91636
494.280000000 : LOG VEL_R 0.700043
494.340000000 : R 4.56227 5.30815 -2.93011
494.340000000 : LOG VEL_R 0.700006
494.380000000 : R 4.56227 5.30815 -2.93011
494.380000000 : LOG VEL_R 0.700006
494.380000000 : R 4.49369 5.29415 -2.94464
494.380000000 : LOG VEL_R 0.700199
494.400000000 : R 4.49369 5.29415 -2.94464
494.400000000 : LOG VEL_R 0.700199
494.460000000 : R 4.49369 5.29415 -2.94464
494.460000000 : LOG VEL_R 0.700199
494.480000000 : R 4.42468 5.28226 -2.95084
494.480000000 : LOG VEL_R 0.700401
494.540000000 : R 4.42468 5.28226 -2.95084
494.540000000 : LOG VEL_R 0.700401
494.540000000 : R 4.42468 5.28226 -2.95084
494.540000000 : LOG VEL_R 0.700401
494.580000000 : R 4.42468 5.28226 -2.95084
494.580000000 : LOG VEL_R 0.700401
494.620000000 : R 4.35548 5.27147 -2.95631
494.620000000 : LOG VEL_R 0.700401
494.660000000 : R 4.35548 5.27147 -2.95631
494.660000000 : LOG VEL_R 0.700401
494.660000000 : R 4.35548 5.27147 -2.95631
494.660000000 : LOG VEL_R 0.700401
494.720000000 : R 4.28622 5.26105 -2.96178
494.720000000 : LOG VEL_R 0.700000
494.720000000 : R 4.28622 5.26105 -2.96178
494.720000000 : LOG VEL_R 0.700000
494.720000000 : R 4.28622 5.26105 -2.96178
494.720000000 : LOG VEL_R 0.700000
494.740000000 : R 4.28622 5.26105 -2.96178
494.740000000 : LOG VEL_R 0.700000
494.780000000 : R 4.28622 5.26105 -2.96178
494.780000000 : LOG VEL_R 0.700000
494.840000000 : R 4.21738 5.24836 -2.95717
494.840000000 : LOG VEL_R 0.700057
494.880000000 : R 4.21738 5.24836 -2.95717
494.880000000 : LOG VEL_R 0.700057
494.880000000 : R 4.21738 5.24836 -2.95717
494.880000000 : LOG VEL_R 0.700057
494.880000000 : R 4.14877 5.23446 -2.95041
494.880000000 : LOG VEL_R 0.700040
494.900000000 : R 4.14877 5.23446 -2.95041
494.900000000 : LOG VEL_R 0.700040
494.960000000 : R 4.14877 5.23446 -2.95041
494.960000000 : LOG VEL_R 0.700040
494.980000000 : R 4.07997 5.22153 -2.93724
494.980000000 : LOG VEL_R 0.700006
495.040000000 : R 4.07997 5.22153 -2.93724
495.040000000 : LOG VEL_R 0.700006
495.080000000 : R 4.07997 5.22153 -2.93724
495.080000000 : LOG VEL_R 0.700006
495.120000000 : R 4.01146 5.20717 -2.9214
495.120000000 : LOG VEL_R 0.700006
495.180000000 : R 4.01146 5.20717 -2.9214
495.180000000 : LOG VEL_R 0.700006
495.220000000 : R 3.94318 5.19172 -2.90556
495.220000000 : LOG VEL_R 0.700058
495.220000000 : R 3.94318 5.19172 -2.90556
495.220000000 : LOG VEL_R 0.700058
495.240000000 : R 3.94318 5.19172 -2.90556
495.240000000 : LOG VEL_R 0.700058
495.280000000 : R 3.94318 5.19172 -2.90556
495.280000000 : LOG VEL_R 0.700058
495.340000000 : R 3.87553 5.17372 -2.87748
495.340000000 : LOG VEL_R 0.700001
495.380000000 : R 3.87553 5.17372 -2.87748
495.380000000 : LOG VEL_R 0.700001
495.380000000 : R 3.87553 5.17372 -2.87748
495.380000000 : LOG VEL_R 0.700001
495.380000000 : R 3.80815 5.15476 -2.84839
495.380000000 : LOG VEL_R 0.700120
495.400000000 : R 3.80815 5.15476 -2.84839
495.400000000 : LOG VEL_R 0.700120
495.460000000 : R 3.80815 5.15476 -2.84839
495.460000000 : LOG VEL_R 0.700120
495.480000000 : R 3.80815 5.15476 -2.84839
495.480000000 : LOG VEL_R 0.700120
495.480000000 : R 3.74105 5.13479 -2.81174
495.480000000 : LOG VEL_R 0.701014
495.540000000 : R 3.74105 5.13479 -2.81174
495.540000000 : LOG VEL_R 0.701014
495.580000000 : R 3.74105 5.13479 -2.81174
495.580000000 : LOG VEL_R 0.701014
495.620000000 : R 3.67388 5.11474 -2.7767
495.620000000 : LOG VEL_R 0.701014
495.660000000 : R 3.67388 5.11474 -2.7767
495.660000000 : LOG VEL_R 0.701014
495.660000000 : R 3.67388 5.11474 -2.7767
495.660000000 : LOG VEL_R 0.701014
495.720000000 : R 3.60746 5.09235 -2.74166
495.720000000 : LOG VEL_R 0.703977
495.720000000 : R 3.60746 5.09235 -2.74166
495.720000000 : LOG VEL_R 0.703977
495.740000000 : R 3.60746 5.09235 -2.74166
495.740000000 : LOG VEL_R 0.703977
495.780000000 : R 3.60746 5.09235 -2.74166
495.780000000 : LOG VEL_R 0.703977
495.840000000 : R 3.54042 5.07086 -2.70018
495.840000000 : LOG VEL_R 0.704275
495.880000000 : R 3.54042 5.07086 -2.70018
495.880000000 : LOG VEL_R 0.704275
495.880000000 : R 3.54042 5.07086 -2.70018
495.880000000 : LOG VEL_R 0.704275
495.880000000 : R 3.47429 5.04668 -2.65175
495.880000000 : LOG VEL_R 0.711884
495.900000000 : R 3.47429 5.04668 -2.65175
495.900000000 : LOG VEL_R 0.711884
495.960000000 : R 3.47429 5.04668 -2.65175
495.960000000 : LOG VEL_R 0.711884
495.980000000 : R 3.47429 5.04668 -2.65175
495.980000000 : LOG VEL_R 0.711884
495.980000000 : R 3.40689 5.02379 -2.60042
495.980000000 : LOG VEL_R 0.713805
496.040000000 : R 3.40689 5.02379 -2.60042
496.040000000 : LOG VEL_R 0.713805
496.080000000 : R 3.40689 5.02379 -2.60042
496.080000000 : LOG VEL_R 0.713805
496.120000000 : R 3.34024 4.99825 -2.54624
496.120000000 : LOG VEL_R 0.713805
496.180000000 : R 3.34024 4.99825 -2.54624
496.180000000 : LOG VEL_R 0.713805
496.180000000 : R 3.34024 4.99825 -2.54624
496.180000000 : LOG VEL_R 0.713805
496.180000000 : R 3.27507 4.96915 -2.49207
496.180000000 : LOG VEL_R 0.717331
496.200000000 : R 3.27507 4.96915 -2.49207
496.200000000 : LOG VEL_R 0.717331
496.260000000 : R 3.27507 4.96915 -2.49207
496.260000000 : LOG VEL_R 0.717331
496.280000000 : R 3.27507 4.96915 -2.49207
496.280000000 : LOG VEL_R 0.717331
496.280000000 : R 3.20963 4.93978 -2.43329
496.280000000 : LOG VEL_R 0.737714
496.360000000 : R 3.20963 4.93978 -2.43329
496.360000000 : LOG VEL_R 0.737714
496.380000000 : R 3.20963 4.93978 -2.43329
496.380000000 : LOG VEL_R 0.737714
496.380000000 : R 3.14209 4.91015 -2.36769
496.380000000 : LOG VEL_R 0.743503
496.440000000 : R 3.14209 4.91015 -2.36769
496.440000000 : LOG VEL_R 0.743503
496.480000000 : R 3.14209 4.91015 -2.36769
496.480000000 : LOG VEL_R 0.743503
496.540000000 : R 3.07519 4.87773 -2.30487
496.540000000 : LOG VEL_R 0.750152
496.580000000 : R 3.07519 4.87773 -2.30487
496.580000000 : LOG VEL_R 0.750152
496.580000000 : R 3.00825 4.8439 -2.23711
496.580000000 : LOG VEL_R 0.750152
496.600000000 : R 3.00825 4.8439 -2.23711
496.600000000 : LOG VEL_R 0.750152
496.640000000 : R 3.00825 4.8439 -2.23711
496.640000000 : LOG VEL_R 0.750152
496.680000000 : R 3.00825 4.8439 -2.23711
496.680000000 : LOG VEL_R 0.750152
496.680000000 : R 2.94376 4.80562 -2.16936
496.680000000 : LOG VEL_R 0.770298
496.740000000 : R 2.94376 4.80562 -2.16936
496.740000000 : LOG VEL_R 0.770298
496.780000000 : R 2.94376 4.80562 -2.16936
496.780000000 : LOG VEL_R 0.770298
496.820000000 : R 2.8787 4.76441 -2.09326
496.820000000 : LOG VEL_R 0.791301
496.860000000 : R 2.8787 4.76441 -2.09326
496.860000000 : LOG VEL_R 0.791301
496.920000000 : R 2.81321 4.72004 -2.01252
496.920000000 : LOG VEL_R 0.784609
496.920000000 : R 2.81321 4.72004 -2.01252
496.920000000 : LOG VEL_R 0.784609
496.920000000 : R 2.81321 4.72004 -2.01252
496.920000000 : LOG VEL_R 0.784609
496.940000000 : R 2.81321 4.72004 -2.01252
496.940000000 : LOG VEL_R 0.784609
496.980000000 : R 2.81321 4.72004 -2.01252
496.980000000 : LOG VEL_R 0.784609
497.020000000 : R 2.74931 4.67454 -1.92874
497.020000000 : LOG VEL_R 0.762559
497.080000000 : R 2.74931 4.67454 -1.92874
497.080000000 : LOG VEL_R 0.762559
497.080000000 : R 2.74931 4.67454 -1.92874
497.080000000 : LOG VEL_R 0.762559
497.080000000 : R 2.68652 4.63132 -1.83847
497.080000000 : LOG VEL_R 0.762559
497.100000000 : R 2.68652 4.63132 -1.83847
497.100000000 : LOG VEL_R 0.762559
497.140000000 : R 2.68652 4.63132 -1.83847
497.140000000 : LOG VEL_R 0.762559
497.180000000 : R 2.68652 4.63132 -1.83847
497.180000000 : LOG VEL_R 0.762559
497.180000000 : R 2.62787 4.58261 -1.7482
497.180000000 : LOG VEL_R 0.749820
497.240000000 : R 2.62787 4.58261 -1.7482
497.240000000 : LOG VEL_R 0.749820
497.280000000 : R 2.62787 4.58261 -1.7482
497.280000000 : LOG VEL_R 0.749820
497.320000000 : R 2.57101 4.53379 -1.65433
497.320000000 : LOG VEL_R 0.726224
